=== START Wed Sep  2 22:43:14 BST 2026 ===
--- services down at Wed Sep  2 22:43:21 BST 2026
--- LEAD-IN 20s: leave the headset SITTING STILL ON A TABLE, facing a textured scene
--- CAPTURE START Wed Sep  2 22:43:41 BST 2026
cam_direct — B1 bring-up (stage=capture cam=0)
[+] dlopen /system/vendor/lib64/libqcameraoculushal.so -> 0xd25b16ce03d3c4f3
[+] all 14 qcamera_* symbols resolved

=== STAGE 0b: syncboss camera power + FSIN strobe ===
[+] open /dev/syncboss_stream0 -> fd 3
[+] open /dev/syncboss0 -> fd 4
[+] raw syncboss CAMERA_PROBE (type 40) -> write 3
[+] dlopen /system/vendor/lib64/libsyncboss.so -> 0x73b63e171c4f9b7
[+] syncboss_init(&handle, NULL) rc=0 handle=0x7df8c0a9c0
[+] syncboss_camera_probe rc=0 out=0x0f
[*] set_bpp(8) rc=0
[*] camera_init(4) rc=0

=== STAGE 1: enumerate ===
[+] qcamera_open(0) -> 0x7df8c1f690
hal context (0x7df8c1f690, 112 bytes):
  +0x00 00 00 00 00 00 00 00 00 00 00 00 00 00 00 00 00  |................|
  +0x10 00 00 00 00 00 00 00 00 00 00 00 00 00 00 00 00  |................|
  +0x20 00 00 00 00 00 00 00 00 00 00 00 00 00 00 00 00  |................|
  +0x30 10 a1 c1 f8 7d 00 00 00 00 00 00 00 00 00 00 00  |....}...........|
  +0x40 00 00 00 00 00 00 00 00 04 00 00 00 00 00 00 00  |................|
  +0x50 00 00 00 00 00 00 00 00 00 00 00 00 00 00 00 00  |................|
  +0x60 00 00 00 00 00 00 00 00 00 00 00 00 00 00 00 00  |................|
  w6  +0x30 = 0x0000007df8c1a110  (541044351248)
  w9  +0x48 = 0x0000000000000004  (4)
[+] qcamera_num_sensors() = 4  (expect 4)

[+] qcamera_get_sensor(hal, 0) -> 0x7df8c06c00
sensor object (0x7df8c06c00, 128 bytes):
  +0x00 90 f6 c1 f8 7d 00 00 00 00 00 00 00 00 00 00 00  |....}...........|
  +0x10 00 00 00 00 00 00 00 00 00 09 c0 f8 7d 00 00 00  |............}...|
  +0x20 30 09 c0 f8 7d 00 00 00 00 00 00 00 00 00 00 00  |0...}...........|
  +0x30 00 00 00 00 00 00 00 00 00 00 00 00 00 00 00 00  |................|
  +0x40 00 00 00 00 00 00 00 00 00 00 00 00 00 00 00 00  |................|
  +0x50 00 00 00 00 00 00 00 00 00 00 00 00 00 00 00 00  |................|
  +0x60 00 00 00 00 00 00 00 00 00 00 00 00 00 00 00 00  |................|
  +0x70 00 6c c0 f8 7d 00 00 00 00 00 00 00 00 00 00 00  |.l..}...........|
  w0  +0x00 = 0x0000007df8c1f690  (541044373136)
  w3  +0x18 = 0x0000007df8c00900  (541044246784)
  w4  +0x20 = 0x0000007df8c00930  (541044246832)
  w14 +0x70 = 0x0000007df8c06c00  (541044272128)
  qcamera_get_sensor_dim -> 0x7df8c06c10  {w=0 h=0}
  sensor+0x18 (capability?) = 0x7df8c00900
  capability (0x7df8c00900, 96 bytes):
  +0x00 00 80 50 f9 7d 00 00 00 00 10 00 00 00 00 00 00  |..P.}...........|
  +0x10 1c 00 00 00 00 00 00 00 10 a1 c1 f8 7d 00 00 00  |............}...|
  +0x20 01 00 00 00 00 00 00 00 00 00 00 00 00 00 00 00  |................|
  +0x30 00 70 50 f9 7d 00 00 00 00 10 00 00 00 00 00 00  |.pP.}...........|
  +0x40 1d 00 00 00 00 00 00 00 10 a1 c1 f8 7d 00 00 00  |............}...|
  +0x50 02 00 00 00 00 00 00 00 00 00 00 00 00 00 00 00  |................|
  w0  +0x00 = 0x0000007df9508000  (541053714432)
  w1  +0x08 = 0x0000000000001000  (4096)
  w2  +0x10 = 0x000000000000001c  (28)
  w3  +0x18 = 0x0000007df8c1a110  (541044351248)
  w4  +0x20 = 0x0000000000000001  (1)
  w6  +0x30 = 0x0000007df9507000  (541053710336)
  w7  +0x38 = 0x0000000000001000  (4096)
  w8  +0x40 = 0x000000000000001d  (29)
  w9  +0x48 = 0x0000007df8c1a110  (541044351248)
  w10 +0x50 = 0x0000000000000002  (2)
  qcamera_query_sensor_info rc=0
  sensor info (0x7fde903ae0, 64 bytes):
  +0x00 80 02 00 00 e0 01 00 00 70 00 00 00 08 00 00 00  |........p.......|
  +0x10 00 00 00 00 08 00 00 00 01 00 00 00 01 00 00 00  |................|
  +0x20 00 00 00 00 00 00 00 00 00 00 00 00 00 00 00 00  |................|
  +0x30 00 00 00 00 00 00 00 00 00 00 00 00 00 00 00 00  |................|
  w0  +0x00 = 0x000001e000000280  (2061584302720)
  w1  +0x08 = 0x0000000800000070  (34359738480)
  w2  +0x10 = 0x0000000800000000  (34359738368)
  w3  +0x18 = 0x0000000100000001  (4294967297)
  qcamera_query_buffer_dimensions(bpp=8, meta_row=1) rc=-560974640 -> 640x481
  qcamera_query_buffer_dimensions(bpp=8, meta_row=0) rc=-560974640 -> 640x480
  qcamera_release_sensor rc=-121602048

[+] qcamera_get_sensor(hal, 1) -> 0x7df8c06c00
sensor object (0x7df8c06c00, 128 bytes):
  +0x00 90 f6 c1 f8 7d 00 00 00 01 00 00 00 00 00 00 00  |....}...........|
  +0x10 00 00 00 00 00 00 00 00 00 09 c0 f8 7d 00 00 00  |............}...|
  +0x20 30 09 c0 f8 7d 00 00 00 00 00 00 00 00 00 00 00  |0...}...........|
  +0x30 00 00 00 00 00 00 00 00 00 00 00 00 00 00 00 00  |................|
  +0x40 00 00 00 00 00 00 00 00 00 00 00 00 00 00 00 00  |................|
  +0x50 00 00 00 00 00 00 00 00 00 00 00 00 00 00 00 00  |................|
  +0x60 00 00 00 00 00 00 00 00 00 00 00 00 00 00 00 00  |................|
  +0x70 00 6c c0 f8 7d 00 00 00 00 00 00 00 00 00 00 00  |.l..}...........|
  w0  +0x00 = 0x0000007df8c1f690  (541044373136)
  w1  +0x08 = 0x0000000000000001  (1)
  w3  +0x18 = 0x0000007df8c00900  (541044246784)
  w4  +0x20 = 0x0000007df8c00930  (541044246832)
  w14 +0x70 = 0x0000007df8c06c00  (541044272128)
  qcamera_get_sensor_dim -> 0x7df8c06c10  {w=0 h=0}
  sensor+0x18 (capability?) = 0x7df8c00900
  capability (0x7df8c00900, 96 bytes):
  +0x00 00 80 50 f9 7d 00 00 00 00 10 00 00 00 00 00 00  |..P.}...........|
  +0x10 1c 00 00 00 00 00 00 00 10 a1 c1 f8 7d 00 00 00  |............}...|
  +0x20 01 00 00 00 00 00 00 00 00 00 00 00 00 00 00 00  |................|
  +0x30 00 70 50 f9 7d 00 00 00 00 10 00 00 00 00 00 00  |.pP.}...........|
  +0x40 1d 00 00 00 00 00 00 00 10 a1 c1 f8 7d 00 00 00  |............}...|
  +0x50 02 00 00 00 00 00 00 00 00 00 00 00 00 00 00 00  |................|
  w0  +0x00 = 0x0000007df9508000  (541053714432)
  w1  +0x08 = 0x0000000000001000  (4096)
  w2  +0x10 = 0x000000000000001c  (28)
  w3  +0x18 = 0x0000007df8c1a110  (541044351248)
  w4  +0x20 = 0x0000000000000001  (1)
  w6  +0x30 = 0x0000007df9507000  (541053710336)
  w7  +0x38 = 0x0000000000001000  (4096)
  w8  +0x40 = 0x000000000000001d  (29)
  w9  +0x48 = 0x0000007df8c1a110  (541044351248)
  w10 +0x50 = 0x0000000000000002  (2)
  qcamera_query_sensor_info rc=0
  sensor info (0x7fde903ae0, 64 bytes):
  +0x00 80 02 00 00 e0 01 00 00 70 00 00 00 08 00 00 00  |........p.......|
  +0x10 00 00 00 00 08 00 00 00 01 00 00 00 01 00 00 00  |................|
  +0x20 00 00 00 00 01 00 00 00 00 00 00 00 00 00 00 00  |................|
  +0x30 00 00 00 00 00 00 00 00 00 00 00 00 00 00 00 00  |................|
  w0  +0x00 = 0x000001e000000280  (2061584302720)
  w1  +0x08 = 0x0000000800000070  (34359738480)
  w2  +0x10 = 0x0000000800000000  (34359738368)
  w3  +0x18 = 0x0000000100000001  (4294967297)
  w4  +0x20 = 0x0000000100000000  (4294967296)
  qcamera_query_buffer_dimensions(bpp=8, meta_row=1) rc=-560974640 -> 640x481
  qcamera_query_buffer_dimensions(bpp=8, meta_row=0) rc=-560974640 -> 640x480
  qcamera_release_sensor rc=-121602048

[+] qcamera_get_sensor(hal, 2) -> 0x7df8c06c00
sensor object (0x7df8c06c00, 128 bytes):
  +0x00 90 f6 c1 f8 7d 00 00 00 02 00 00 00 00 00 00 00  |....}...........|
  +0x10 00 00 00 00 00 00 00 00 00 09 c0 f8 7d 00 00 00  |............}...|
  +0x20 30 09 c0 f8 7d 00 00 00 00 00 00 00 00 00 00 00  |0...}...........|
  +0x30 00 00 00 00 00 00 00 00 00 00 00 00 00 00 00 00  |................|
  +0x40 00 00 00 00 00 00 00 00 00 00 00 00 00 00 00 00  |................|
  +0x50 00 00 00 00 00 00 00 00 00 00 00 00 00 00 00 00  |................|
  +0x60 00 00 00 00 00 00 00 00 00 00 00 00 00 00 00 00  |................|
  +0x70 00 6c c0 f8 7d 00 00 00 00 00 00 00 00 00 00 00  |.l..}...........|
  w0  +0x00 = 0x0000007df8c1f690  (541044373136)
  w1  +0x08 = 0x0000000000000002  (2)
  w3  +0x18 = 0x0000007df8c00900  (541044246784)
  w4  +0x20 = 0x0000007df8c00930  (541044246832)
  w14 +0x70 = 0x0000007df8c06c00  (541044272128)
  qcamera_get_sensor_dim -> 0x7df8c06c10  {w=0 h=0}
  sensor+0x18 (capability?) = 0x7df8c00900
  capability (0x7df8c00900, 96 bytes):
  +0x00 00 80 50 f9 7d 00 00 00 00 10 00 00 00 00 00 00  |..P.}...........|
  +0x10 1c 00 00 00 00 00 00 00 10 a1 c1 f8 7d 00 00 00  |............}...|
  +0x20 01 00 00 00 00 00 00 00 00 00 00 00 00 00 00 00  |................|
  +0x30 00 70 50 f9 7d 00 00 00 00 10 00 00 00 00 00 00  |.pP.}...........|
  +0x40 1d 00 00 00 00 00 00 00 10 a1 c1 f8 7d 00 00 00  |............}...|
  +0x50 02 00 00 00 00 00 00 00 00 00 00 00 00 00 00 00  |................|
  w0  +0x00 = 0x0000007df9508000  (541053714432)
  w1  +0x08 = 0x0000000000001000  (4096)
  w2  +0x10 = 0x000000000000001c  (28)
  w3  +0x18 = 0x0000007df8c1a110  (541044351248)
  w4  +0x20 = 0x0000000000000001  (1)
  w6  +0x30 = 0x0000007df9507000  (541053710336)
  w7  +0x38 = 0x0000000000001000  (4096)
  w8  +0x40 = 0x000000000000001d  (29)
  w9  +0x48 = 0x0000007df8c1a110  (541044351248)
  w10 +0x50 = 0x0000000000000002  (2)
  qcamera_query_sensor_info rc=0
  sensor info (0x7fde903ae0, 64 bytes):
  +0x00 80 02 00 00 e0 01 00 00 70 00 00 00 08 00 00 00  |........p.......|
  +0x10 00 00 00 00 08 00 00 00 01 00 00 00 01 00 00 00  |................|
  +0x20 00 00 00 00 02 00 00 00 00 00 00 00 00 00 00 00  |................|
  +0x30 00 00 00 00 00 00 00 00 00 00 00 00 00 00 00 00  |................|
  w0  +0x00 = 0x000001e000000280  (2061584302720)
  w1  +0x08 = 0x0000000800000070  (34359738480)
  w2  +0x10 = 0x0000000800000000  (34359738368)
  w3  +0x18 = 0x0000000100000001  (4294967297)
  w4  +0x20 = 0x0000000200000000  (8589934592)
  qcamera_query_buffer_dimensions(bpp=8, meta_row=1) rc=-560974640 -> 640x481
  qcamera_query_buffer_dimensions(bpp=8, meta_row=0) rc=-560974640 -> 640x480
  qcamera_release_sensor rc=-121602048

[+] qcamera_get_sensor(hal, 3) -> 0x7df8c06c00
sensor object (0x7df8c06c00, 128 bytes):
  +0x00 90 f6 c1 f8 7d 00 00 00 03 00 00 00 00 00 00 00  |....}...........|
  +0x10 00 00 00 00 00 00 00 00 00 09 c0 f8 7d 00 00 00  |............}...|
  +0x20 30 09 c0 f8 7d 00 00 00 00 00 00 00 00 00 00 00  |0...}...........|
  +0x30 00 00 00 00 00 00 00 00 00 00 00 00 00 00 00 00  |................|
  +0x40 00 00 00 00 00 00 00 00 00 00 00 00 00 00 00 00  |................|
  +0x50 00 00 00 00 00 00 00 00 00 00 00 00 00 00 00 00  |................|
  +0x60 00 00 00 00 00 00 00 00 00 00 00 00 00 00 00 00  |................|
  +0x70 00 6c c0 f8 7d 00 00 00 00 00 00 00 00 00 00 00  |.l..}...........|
  w0  +0x00 = 0x0000007df8c1f690  (541044373136)
  w1  +0x08 = 0x0000000000000003  (3)
  w3  +0x18 = 0x0000007df8c00900  (541044246784)
  w4  +0x20 = 0x0000007df8c00930  (541044246832)
  w14 +0x70 = 0x0000007df8c06c00  (541044272128)
  qcamera_get_sensor_dim -> 0x7df8c06c10  {w=0 h=0}
  sensor+0x18 (capability?) = 0x7df8c00900
  capability (0x7df8c00900, 96 bytes):
  +0x00 00 80 50 f9 7d 00 00 00 00 10 00 00 00 00 00 00  |..P.}...........|
  +0x10 1c 00 00 00 00 00 00 00 10 a1 c1 f8 7d 00 00 00  |............}...|
  +0x20 01 00 00 00 00 00 00 00 00 00 00 00 00 00 00 00  |................|
  +0x30 00 70 50 f9 7d 00 00 00 00 10 00 00 00 00 00 00  |.pP.}...........|
  +0x40 1d 00 00 00 00 00 00 00 10 a1 c1 f8 7d 00 00 00  |............}...|
  +0x50 02 00 00 00 00 00 00 00 00 00 00 00 00 00 00 00  |................|
  w0  +0x00 = 0x0000007df9508000  (541053714432)
  w1  +0x08 = 0x0000000000001000  (4096)
  w2  +0x10 = 0x000000000000001c  (28)
  w3  +0x18 = 0x0000007df8c1a110  (541044351248)
  w4  +0x20 = 0x0000000000000001  (1)
  w6  +0x30 = 0x0000007df9507000  (541053710336)
  w7  +0x38 = 0x0000000000001000  (4096)
  w8  +0x40 = 0x000000000000001d  (29)
  w9  +0x48 = 0x0000007df8c1a110  (541044351248)
  w10 +0x50 = 0x0000000000000002  (2)
  qcamera_query_sensor_info rc=0
  sensor info (0x7fde903ae0, 64 bytes):
  +0x00 80 02 00 00 e0 01 00 00 70 00 00 00 08 00 00 00  |........p.......|
  +0x10 00 00 00 00 08 00 00 00 01 00 00 00 01 00 00 00  |................|
  +0x20 00 00 00 00 03 00 00 00 00 00 00 00 00 00 00 00  |................|
  +0x30 00 00 00 00 00 00 00 00 00 00 00 00 00 00 00 00  |................|
  w0  +0x00 = 0x000001e000000280  (2061584302720)
  w1  +0x08 = 0x0000000800000070  (34359738480)
  w2  +0x10 = 0x0000000800000000  (34359738368)
  w3  +0x18 = 0x0000000100000001  (4294967297)
  w4  +0x20 = 0x0000000300000000  (12884901888)
  qcamera_query_buffer_dimensions(bpp=8, meta_row=1) rc=-560974640 -> 640x481
  qcamera_query_buffer_dimensions(bpp=8, meta_row=0) rc=-560974640 -> 640x480
  qcamera_release_sensor rc=-121602048

=== STAGE 5: VIO capture (cams 0+2, 40 s) ===
[+] cam 0 start rc=0 started=1
[+] cam 2 start rc=0 started=1
[+] syncboss.raw fd=57
[*] syncboss_imu_enable rc=0
[+] set_frame_rate(33333) rc=0
[+] set_exposure_gain(exp=8000 gain=255 x4) rc=0
[*] set_frame_tag_mode(1) rc=0
[+] syncboss_camera_start_streaming(4) rc=0  <-- FSIN strobe

==================================================
>>> RECORDING. DO NOT TOUCH IT. Leave it on the table.
==================================================
    ... hands off for 15 more seconds
    ... hands off for 12 more seconds
    ... hands off for 9 more seconds
    ... hands off for 6 more seconds
    ... hands off for 3 more seconds

==================================================
>>> PICK IT UP NOW - and walk around for 20 s
>>> translate: walk, step side to side, lean in and out
==================================================
[+] capture done: 4811 frames written over 40 s
[+] imu thread: 1706773 bytes of syncboss stream
[*] qcamera_close rc=-121602048
[*] camera_stop_streaming rc=0
[*] camera_release rc=0
[*] camera_deinit rc=0
[*] syncboss_deinit rc=-121602048
[+] raw syncboss CAMERA_RELEASE (type 41) -> write 3
done.
exit=0
--- CAPTURE END Wed Sep  2 22:44:22 BST 2026
--- sizes
4814
1.4G	/data/local/tmp/camdirect
4812
-rw-r--r-- 1 root root 1706773 2026-09-02 22:44 /data/local/tmp/camdirect/syncboss.raw
=== RESTORE ===
tracking=running enforce=Enforcing
=== DONE Wed Sep  2 22:44:32 BST 2026 ===
