== ib_hook init real=0x7d76e0e598 ==
IB seq=0 host=68641391437247 ts=0 id=0 640x481 fmt=1 px=7d772d5000 min=6 max=183 cam?=0
  SD seq=0: 0=0 8=1e100000280 16=100000001 24=20033 32=4c000 40=280 48=0 56=0 64=0 72=0 80=0 88=0 96=0
  THIS seq=0: 0=0 8=0 16=7d740b6700 24=7d76e10558 32=0 40=0 48=0 56=ffffffffffffffff 64=7d77629000 72=7d740ecda0 80=7d77902d80 88=0 96=7d772d5000 104=0
IB seq=1 host=68641393411830 ts=0 id=1 640x481 fmt=1 px=7d74dac000 min=5 max=226 cam?=1
  SD seq=1: 0=1 8=1e100000280 16=100000001 24=20033 32=4c000 40=280 48=0 56=0 64=0 72=0 80=0 88=0 96=0
  THIS seq=1: 0=1 8=0 16=7d740b6840 24=7d76e10558 32=0 40=0 48=0 56=ffffffffffffffff 64=7d77628000 72=7d740ece30 80=7d77902ec0 88=0 96=7d74dac000 104=0
IB seq=2 host=68641394710684 ts=0 id=2 640x481 fmt=1 px=7d74d31000 min=5 max=183 cam?=2
  SD seq=2: 0=2 8=1e100000280 16=100000001 24=20033 32=4c000 40=280 48=0 56=0 64=0 72=0 80=0 88=0 96=0
  THIS seq=2: 0=2 8=0 16=7d740b6850 24=7d76e10558 32=0 40=0 48=0 56=ffffffffffffffff 64=7d77627000 72=7d740ed280 80=7d74115000 88=0 96=7d74d31000 104=0
IB seq=3 host=68641396176726 ts=0 id=3 640x481 fmt=1 px=7d74931000 min=5 max=161 cam?=3
  SD seq=3: 0=3 8=1e100000280 16=100000001 24=20033 32=4c000 40=280 48=0 56=0 64=0 72=0 80=0 88=0 96=0
  THIS seq=3: 0=3 8=0 16=7d740b6720 24=7d76e10558 32=0 40=0 48=0 56=ffffffffffffffff 64=7d77626000 72=7d740ed3a0 80=7d74115140 88=0 96=7d74931000 104=0
IB seq=4 host=68641397836466 ts=0 id=4 640x481 fmt=1 px=7d6e55f000 min=5 max=224 cam?=0
  SD seq=4: 0=4 8=1e100000280 16=100000001 24=20033 32=4c000 40=280 48=0 56=0 64=0 72=0 80=0 88=0 96=0
  THIS seq=4: 0=4 8=0 16=7d740b6830 24=7d76e10558 32=0 40=0 48=0 56=ffffffffffffffff 64=7d77625000 72=7d740ed430 80=7d74115280 88=0 96=7d6e55f000 104=0
IB seq=5 host=68641399026361 ts=0 id=5 640x481 fmt=1 px=7d6e39b000 min=5 max=255 cam?=1
  SD seq=5: 0=5 8=1e100000280 16=100000001 24=20033 32=4c000 40=280 48=0 56=0 64=0 72=0 80=0 88=0 96=0
  THIS seq=5: 0=5 8=0 16=7d740b6860 24=7d76e10558 32=0 40=0 48=0 56=ffffffffffffffff 64=7d77624000 72=7d740ed4c0 80=7d741153c0 88=0 96=7d6e39b000 104=0
IB seq=6 host=68641400367091 ts=0 id=6 640x481 fmt=1 px=7d6dc61000 min=4 max=139 cam?=2
  SD seq=6: 0=6 8=1e100000280 16=100000001 24=20033 32=4c000 40=280 48=0 56=0 64=0 72=0 80=0 88=0 96=0
  THIS seq=6: 0=6 8=0 16=7d740b6870 24=7d76e10558 32=0 40=0 48=0 56=ffffffffffffffff 64=7d77623000 72=7d740ed340 80=7d74115500 88=0 96=7d6dc61000 104=0
IB seq=7 host=68641401745736 ts=0 id=7 640x481 fmt=1 px=7d6c9e6000 min=5 max=255 cam?=3
  SD seq=7: 0=7 8=1e100000280 16=100000001 24=20033 32=4c000 40=280 48=0 56=0 64=0 72=0 80=0 88=0 96=0
  THIS seq=7: 0=7 8=0 16=7d740b6880 24=7d76e10558 32=0 40=0 48=0 56=ffffffffffffffff 64=7d77622000 72=7d740ed580 80=7d74115640 88=0 96=7d6c9e6000 104=0
IB seq=8 host=68641402507403 ts=0 id=8 640x481 fmt=1 px=7d6bb68000 min=5 max=144 cam?=0
IB seq=9 host=68641403060684 ts=0 id=9 640x481 fmt=1 px=7d6baa4000 min=5 max=255 cam?=1
IB seq=10 host=68641403595216 ts=0 id=10 640x481 fmt=1 px=7d6b9de000 min=5 max=188 cam?=2
IB seq=11 host=68641404132039 ts=0 id=11 640x481 fmt=1 px=7d64999000 min=5 max=166 cam?=3
IB seq=12 host=68641404654486 ts=0 id=12 640x481 fmt=1 px=7d64855000 min=5 max=238 cam?=0
IB seq=13 host=68641405196414 ts=0 id=13 640x481 fmt=1 px=7d64525000 min=4 max=148 cam?=1
IB seq=14 host=68641405741778 ts=0 id=14 640x481 fmt=1 px=7d641bd000 min=5 max=162 cam?=2
IB seq=15 host=68641406333705 ts=0 id=15 640x481 fmt=1 px=7d64171000 min=5 max=170 cam?=3
IB seq=16 host=68641406892195 ts=0 id=0 640x481 fmt=1 px=7d64125000 min=6 max=255 cam?=0
IB seq=17 host=68641407443757 ts=0 id=1 640x481 fmt=1 px=7d640d9000 min=6 max=255 cam?=1
IB seq=18 host=68641408642611 ts=0 id=2 640x481 fmt=1 px=7d6408d000 min=5 max=255 cam?=2
IB seq=19 host=68641409374539 ts=0 id=3 640x481 fmt=1 px=7d64041000 min=0 max=255 cam?=3
IB seq=20 host=68641409989018 ts=0 id=4 640x481 fmt=1 px=7d63ff5000 min=7 max=255 cam?=0
IB seq=21 host=68641410664851 ts=0 id=5 640x481 fmt=1 px=7d63fa9000 min=7 max=255 cam?=1
IB seq=22 host=68641411293028 ts=0 id=6 640x481 fmt=1 px=7d63f5d000 min=7 max=255 cam?=2
IB seq=23 host=68641411934382 ts=0 id=7 640x481 fmt=1 px=7d63f11000 min=6 max=255 cam?=3
IB seq=24 host=68641412576466 ts=0 id=8 640x481 fmt=1 px=7d63ec5000 min=5 max=255 cam?=0
IB seq=25 host=68641413197351 ts=0 id=9 640x481 fmt=1 px=7d63e79000 min=5 max=139 cam?=1
IB seq=26 host=68641413777403 ts=0 id=10 640x481 fmt=1 px=7d63e2d000 min=5 max=111 cam?=2
IB seq=27 host=68641414325320 ts=0 id=11 640x481 fmt=1 px=7d63de1000 min=4 max=133 cam?=3
IB seq=28 host=68641414858080 ts=0 id=12 640x481 fmt=1 px=7d63d95000 min=5 max=167 cam?=0
IB seq=29 host=68641415398445 ts=0 id=13 640x481 fmt=1 px=7d63d49000 min=5 max=120 cam?=1
IB seq=30 host=68641415990632 ts=0 id=14 640x481 fmt=1 px=7d63cfd000 min=5 max=112 cam?=2
IB seq=31 host=68641416573861 ts=0 id=15 640x481 fmt=1 px=7d63cb1000 min=4 max=136 cam?=3
IB seq=32 host=68641417130007 ts=0 id=0 640x481 fmt=1 px=7d63c65000 min=5 max=240 cam?=0
IB seq=33 host=68641417665007 ts=0 id=1 640x481 fmt=1 px=7d63c19000 min=4 max=255 cam?=1
IB seq=34 host=68641418199486 ts=0 id=2 640x481 fmt=1 px=7d63bcd000 min=3 max=255 cam?=2
IB seq=35 host=68641418762143 ts=0 id=3 640x481 fmt=1 px=7d63b81000 min=5 max=255 cam?=3
IB seq=36 host=68641419293236 ts=0 id=4 640x481 fmt=1 px=7d63b35000 min=5 max=255 cam?=0
IB seq=37 host=68641419862872 ts=0 id=5 640x481 fmt=1 px=7d63ae9000 min=5 max=255 cam?=1
IB seq=38 host=68641420458080 ts=0 id=6 640x481 fmt=1 px=7d63a9d000 min=5 max=255 cam?=2
IB seq=39 host=68641421004226 ts=0 id=7 640x481 fmt=1 px=7d63a51000 min=5 max=255 cam?=3
IB seq=40 host=68641421526205 ts=0 id=8 640x481 fmt=1 px=7d63a05000 min=4 max=255 cam?=0
IB seq=41 host=68641422079226 ts=0 id=9 640x481 fmt=1 px=7d639b9000 min=5 max=255 cam?=1
IB seq=42 host=68641422623809 ts=0 id=10 640x481 fmt=1 px=7d6396d000 min=5 max=255 cam?=2
IB seq=43 host=68641423311726 ts=0 id=11 640x481 fmt=1 px=7d63921000 min=4 max=255 cam?=3
IB seq=44 host=68641423895424 ts=0 id=12 640x481 fmt=1 px=7d638d5000 min=4 max=255 cam?=0
IB seq=45 host=68641424499955 ts=0 id=13 640x481 fmt=1 px=7d63889000 min=5 max=203 cam?=1
IB seq=46 host=68641425209174 ts=0 id=14 640x481 fmt=1 px=7d6383d000 min=6 max=255 cam?=2
IB seq=47 host=68641425870059 ts=0 id=15 640x481 fmt=1 px=7d637f1000 min=5 max=216 cam?=3
IB seq=48 host=68641426525684 ts=0 id=0 640x481 fmt=1 px=7d637a5000 min=10 max=255 cam?=0
IB seq=49 host=68641427111622 ts=0 id=1 640x481 fmt=1 px=7d63759000 min=6 max=255 cam?=1
IB seq=50 host=68641427663184 ts=0 id=2 640x481 fmt=1 px=7d6370d000 min=6 max=255 cam?=2
IB seq=51 host=68641428210424 ts=0 id=3 640x481 fmt=1 px=7d636c1000 min=6 max=255 cam?=3
IB seq=52 host=68641428754174 ts=0 id=4 640x481 fmt=1 px=7d63675000 min=15 max=255 cam?=0
IB seq=53 host=68641429311934 ts=0 id=5 640x481 fmt=1 px=7d63629000 min=8 max=255 cam?=1
IB seq=54 host=68641429967716 ts=0 id=6 640x481 fmt=1 px=7d635dd000 min=9 max=255 cam?=2
IB seq=55 host=68641430602195 ts=0 id=7 640x481 fmt=1 px=7d63591000 min=14 max=255 cam?=3
IB seq=56 host=68641431128080 ts=0 id=8 640x481 fmt=1 px=7d63545000 min=7 max=255 cam?=0
IB seq=57 host=68641431655111 ts=0 id=9 640x481 fmt=1 px=7d634f9000 min=11 max=255 cam?=1
IB seq=58 host=68641432191674 ts=0 id=10 640x481 fmt=1 px=7d634ad000 min=11 max=255 cam?=2
IB seq=59 host=68641432730372 ts=0 id=11 640x481 fmt=1 px=7d63461000 min=9 max=255 cam?=3
IB seq=60 host=68641433270528 ts=0 id=12 640x481 fmt=1 px=7d63415000 min=7 max=255 cam?=0
IB seq=61 host=68641433876622 ts=0 id=13 640x481 fmt=1 px=7d633c9000 min=13 max=255 cam?=1
IB seq=62 host=68641434403080 ts=0 id=14 640x481 fmt=1 px=7d6337d000 min=6 max=255 cam?=2
IB seq=63 host=68641434928705 ts=0 id=15 640x481 fmt=1 px=7d63331000 min=11 max=255 cam?=3
IB seq=64 host=68641794488080 ts=0 id=0 640x481 fmt=1 px=7d58f74000 min=3 max=255 cam?=0
IB seq=65 host=68641795256413 ts=0 id=1 640x481 fmt=1 px=7d58f28000 min=5 max=255 cam?=1
IB seq=66 host=68641795785736 ts=0 id=2 640x481 fmt=1 px=7d58edc000 min=5 max=255 cam?=2
IB seq=67 host=68641796374434 ts=0 id=3 640x481 fmt=1 px=7d58e90000 min=5 max=255 cam?=3
IB seq=68 host=68641796926309 ts=0 id=4 640x481 fmt=1 px=7d58e44000 min=5 max=255 cam?=0
IB seq=69 host=68641797575007 ts=0 id=5 640x481 fmt=1 px=7d58df8000 min=4 max=255 cam?=1
IB seq=70 host=68641798125840 ts=0 id=6 640x481 fmt=1 px=7d58dac000 min=5 max=255 cam?=2
IB seq=71 host=68641798766049 ts=0 id=7 640x481 fmt=1 px=7d58d60000 min=5 max=255 cam?=3
IB seq=72 host=68641799390840 ts=0 id=8 640x481 fmt=1 px=7d58d14000 min=4 max=255 cam?=0
IB seq=73 host=68641799967976 ts=0 id=9 640x481 fmt=1 px=7d58cc8000 min=6 max=255 cam?=1
IB seq=74 host=68641800686778 ts=0 id=10 640x481 fmt=1 px=7d58c7c000 min=5 max=255 cam?=2
IB seq=75 host=68641801341049 ts=0 id=11 640x481 fmt=1 px=7d58c30000 min=6 max=255 cam?=3
IB seq=76 host=68641802004122 ts=0 id=12 640x481 fmt=1 px=7d58be4000 min=4 max=255 cam?=0
IB seq=77 host=68641802656205 ts=0 id=13 640x481 fmt=1 px=7d58b98000 min=4 max=255 cam?=1
IB seq=78 host=68641803227820 ts=0 id=14 640x481 fmt=1 px=7d58b4c000 min=3 max=255 cam?=2
IB seq=79 host=68641803788028 ts=0 id=15 640x481 fmt=1 px=7d58b00000 min=4 max=255 cam?=3
IB seq=80 host=68641804336309 ts=0 id=0 640x481 fmt=1 px=7d58ab4000 min=6 max=255 cam?=0
IB seq=81 host=68641804900997 ts=0 id=1 640x481 fmt=1 px=7d58a68000 min=4 max=255 cam?=1
IB seq=82 host=68641805454278 ts=0 id=2 640x481 fmt=1 px=7d58a1c000 min=5 max=255 cam?=2
IB seq=83 host=68641806140736 ts=0 id=3 640x481 fmt=1 px=7d589d0000 min=8 max=255 cam?=3
IB seq=84 host=68641806680632 ts=0 id=4 640x481 fmt=1 px=7d58984000 min=7 max=255 cam?=0
IB seq=85 host=68641807219018 ts=0 id=5 640x481 fmt=1 px=7d58938000 min=6 max=255 cam?=1
IB seq=86 host=68641807739695 ts=0 id=6 640x481 fmt=1 px=7d588ec000 min=6 max=255 cam?=2
IB seq=87 host=68641808283705 ts=0 id=7 640x481 fmt=1 px=7d588a0000 min=7 max=255 cam?=3
IB seq=88 host=68641808815997 ts=0 id=8 640x481 fmt=1 px=7d58854000 min=9 max=255 cam?=0
IB seq=89 host=68641809383549 ts=0 id=9 640x481 fmt=1 px=7d58808000 min=5 max=184 cam?=1
IB seq=90 host=68641809920268 ts=0 id=10 640x481 fmt=1 px=7d587bc000 min=5 max=195 cam?=2
IB seq=91 host=68641810575111 ts=0 id=11 640x481 fmt=1 px=7d58770000 min=2 max=182 cam?=3
IB seq=92 host=68641811117559 ts=0 id=12 640x481 fmt=1 px=7d58724000 min=4 max=173 cam?=0
IB seq=93 host=68641811669122 ts=0 id=13 640x481 fmt=1 px=7d586d8000 min=5 max=180 cam?=1
IB seq=94 host=68641812225684 ts=0 id=14 640x481 fmt=1 px=7d5868c000 min=5 max=178 cam?=2
IB seq=95 host=68641813085111 ts=0 id=15 640x481 fmt=1 px=7d58640000 min=4 max=166 cam?=3
IB seq=96 host=68641813683028 ts=0 id=0 640x481 fmt=1 px=7d585f4000 min=5 max=255 cam?=0
IB seq=97 host=68641814323965 ts=0 id=1 640x481 fmt=1 px=7d585a8000 min=5 max=255 cam?=1
IB seq=98 host=68641814928445 ts=0 id=2 640x481 fmt=1 px=7d5855c000 min=6 max=255 cam?=2
IB seq=99 host=68641815559643 ts=0 id=3 640x481 fmt=1 px=7d58510000 min=4 max=255 cam?=3
IB seq=100 host=68641816217715 ts=0 id=4 640x481 fmt=1 px=7d584c4000 min=4 max=255 cam?=0
IB seq=101 host=68641816837195 ts=0 id=5 640x481 fmt=1 px=7d58478000 min=5 max=255 cam?=1
IB seq=102 host=68641817409122 ts=0 id=6 640x481 fmt=1 px=7d5842c000 min=5 max=255 cam?=2
IB seq=103 host=68641817981830 ts=0 id=7 640x481 fmt=1 px=7d583e0000 min=5 max=255 cam?=3
IB seq=104 host=68641818531830 ts=0 id=8 640x481 fmt=1 px=7d58394000 min=4 max=255 cam?=0
IB seq=105 host=68641819062768 ts=0 id=9 640x481 fmt=1 px=7d58348000 min=5 max=255 cam?=1
IB seq=106 host=68641819655372 ts=0 id=10 640x481 fmt=1 px=7d582fc000 min=4 max=255 cam?=2
IB seq=107 host=68641820373028 ts=0 id=11 640x481 fmt=1 px=7d582b0000 min=6 max=255 cam?=3
IB seq=108 host=68641820926205 ts=0 id=12 640x481 fmt=1 px=7d58264000 min=5 max=255 cam?=0
IB seq=109 host=68641821476518 ts=0 id=13 640x481 fmt=1 px=7d58218000 min=5 max=255 cam?=1
IB seq=110 host=68641822011778 ts=0 id=14 640x481 fmt=1 px=7d581cc000 min=6 max=255 cam?=2
IB seq=111 host=68641822544434 ts=0 id=15 640x481 fmt=1 px=7d58180000 min=5 max=255 cam?=3
IB seq=112 host=68641823088965 ts=0 id=0 640x481 fmt=1 px=7d58134000 min=7 max=255 cam?=0
IB seq=113 host=68641823629955 ts=0 id=1 640x481 fmt=1 px=7d580e8000 min=6 max=255 cam?=1
IB seq=114 host=68641824258705 ts=0 id=2 640x481 fmt=1 px=7d5809c000 min=5 max=255 cam?=2
IB seq=115 host=68641824821205 ts=0 id=3 640x481 fmt=1 px=7d58050000 min=8 max=255 cam?=3
IB seq=116 host=68641825347507 ts=0 id=4 640x481 fmt=1 px=7d58004000 min=12 max=255 cam?=0
IB seq=117 host=68641825903497 ts=0 id=5 640x481 fmt=1 px=7d57fb8000 min=5 max=255 cam?=1
IB seq=118 host=68641826489434 ts=0 id=6 640x481 fmt=1 px=7d57f6c000 min=10 max=255 cam?=2
IB seq=119 host=68641827114643 ts=0 id=7 640x481 fmt=1 px=7d57f20000 min=13 max=255 cam?=3
IB seq=120 host=68641827688653 ts=0 id=8 640x481 fmt=1 px=7d57ed4000 min=7 max=255 cam?=0
IB seq=121 host=68641828265476 ts=0 id=9 640x481 fmt=1 px=7d57e88000 min=17 max=255 cam?=1
IB seq=122 host=68641828995580 ts=0 id=10 640x481 fmt=1 px=7d57e3c000 min=14 max=255 cam?=2
IB seq=123 host=68641829690059 ts=0 id=11 640x481 fmt=1 px=7d57df0000 min=14 max=255 cam?=3
IB seq=124 host=68641830546674 ts=0 id=12 640x481 fmt=1 px=7d57da4000 min=7 max=255 cam?=0
IB seq=125 host=68641831775424 ts=0 id=13 640x481 fmt=1 px=7d57d58000 min=8 max=255 cam?=1
IB seq=126 host=68641832365372 ts=0 id=14 640x481 fmt=1 px=7d57d0c000 min=6 max=255 cam?=2
IB seq=127 host=68641833782768 ts=0 id=15 640x481 fmt=1 px=7d57cc0000 min=11 max=255 cam?=3
IB seq=128 host=68641837191882 ts=0 id=0 640x481 fmt=1 px=7d57c74000 min=3 max=255 cam?=0
IB seq=129 host=68641837866882 ts=0 id=1 640x481 fmt=1 px=7d57c28000 min=5 max=255 cam?=1
IB seq=130 host=68641838455163 ts=0 id=2 640x481 fmt=1 px=7d57bdc000 min=5 max=255 cam?=2
IB seq=131 host=68641839018497 ts=0 id=3 640x481 fmt=1 px=7d57b90000 min=5 max=255 cam?=3
IB seq=132 host=68641839578445 ts=0 id=4 640x481 fmt=1 px=7d57b44000 min=5 max=255 cam?=0
IB seq=133 host=68641841242455 ts=0 id=5 640x481 fmt=1 px=7d57af8000 min=4 max=255 cam?=1
IB seq=134 host=68641841911518 ts=0 id=6 640x481 fmt=1 px=7d57aac000 min=5 max=255 cam?=2
IB seq=135 host=68641842554486 ts=0 id=7 640x481 fmt=1 px=7d57a60000 min=5 max=255 cam?=3
IB seq=136 host=68641843181726 ts=0 id=8 640x481 fmt=1 px=7d57a14000 min=4 max=255 cam?=0
IB seq=137 host=68641843862872 ts=0 id=9 640x481 fmt=1 px=7d579c8000 min=5 max=255 cam?=1
IB seq=138 host=68641844485945 ts=0 id=10 640x481 fmt=1 px=7d5797c000 min=4 max=255 cam?=2
IB seq=139 host=68641845719590 ts=0 id=11 640x481 fmt=1 px=7d57930000 min=6 max=255 cam?=3
IB seq=140 host=68641846290320 ts=0 id=12 640x481 fmt=1 px=7d578e4000 min=4 max=255 cam?=0
IB seq=141 host=68641847677351 ts=0 id=13 640x481 fmt=1 px=7d57898000 min=4 max=255 cam?=1
IB seq=142 host=68641848256622 ts=0 id=14 640x481 fmt=1 px=7d5784c000 min=3 max=255 cam?=2
IB seq=143 host=68641848808132 ts=0 id=15 640x481 fmt=1 px=7d57800000 min=4 max=255 cam?=3
IB seq=144 host=68641849363861 ts=0 id=0 640x481 fmt=1 px=7d577b4000 min=6 max=255 cam?=0
IB seq=145 host=68641849903965 ts=0 id=1 640x481 fmt=1 px=7d57768000 min=4 max=255 cam?=1
IB seq=146 host=68641850509018 ts=0 id=2 640x481 fmt=1 px=7d5771c000 min=5 max=255 cam?=2
IB seq=147 host=68641851067143 ts=0 id=3 640x481 fmt=1 px=7d576d0000 min=8 max=255 cam?=3
IB seq=148 host=68641851610840 ts=0 id=4 640x481 fmt=1 px=7d57684000 min=7 max=255 cam?=0
IB seq=149 host=68641852258861 ts=0 id=5 640x481 fmt=1 px=7d57638000 min=6 max=255 cam?=1
IB seq=150 host=68641852839643 ts=0 id=6 640x481 fmt=1 px=7d575ec000 min=6 max=255 cam?=2
IB seq=151 host=68641853386882 ts=0 id=7 640x481 fmt=1 px=7d575a0000 min=7 max=255 cam?=3
IB seq=152 host=68641854966465 ts=0 id=8 640x481 fmt=1 px=7d57554000 min=9 max=255 cam?=0
IB seq=153 host=68641855609070 ts=0 id=9 640x481 fmt=1 px=7d57508000 min=5 max=184 cam?=1
IB seq=154 host=68641856307351 ts=0 id=10 640x481 fmt=1 px=7d574bc000 min=5 max=195 cam?=2
IB seq=155 host=68641856940893 ts=0 id=11 640x481 fmt=1 px=7d57470000 min=2 max=182 cam?=3
IB seq=156 host=68641857607143 ts=0 id=12 640x481 fmt=1 px=7d57424000 min=4 max=173 cam?=0
IB seq=157 host=68641858267351 ts=0 id=13 640x481 fmt=1 px=7d573d8000 min=5 max=189 cam?=1
IB seq=158 host=68641859490580 ts=0 id=14 640x481 fmt=1 px=7d5738c000 min=5 max=178 cam?=2
IB seq=159 host=68641860118653 ts=0 id=15 640x481 fmt=1 px=7d57340000 min=4 max=166 cam?=3
IB seq=160 host=68641861536049 ts=0 id=0 640x481 fmt=1 px=7d572f4000 min=5 max=255 cam?=0
IB seq=161 host=68641862172299 ts=0 id=1 640x481 fmt=1 px=7d572a8000 min=5 max=255 cam?=1
IB seq=162 host=68641862742351 ts=0 id=2 640x481 fmt=1 px=7d5725c000 min=6 max=255 cam?=2
IB seq=163 host=68641863311465 ts=0 id=3 640x481 fmt=1 px=7d57210000 min=4 max=255 cam?=3
IB seq=164 host=68641863860997 ts=0 id=4 640x481 fmt=1 px=7d571c4000 min=4 max=255 cam?=0
IB seq=165 host=68641864407507 ts=0 id=5 640x481 fmt=1 px=7d57178000 min=5 max=255 cam?=1
IB seq=166 host=68641864969851 ts=0 id=6 640x481 fmt=1 px=7d5712c000 min=5 max=255 cam?=2
IB seq=167 host=68641865592143 ts=0 id=7 640x481 fmt=1 px=7d570e0000 min=5 max=255 cam?=3
IB seq=168 host=68641866195788 ts=0 id=8 640x481 fmt=1 px=7d57094000 min=4 max=255 cam?=0
IB seq=169 host=68641866751049 ts=0 id=9 640x481 fmt=1 px=7d57048000 min=5 max=255 cam?=1
IB seq=170 host=68641867300736 ts=0 id=10 640x481 fmt=1 px=7d56ffc000 min=5 max=245 cam?=2
IB seq=171 host=68641868980945 ts=0 id=11 640x481 fmt=1 px=7d56fb0000 min=6 max=255 cam?=3
IB seq=172 host=68641869647768 ts=0 id=12 640x481 fmt=1 px=7d56f64000 min=5 max=255 cam?=0
IB seq=173 host=68641870350476 ts=0 id=13 640x481 fmt=1 px=7d56f18000 min=5 max=255 cam?=1
IB seq=174 host=68641871014538 ts=0 id=14 640x481 fmt=1 px=7d56ecc000 min=6 max=255 cam?=2
IB seq=175 host=68641871701049 ts=0 id=15 640x481 fmt=1 px=7d56e80000 min=5 max=255 cam?=3
IB seq=176 host=68641872371205 ts=0 id=0 640x481 fmt=1 px=7d56e34000 min=7 max=255 cam?=0
IB seq=177 host=68641873629643 ts=0 id=1 640x481 fmt=1 px=7d56de8000 min=6 max=255 cam?=1
IB seq=178 host=68641874236622 ts=0 id=2 640x481 fmt=1 px=7d56d9c000 min=5 max=255 cam?=2
IB seq=179 host=68641875682611 ts=0 id=3 640x481 fmt=1 px=7d56d50000 min=8 max=255 cam?=3
IB seq=180 host=68641876798236 ts=0 id=4 640x481 fmt=1 px=7d56d04000 min=12 max=255 cam?=0
IB seq=181 host=68641877413913 ts=0 id=5 640x481 fmt=1 px=7d56cb8000 min=5 max=255 cam?=1
IB seq=182 host=68641877982090 ts=0 id=6 640x481 fmt=1 px=7d56c6c000 min=10 max=255 cam?=2
IB seq=183 host=68641878538705 ts=0 id=7 640x481 fmt=1 px=7d56c20000 min=13 max=255 cam?=3
IB seq=184 host=68641879106622 ts=0 id=8 640x481 fmt=1 px=7d56bd4000 min=7 max=255 cam?=0
IB seq=185 host=68641879704590 ts=0 id=9 640x481 fmt=1 px=7d56b88000 min=17 max=255 cam?=1
IB seq=186 host=68641880327038 ts=0 id=10 640x481 fmt=1 px=7d56b3c000 min=14 max=255 cam?=2
IB seq=187 host=68641880936830 ts=0 id=11 640x481 fmt=1 px=7d56af0000 min=14 max=255 cam?=3
IB seq=188 host=68641881513497 ts=0 id=12 640x481 fmt=1 px=7d56aa4000 min=7 max=255 cam?=0
IB seq=189 host=68641882096518 ts=0 id=13 640x481 fmt=1 px=7d56a58000 min=8 max=255 cam?=1
IB seq=190 host=68641882874955 ts=0 id=14 640x481 fmt=1 px=7d56a0c000 min=6 max=255 cam?=2
IB seq=191 host=68641883470684 ts=0 id=15 640x481 fmt=1 px=7d569c0000 min=9 max=255 cam?=3
IB seq=192 host=68641897953965 ts=0 id=0 640x481 fmt=1 px=7d57c74000 min=3 max=255 cam?=0
IB seq=193 host=68641898769226 ts=0 id=1 640x481 fmt=1 px=7d57c28000 min=5 max=255 cam?=1
IB seq=194 host=68641899481778 ts=0 id=2 640x481 fmt=1 px=7d57bdc000 min=5 max=255 cam?=2
IB seq=195 host=68641900215840 ts=0 id=3 640x481 fmt=1 px=7d57b90000 min=5 max=255 cam?=3
IB seq=196 host=68641900852924 ts=0 id=4 640x481 fmt=1 px=7d57b44000 min=5 max=255 cam?=0
IB seq=197 host=68641901446778 ts=0 id=5 640x481 fmt=1 px=7d57af8000 min=4 max=255 cam?=1
IB seq=198 host=68641902011361 ts=0 id=6 640x481 fmt=1 px=7d57aac000 min=5 max=255 cam?=2
IB seq=199 host=68641902594174 ts=0 id=7 640x481 fmt=1 px=7d57a60000 min=5 max=255 cam?=3
IB seq=200 host=68641903201101 ts=0 id=8 640x481 fmt=1 px=7d57a14000 min=4 max=255 cam?=0
IB seq=201 host=68641903866570 ts=0 id=9 640x481 fmt=1 px=7d579c8000 min=5 max=255 cam?=1
IB seq=202 host=68641904424278 ts=0 id=10 640x481 fmt=1 px=7d5797c000 min=4 max=255 cam?=2
IB seq=203 host=68641904975163 ts=0 id=11 640x481 fmt=1 px=7d57930000 min=6 max=255 cam?=3
IB seq=204 host=68641905509434 ts=0 id=12 640x481 fmt=1 px=7d578e4000 min=4 max=255 cam?=0
IB seq=205 host=68641906066049 ts=0 id=13 640x481 fmt=1 px=7d57898000 min=4 max=255 cam?=1
IB seq=206 host=68641906612872 ts=0 id=14 640x481 fmt=1 px=7d5784c000 min=3 max=255 cam?=2
IB seq=207 host=68641907169330 ts=0 id=15 640x481 fmt=1 px=7d57800000 min=5 max=255 cam?=3
IB seq=208 host=68641907755059 ts=0 id=0 640x481 fmt=1 px=7d577b4000 min=6 max=255 cam?=0
IB seq=209 host=68641908345580 ts=0 id=1 640x481 fmt=1 px=7d57768000 min=4 max=255 cam?=1
IB seq=210 host=68641908909955 ts=0 id=2 640x481 fmt=1 px=7d5771c000 min=5 max=255 cam?=2
IB seq=211 host=68641909473549 ts=0 id=3 640x481 fmt=1 px=7d576d0000 min=8 max=255 cam?=3
IB seq=212 host=68641910106882 ts=0 id=4 640x481 fmt=1 px=7d57684000 min=7 max=255 cam?=0
IB seq=213 host=68641910811882 ts=0 id=5 640x481 fmt=1 px=7d57638000 min=6 max=255 cam?=1
IB seq=214 host=68641911397403 ts=0 id=6 640x481 fmt=1 px=7d575ec000 min=7 max=255 cam?=2
IB seq=215 host=68641912005788 ts=0 id=7 640x481 fmt=1 px=7d575a0000 min=7 max=255 cam?=3
IB seq=216 host=68641912759590 ts=0 id=8 640x481 fmt=1 px=7d57554000 min=9 max=255 cam?=0
IB seq=217 host=68641913450684 ts=0 id=9 640x481 fmt=1 px=7d57508000 min=5 max=184 cam?=1
IB seq=218 host=68641914126570 ts=0 id=10 640x481 fmt=1 px=7d574bc000 min=5 max=195 cam?=2
IB seq=219 host=68641914796726 ts=0 id=11 640x481 fmt=1 px=7d57470000 min=2 max=182 cam?=3
IB seq=220 host=68641915442663 ts=0 id=12 640x481 fmt=1 px=7d57424000 min=4 max=173 cam?=0
IB seq=221 host=68641916037247 ts=0 id=13 640x481 fmt=1 px=7d573d8000 min=5 max=189 cam?=1
IB seq=222 host=68641916642351 ts=0 id=14 640x481 fmt=1 px=7d5738c000 min=5 max=164 cam?=2
IB seq=223 host=68641917416934 ts=0 id=15 640x481 fmt=1 px=7d57340000 min=4 max=166 cam?=3
IB seq=224 host=68641918160320 ts=0 id=0 640x481 fmt=1 px=7d572f4000 min=5 max=255 cam?=0
IB seq=225 host=68641918738757 ts=0 id=1 640x481 fmt=1 px=7d572a8000 min=5 max=255 cam?=1
IB seq=226 host=68641919307090 ts=0 id=2 640x481 fmt=1 px=7d5725c000 min=6 max=255 cam?=2
IB seq=227 host=68641919859070 ts=0 id=3 640x481 fmt=1 px=7d57210000 min=4 max=255 cam?=3
IB seq=228 host=68641920466361 ts=0 id=4 640x481 fmt=1 px=7d571c4000 min=5 max=255 cam?=0
IB seq=229 host=68641921048497 ts=0 id=5 640x481 fmt=1 px=7d57178000 min=5 max=255 cam?=1
IB seq=230 host=68641921666778 ts=0 id=6 640x481 fmt=1 px=7d5712c000 min=5 max=255 cam?=2
IB seq=231 host=68641922217768 ts=0 id=7 640x481 fmt=1 px=7d570e0000 min=5 max=238 cam?=3
IB seq=232 host=68641922780840 ts=0 id=8 640x481 fmt=1 px=7d57094000 min=4 max=255 cam?=0
IB seq=233 host=68641923353445 ts=0 id=9 640x481 fmt=1 px=7d57048000 min=5 max=255 cam?=1
IB seq=234 host=68641923926465 ts=0 id=10 640x481 fmt=1 px=7d56ffc000 min=5 max=245 cam?=2
IB seq=235 host=68641924743913 ts=0 id=11 640x481 fmt=1 px=7d56fb0000 min=6 max=255 cam?=3
IB seq=236 host=68641925368184 ts=0 id=12 640x481 fmt=1 px=7d56f64000 min=5 max=255 cam?=0
IB seq=237 host=68641925981986 ts=0 id=13 640x481 fmt=1 px=7d56f18000 min=5 max=255 cam?=1
IB seq=238 host=68641926633132 ts=0 id=14 640x481 fmt=1 px=7d56ecc000 min=4 max=204 cam?=2
IB seq=239 host=68641927313497 ts=0 id=15 640x481 fmt=1 px=7d56e80000 min=5 max=255 cam?=3
IB seq=240 host=68641927992715 ts=0 id=0 640x481 fmt=1 px=7d56e34000 min=7 max=255 cam?=0
IB seq=241 host=68641928151465 ts=0 id=1 640x481 fmt=1 px=7d56de8000 min=5 max=255 cam?=1
IB seq=242 host=68641928277090 ts=0 id=2 640x481 fmt=1 px=7d56d9c000 min=5 max=255 cam?=2
IB seq=243 host=68641928403913 ts=0 id=3 640x481 fmt=1 px=7d56d50000 min=6 max=255 cam?=3
IB seq=244 host=68641928531465 ts=0 id=4 640x481 fmt=1 px=7d56d04000 min=12 max=255 cam?=0
IB seq=245 host=68641928652351 ts=0 id=5 640x481 fmt=1 px=7d56cb8000 min=5 max=255 cam?=1
IB seq=246 host=68641928777455 ts=0 id=6 640x481 fmt=1 px=7d56c6c000 min=10 max=255 cam?=2
IB seq=247 host=68641928919643 ts=0 id=7 640x481 fmt=1 px=7d56c20000 min=13 max=255 cam?=3
IB seq=248 host=68641929058809 ts=0 id=8 640x481 fmt=1 px=7d56bd4000 min=7 max=255 cam?=0
IB seq=249 host=68641929201830 ts=0 id=9 640x481 fmt=1 px=7d56b88000 min=17 max=255 cam?=1
IB seq=250 host=68641929345893 ts=0 id=10 640x481 fmt=1 px=7d56b3c000 min=14 max=255 cam?=2
IB seq=251 host=68641929485320 ts=0 id=11 640x481 fmt=1 px=7d56af0000 min=9 max=255 cam?=3
IB seq=252 host=68641929628132 ts=0 id=12 640x481 fmt=1 px=7d56aa4000 min=7 max=255 cam?=0
IB seq=253 host=68641929765840 ts=0 id=13 640x481 fmt=1 px=7d56a58000 min=8 max=255 cam?=1
IB seq=254 host=68641929898497 ts=0 id=14 640x481 fmt=1 px=7d56a0c000 min=6 max=255 cam?=2
IB seq=255 host=68641930096518 ts=0 id=15 640x481 fmt=1 px=7d569c0000 min=9 max=255 cam?=3
IB seq=256 host=68641932797351 ts=0 id=0 640x481 fmt=1 px=7d56974000 min=3 max=255 cam?=0
IB seq=257 host=68641932955997 ts=0 id=1 640x481 fmt=1 px=7d56928000 min=5 max=255 cam?=1
IB seq=258 host=68641933095736 ts=0 id=2 640x481 fmt=1 px=7d568dc000 min=5 max=255 cam?=2
IB seq=259 host=68641933252872 ts=0 id=3 640x481 fmt=1 px=7d56890000 min=5 max=255 cam?=3
IB seq=260 host=68641933390788 ts=0 id=4 640x481 fmt=1 px=7d56844000 min=5 max=255 cam?=0
IB seq=261 host=68641933589851 ts=0 id=5 640x481 fmt=1 px=7d567f8000 min=4 max=255 cam?=1
IB seq=262 host=68641933739538 ts=0 id=6 640x481 fmt=1 px=7d567ac000 min=5 max=255 cam?=2
IB seq=263 host=68641933890007 ts=0 id=7 640x481 fmt=1 px=7d56760000 min=5 max=255 cam?=3
IB seq=264 host=68641934035424 ts=0 id=8 640x481 fmt=1 px=7d56714000 min=4 max=255 cam?=0
IB seq=265 host=68641934183393 ts=0 id=9 640x481 fmt=1 px=7d566c8000 min=5 max=255 cam?=1
IB seq=266 host=68641934336101 ts=0 id=10 640x481 fmt=1 px=7d5667c000 min=4 max=255 cam?=2
IB seq=267 host=68641934484799 ts=0 id=11 640x481 fmt=1 px=7d56630000 min=6 max=255 cam?=3
IB seq=268 host=68641934636101 ts=0 id=12 640x481 fmt=1 px=7d565e4000 min=4 max=255 cam?=0
IB seq=269 host=68641934785945 ts=0 id=13 640x481 fmt=1 px=7d56598000 min=4 max=255 cam?=1
IB seq=270 host=68641934937611 ts=0 id=14 640x481 fmt=1 px=7d5654c000 min=3 max=255 cam?=2
IB seq=271 host=68641935090268 ts=0 id=15 640x481 fmt=1 px=7d56500000 min=5 max=255 cam?=3
IB seq=272 host=68641935248705 ts=0 id=0 640x481 fmt=1 px=7d564b4000 min=6 max=255 cam?=0
IB seq=273 host=68641935425632 ts=0 id=1 640x481 fmt=1 px=7d56468000 min=4 max=255 cam?=1
IB seq=274 host=68641935591882 ts=0 id=2 640x481 fmt=1 px=7d5641c000 min=8 max=255 cam?=2
IB seq=275 host=68641935744695 ts=0 id=3 640x481 fmt=1 px=7d563d0000 min=8 max=255 cam?=3
IB seq=276 host=68641935898236 ts=0 id=4 640x481 fmt=1 px=7d56384000 min=7 max=255 cam?=0
IB seq=277 host=68641936052924 ts=0 id=5 640x481 fmt=1 px=7d56338000 min=6 max=255 cam?=1
IB seq=278 host=68641936201049 ts=0 id=6 640x481 fmt=1 px=7d562ec000 min=7 max=255 cam?=2
IB seq=279 host=68641936357507 ts=0 id=7 640x481 fmt=1 px=7d562a0000 min=7 max=255 cam?=3
IB seq=280 host=68641936519799 ts=0 id=8 640x481 fmt=1 px=7d56254000 min=9 max=255 cam?=0
IB seq=281 host=68641936680372 ts=0 id=9 640x481 fmt=1 px=7d56208000 min=5 max=184 cam?=1
IB seq=282 host=68641936840528 ts=0 id=10 640x481 fmt=1 px=7d561bc000 min=5 max=195 cam?=2
IB seq=283 host=68641936994643 ts=0 id=11 640x481 fmt=1 px=7d56170000 min=2 max=182 cam?=3
IB seq=284 host=68641937172715 ts=0 id=12 640x481 fmt=1 px=7d56124000 min=4 max=138 cam?=0
IB seq=285 host=68641937336934 ts=0 id=13 640x481 fmt=1 px=7d560d8000 min=5 max=189 cam?=1
IB seq=286 host=68641937501830 ts=0 id=14 640x481 fmt=1 px=7d5608c000 min=5 max=164 cam?=2
IB seq=287 host=68641937669955 ts=0 id=15 640x481 fmt=1 px=7d56040000 min=4 max=166 cam?=3
IB seq=288 host=68641937842507 ts=0 id=0 640x481 fmt=1 px=7d55ff4000 min=5 max=255 cam?=0
IB seq=289 host=68641938029590 ts=0 id=1 640x481 fmt=1 px=7d55fa8000 min=5 max=255 cam?=1
IB seq=290 host=68641938225736 ts=0 id=2 640x481 fmt=1 px=7d55f5c000 min=6 max=255 cam?=2
IB seq=291 host=68641938412820 ts=0 id=3 640x481 fmt=1 px=7d55f10000 min=4 max=255 cam?=3
IB seq=292 host=68641938576778 ts=0 id=4 640x481 fmt=1 px=7d55ec4000 min=5 max=255 cam?=0
IB seq=293 host=68641938744174 ts=0 id=5 640x481 fmt=1 px=7d55e78000 min=5 max=255 cam?=1
IB seq=294 host=68641939000372 ts=0 id=6 640x481 fmt=1 px=7d55e2c000 min=5 max=255 cam?=2
IB seq=295 host=68641939148288 ts=0 id=7 640x481 fmt=1 px=7d55de0000 min=5 max=238 cam?=3
IB seq=296 host=68641939317559 ts=0 id=8 640x481 fmt=1 px=7d55d94000 min=4 max=255 cam?=0
IB seq=297 host=68641939474695 ts=0 id=9 640x481 fmt=1 px=7d55d48000 min=5 max=255 cam?=1
IB seq=298 host=68641939637455 ts=0 id=10 640x481 fmt=1 px=7d55cfc000 min=5 max=245 cam?=2
IB seq=299 host=68641939801674 ts=0 id=11 640x481 fmt=1 px=7d55cb0000 min=6 max=255 cam?=3
IB seq=300 host=68641939983913 ts=0 id=12 640x481 fmt=1 px=7d55c64000 min=5 max=255 cam?=0
IB seq=301 host=68641940226778 ts=0 id=13 640x481 fmt=1 px=7d55c18000 min=5 max=255 cam?=1
IB seq=302 host=68641940406570 ts=0 id=14 640x481 fmt=1 px=7d55bcc000 min=4 max=255 cam?=2
IB seq=303 host=68641940689226 ts=0 id=15 640x481 fmt=1 px=7d55b80000 min=5 max=255 cam?=3
IB seq=304 host=68641940868549 ts=0 id=0 640x481 fmt=1 px=7d55b34000 min=7 max=255 cam?=0
IB seq=305 host=68641941044226 ts=0 id=1 640x481 fmt=1 px=7d55ae8000 min=5 max=255 cam?=1
IB seq=306 host=68641941213549 ts=0 id=2 640x481 fmt=1 px=7d55a9c000 min=5 max=255 cam?=2
IB seq=307 host=68641941373028 ts=0 id=3 640x481 fmt=1 px=7d55a50000 min=6 max=255 cam?=3
IB seq=308 host=68641941526882 ts=0 id=4 640x481 fmt=1 px=7d55a04000 min=12 max=255 cam?=0
IB seq=309 host=68641941690267 ts=0 id=5 640x481 fmt=1 px=7d559b8000 min=5 max=255 cam?=1
IB seq=310 host=68641941860736 ts=0 id=6 640x481 fmt=1 px=7d5596c000 min=10 max=255 cam?=2
IB seq=311 host=68641942041934 ts=0 id=7 640x481 fmt=1 px=7d55920000 min=13 max=255 cam?=3
IB seq=312 host=68641942228497 ts=0 id=8 640x481 fmt=1 px=7d558d4000 min=7 max=255 cam?=0
IB seq=313 host=68641942415632 ts=0 id=9 640x481 fmt=1 px=7d55888000 min=17 max=255 cam?=1
IB seq=314 host=68641942595007 ts=0 id=10 640x481 fmt=1 px=7d5583c000 min=14 max=255 cam?=2
IB seq=315 host=68641942765320 ts=0 id=11 640x481 fmt=1 px=7d557f0000 min=9 max=255 cam?=3
IB seq=316 host=68641942946205 ts=0 id=12 640x481 fmt=1 px=7d557a4000 min=7 max=255 cam?=0
IB seq=317 host=68641943120215 ts=0 id=13 640x481 fmt=1 px=7d55758000 min=8 max=255 cam?=1
IB seq=318 host=68641943272715 ts=0 id=14 640x481 fmt=1 px=7d5570c000 min=6 max=255 cam?=2
IB seq=319 host=68641943414070 ts=0 id=15 640x481 fmt=1 px=7d556c0000 min=9 max=255 cam?=3
IB seq=320 host=68641950576205 ts=0 id=0 640x481 fmt=1 px=7d55674000 min=3 max=255 cam?=0
IB seq=321 host=68641950745580 ts=0 id=1 640x481 fmt=1 px=7d55628000 min=5 max=255 cam?=1
IB seq=322 host=68641950879590 ts=0 id=2 640x481 fmt=1 px=7d555dc000 min=5 max=255 cam?=2
IB seq=323 host=68641951025320 ts=0 id=3 640x481 fmt=1 px=7d55590000 min=5 max=255 cam?=3
IB seq=324 host=68641951162663 ts=0 id=4 640x481 fmt=1 px=7d55544000 min=5 max=255 cam?=0
IB seq=325 host=68641951308392 ts=0 id=5 640x481 fmt=1 px=7d554f8000 min=4 max=255 cam?=1
IB seq=326 host=68641951461726 ts=0 id=6 640x481 fmt=1 px=7d554ac000 min=5 max=255 cam?=2
IB seq=327 host=68641951613705 ts=0 id=7 640x481 fmt=1 px=7d55460000 min=5 max=255 cam?=3
IB seq=328 host=68641951770788 ts=0 id=8 640x481 fmt=1 px=7d55414000 min=4 max=255 cam?=0
IB seq=329 host=68641951947247 ts=0 id=9 640x481 fmt=1 px=7d553c8000 min=5 max=255 cam?=1
IB seq=330 host=68641952139226 ts=0 id=10 640x481 fmt=1 px=7d5537c000 min=4 max=255 cam?=2
IB seq=331 host=68641952322663 ts=0 id=11 640x481 fmt=1 px=7d55330000 min=6 max=255 cam?=3
IB seq=332 host=68641952487403 ts=0 id=12 640x481 fmt=1 px=7d552e4000 min=4 max=255 cam?=0
IB seq=333 host=68641952712351 ts=0 id=13 640x481 fmt=1 px=7d55298000 min=4 max=255 cam?=1
IB seq=334 host=68641952886517 ts=0 id=14 640x481 fmt=1 px=7d5524c000 min=3 max=255 cam?=2
IB seq=335 host=68641953040997 ts=0 id=15 640x481 fmt=1 px=7d55200000 min=5 max=255 cam?=3
IB seq=336 host=68641953211257 ts=0 id=0 640x481 fmt=1 px=7d551b4000 min=7 max=255 cam?=0
IB seq=337 host=68641953384851 ts=0 id=1 640x481 fmt=1 px=7d55168000 min=4 max=255 cam?=1
IB seq=338 host=68641953555632 ts=0 id=2 640x481 fmt=1 px=7d5511c000 min=8 max=255 cam?=2
IB seq=339 host=68641953774017 ts=0 id=3 640x481 fmt=1 px=7d550d0000 min=8 max=255 cam?=3
IB seq=340 host=68641953936101 ts=0 id=4 640x481 fmt=1 px=7d55084000 min=7 max=255 cam?=0
IB seq=341 host=68641954133236 ts=0 id=5 640x481 fmt=1 px=7d55038000 min=6 max=255 cam?=1
IB seq=342 host=68641954312351 ts=0 id=6 640x481 fmt=1 px=7d54fec000 min=7 max=255 cam?=2
IB seq=343 host=68641954463809 ts=0 id=7 640x481 fmt=1 px=7d54fa0000 min=7 max=255 cam?=3
IB seq=344 host=68641954614903 ts=0 id=8 640x481 fmt=1 px=7d54f54000 min=9 max=255 cam?=0
IB seq=345 host=68641954768080 ts=0 id=9 640x481 fmt=1 px=7d54f08000 min=5 max=184 cam?=1
IB seq=346 host=68641954928757 ts=0 id=10 640x481 fmt=1 px=7d54ebc000 min=5 max=195 cam?=2
IB seq=347 host=68641955099538 ts=0 id=11 640x481 fmt=1 px=7d54e70000 min=2 max=182 cam?=3
IB seq=348 host=68641955272976 ts=0 id=12 640x481 fmt=1 px=7d54e24000 min=4 max=138 cam?=0
IB seq=349 host=68641955450997 ts=0 id=13 640x481 fmt=1 px=7d54dd8000 min=5 max=189 cam?=1
IB seq=350 host=68641955622976 ts=0 id=14 640x481 fmt=1 px=7d54d8c000 min=5 max=164 cam?=2
IB seq=351 host=68641955796830 ts=0 id=15 640x481 fmt=1 px=7d54d40000 min=4 max=166 cam?=3
IB seq=352 host=68641955969226 ts=0 id=0 640x481 fmt=1 px=7d54cf4000 min=5 max=255 cam?=0
IB seq=353 host=68641956142715 ts=0 id=1 640x481 fmt=1 px=7d54ca8000 min=5 max=255 cam?=1
IB seq=354 host=68641956317038 ts=0 id=2 640x481 fmt=1 px=7d54c5c000 min=6 max=255 cam?=2
IB seq=355 host=68641956482351 ts=0 id=3 640x481 fmt=1 px=7d54c10000 min=4 max=255 cam?=3
IB seq=356 host=68641956659538 ts=0 id=4 640x481 fmt=1 px=7d54bc4000 min=5 max=255 cam?=0
IB seq=357 host=68641956858340 ts=0 id=5 640x481 fmt=1 px=7d54b78000 min=5 max=255 cam?=1
IB seq=358 host=68641957104330 ts=0 id=6 640x481 fmt=1 px=7d54b2c000 min=4 max=255 cam?=2
IB seq=359 host=68641957400007 ts=0 id=7 640x481 fmt=1 px=7d54ae0000 min=5 max=238 cam?=3
IB seq=360 host=68641957574538 ts=0 id=8 640x481 fmt=1 px=7d54a94000 min=4 max=255 cam?=0
IB seq=361 host=68641957727820 ts=0 id=9 640x481 fmt=1 px=7d54a48000 min=5 max=255 cam?=1
IB seq=362 host=68641957874590 ts=0 id=10 640x481 fmt=1 px=7d549fc000 min=5 max=245 cam?=2
IB seq=363 host=68641958080215 ts=0 id=11 640x481 fmt=1 px=7d549b0000 min=6 max=255 cam?=3
IB seq=364 host=68641958252820 ts=0 id=12 640x481 fmt=1 px=7d54964000 min=5 max=255 cam?=0
IB seq=365 host=68641958416361 ts=0 id=13 640x481 fmt=1 px=7d54918000 min=5 max=255 cam?=1
IB seq=366 host=68641958579226 ts=0 id=14 640x481 fmt=1 px=7d548cc000 min=4 max=255 cam?=2
IB seq=367 host=68641958735892 ts=0 id=15 640x481 fmt=1 px=7d54880000 min=5 max=255 cam?=3
IB seq=368 host=68641958897820 ts=0 id=0 640x481 fmt=1 px=7d54834000 min=7 max=255 cam?=0
IB seq=369 host=68641959057976 ts=0 id=1 640x481 fmt=1 px=7d547e8000 min=5 max=255 cam?=1
IB seq=370 host=68641959234382 ts=0 id=2 640x481 fmt=1 px=7d5479c000 min=5 max=255 cam?=2
IB seq=371 host=68641959405007 ts=0 id=3 640x481 fmt=1 px=7d54750000 min=6 max=255 cam?=3
IB seq=372 host=68641959559330 ts=0 id=4 640x481 fmt=1 px=7d54704000 min=12 max=255 cam?=0
IB seq=373 host=68641959706465 ts=0 id=5 640x481 fmt=1 px=7d546b8000 min=5 max=255 cam?=1
IB seq=374 host=68641959854747 ts=0 id=6 640x481 fmt=1 px=7d5466c000 min=10 max=255 cam?=2
IB seq=375 host=68641960041309 ts=0 id=7 640x481 fmt=1 px=7d54620000 min=13 max=255 cam?=3
IB seq=376 host=68641960201830 ts=0 id=8 640x481 fmt=1 px=7d545d4000 min=7 max=255 cam?=0
IB seq=377 host=68641960355372 ts=0 id=9 640x481 fmt=1 px=7d54588000 min=17 max=255 cam?=1
IB seq=378 host=68641960518757 ts=0 id=10 640x481 fmt=1 px=7d5453c000 min=15 max=255 cam?=2
IB seq=379 host=68641960674017 ts=0 id=11 640x481 fmt=1 px=7d544f0000 min=9 max=255 cam?=3
IB seq=380 host=68641960834017 ts=0 id=12 640x481 fmt=1 px=7d544a4000 min=7 max=255 cam?=0
IB seq=381 host=68641960988028 ts=0 id=13 640x481 fmt=1 px=7d54458000 min=8 max=255 cam?=1
IB seq=382 host=68641961135788 ts=0 id=14 640x481 fmt=1 px=7d5440c000 min=6 max=255 cam?=2
IB seq=383 host=68641961299851 ts=0 id=15 640x481 fmt=1 px=7d543c0000 min=9 max=255 cam?=3
IB seq=384 host=68641963767247 ts=0 id=0 640x481 fmt=1 px=7d54374000 min=3 max=255 cam?=0
IB seq=385 host=68641963934278 ts=0 id=1 640x481 fmt=1 px=7d54328000 min=5 max=255 cam?=1
IB seq=386 host=68641964102299 ts=0 id=2 640x481 fmt=1 px=7d542dc000 min=5 max=255 cam?=2
IB seq=387 host=68641964254590 ts=0 id=3 640x481 fmt=1 px=7d54290000 min=5 max=255 cam?=3
IB seq=388 host=68641964404955 ts=0 id=4 640x481 fmt=1 px=7d54244000 min=5 max=255 cam?=0
IB seq=389 host=68641964557872 ts=0 id=5 640x481 fmt=1 px=7d541f8000 min=4 max=255 cam?=1
IB seq=390 host=68641964722559 ts=0 id=6 640x481 fmt=1 px=7d541ac000 min=5 max=255 cam?=2
IB seq=391 host=68641964871049 ts=0 id=7 640x481 fmt=1 px=7d54160000 min=5 max=255 cam?=3
IB seq=392 host=68641965047142 ts=0 id=8 640x481 fmt=1 px=7d54114000 min=4 max=255 cam?=0
IB seq=393 host=68641965208080 ts=0 id=9 640x481 fmt=1 px=7d540c8000 min=5 max=255 cam?=1
IB seq=394 host=68641965367507 ts=0 id=10 640x481 fmt=1 px=7d5407c000 min=4 max=255 cam?=2
IB seq=395 host=68641965544955 ts=0 id=11 640x481 fmt=1 px=7d54030000 min=6 max=255 cam?=3
IB seq=396 host=68641965717872 ts=0 id=12 640x481 fmt=1 px=7d53fe4000 min=4 max=255 cam?=0
IB seq=397 host=68641965905892 ts=0 id=13 640x481 fmt=1 px=7d53f98000 min=4 max=255 cam?=1
IB seq=398 host=68641966107507 ts=0 id=14 640x481 fmt=1 px=7d53f4c000 min=3 max=255 cam?=2
IB seq=399 host=68641966284590 ts=0 id=15 640x481 fmt=1 px=7d53f00000 min=5 max=255 cam?=3
IB seq=400 host=68641966454747 ts=0 id=0 640x481 fmt=1 px=7d53eb4000 min=9 max=255 cam?=0
IB seq=401 host=68641966616934 ts=0 id=1 640x481 fmt=1 px=7d53e68000 min=4 max=255 cam?=1
IB seq=402 host=68641966847299 ts=0 id=2 640x481 fmt=1 px=7d53e1c000 min=8 max=255 cam?=2
IB seq=403 host=68641967007559 ts=0 id=3 640x481 fmt=1 px=7d53dd0000 min=8 max=255 cam?=3
IB seq=404 host=68641967163549 ts=0 id=4 640x481 fmt=1 px=7d53d84000 min=7 max=255 cam?=0
IB seq=405 host=68641967314017 ts=0 id=5 640x481 fmt=1 px=7d53d38000 min=6 max=255 cam?=1
IB seq=406 host=68641967480267 ts=0 id=6 640x481 fmt=1 px=7d53cec000 min=7 max=255 cam?=2
IB seq=407 host=68641967646830 ts=0 id=7 640x481 fmt=1 px=7d53ca0000 min=7 max=255 cam?=3
IB seq=408 host=68641967835111 ts=0 id=8 640x481 fmt=1 px=7d53c54000 min=9 max=255 cam?=0
IB seq=409 host=68641968033392 ts=0 id=9 640x481 fmt=1 px=7d53c08000 min=5 max=184 cam?=1
IB seq=410 host=68641968194590 ts=0 id=10 640x481 fmt=1 px=7d53bbc000 min=5 max=195 cam?=2
IB seq=411 host=68641968380684 ts=0 id=11 640x481 fmt=1 px=7d53b70000 min=2 max=182 cam?=3
IB seq=412 host=68641968598757 ts=0 id=12 640x481 fmt=1 px=7d53b24000 min=4 max=138 cam?=0
IB seq=413 host=68641968775320 ts=0 id=13 640x481 fmt=1 px=7d53ad8000 min=5 max=189 cam?=1
IB seq=414 host=68641968933184 ts=0 id=14 640x481 fmt=1 px=7d53a8c000 min=5 max=164 cam?=2
IB seq=415 host=68641969100892 ts=0 id=15 640x481 fmt=1 px=7d53a40000 min=4 max=166 cam?=3
IB seq=416 host=68641969290736 ts=0 id=0 640x481 fmt=1 px=7d539f4000 min=5 max=255 cam?=0
IB seq=417 host=68641969474122 ts=0 id=1 640x481 fmt=1 px=7d539a8000 min=5 max=255 cam?=1
IB seq=418 host=68641969652924 ts=0 id=2 640x481 fmt=1 px=7d5395c000 min=6 max=255 cam?=2
IB seq=419 host=68641969829903 ts=0 id=3 640x481 fmt=1 px=7d53910000 min=4 max=255 cam?=3
IB seq=420 host=68641970042299 ts=0 id=4 640x481 fmt=1 px=7d538c4000 min=5 max=255 cam?=0
IB seq=421 host=68641970218913 ts=0 id=5 640x481 fmt=1 px=7d53878000 min=5 max=255 cam?=1
IB seq=422 host=68641970391361 ts=0 id=6 640x481 fmt=1 px=7d5382c000 min=4 max=255 cam?=2
IB seq=423 host=68641970572872 ts=0 id=7 640x481 fmt=1 px=7d537e0000 min=5 max=238 cam?=3
IB seq=424 host=68641970752142 ts=0 id=8 640x481 fmt=1 px=7d53794000 min=4 max=255 cam?=0
IB seq=425 host=68641970924434 ts=0 id=9 640x481 fmt=1 px=7d53748000 min=5 max=255 cam?=1
IB seq=426 host=68641971074486 ts=0 id=10 640x481 fmt=1 px=7d536fc000 min=5 max=245 cam?=2
IB seq=427 host=68641971227351 ts=0 id=11 640x481 fmt=1 px=7d536b0000 min=6 max=255 cam?=3
IB seq=428 host=68641971375215 ts=0 id=12 640x481 fmt=1 px=7d53664000 min=5 max=255 cam?=0
IB seq=429 host=68641971538757 ts=0 id=13 640x481 fmt=1 px=7d53618000 min=5 max=255 cam?=1
IB seq=430 host=68641971692611 ts=0 id=14 640x481 fmt=1 px=7d535cc000 min=4 max=255 cam?=2
IB seq=431 host=68641971843653 ts=0 id=15 640x481 fmt=1 px=7d53580000 min=5 max=255 cam?=3
IB seq=432 host=68641972045320 ts=0 id=0 640x481 fmt=1 px=7d53534000 min=7 max=255 cam?=0
IB seq=433 host=68641972199174 ts=0 id=1 640x481 fmt=1 px=7d534e8000 min=5 max=255 cam?=1
IB seq=434 host=68641972355320 ts=0 id=2 640x481 fmt=1 px=7d5349c000 min=5 max=255 cam?=2
IB seq=435 host=68641972540059 ts=0 id=3 640x481 fmt=1 px=7d53450000 min=6 max=255 cam?=3
IB seq=436 host=68641972714590 ts=0 id=4 640x481 fmt=1 px=7d53404000 min=12 max=255 cam?=0
IB seq=437 host=68641972884122 ts=0 id=5 640x481 fmt=1 px=7d533b8000 min=5 max=255 cam?=1
IB seq=438 host=68641973042090 ts=0 id=6 640x481 fmt=1 px=7d5336c000 min=10 max=255 cam?=2
IB seq=439 host=68641973229538 ts=0 id=7 640x481 fmt=1 px=7d53320000 min=13 max=255 cam?=3
IB seq=440 host=68641973406309 ts=0 id=8 640x481 fmt=1 px=7d532d4000 min=7 max=255 cam?=0
IB seq=441 host=68641973562299 ts=0 id=9 640x481 fmt=1 px=7d53288000 min=17 max=255 cam?=1
IB seq=442 host=68641973711778 ts=0 id=10 640x481 fmt=1 px=7d5323c000 min=15 max=255 cam?=2
IB seq=443 host=68641973862038 ts=0 id=11 640x481 fmt=1 px=7d531f0000 min=9 max=255 cam?=3
IB seq=444 host=68641974015736 ts=0 id=12 640x481 fmt=1 px=7d531a4000 min=6 max=255 cam?=0
IB seq=445 host=68641974163392 ts=0 id=13 640x481 fmt=1 px=7d53158000 min=8 max=255 cam?=1
IB seq=446 host=68641974312038 ts=0 id=14 640x481 fmt=1 px=7d5310c000 min=6 max=255 cam?=2
IB seq=447 host=68641974466049 ts=0 id=15 640x481 fmt=1 px=7d530c0000 min=9 max=255 cam?=3
IB seq=448 host=68642567294226 ts=0 id=0 640x481 fmt=1 px=7d52c80000 min=4 max=255 cam?=0
IB seq=449 host=68642567502194 ts=0 id=1 640x481 fmt=1 px=7d52c34000 min=3 max=241 cam?=1
IB seq=450 host=68642567620319 ts=0 id=2 640x481 fmt=1 px=7d3cc8c000 min=3 max=234 cam?=2
IB seq=451 host=68642567734382 ts=0 id=3 640x481 fmt=1 px=7d3cc40000 min=4 max=221 cam?=3
IB seq=452 host=68642567852299 ts=0 id=4 640x481 fmt=1 px=7d3c439000 min=5 max=179 cam?=0
IB seq=453 host=68642567970840 ts=0 id=5 640x481 fmt=1 px=7d3c3ed000 min=4 max=221 cam?=1
IB seq=454 host=68642568081153 ts=0 id=6 640x481 fmt=1 px=7d3c3a1000 min=5 max=255 cam?=2
IB seq=455 host=68642568328653 ts=0 id=7 640x481 fmt=1 px=7d3c355000 min=4 max=171 cam?=3
IB seq=456 host=68642568457403 ts=0 id=8 640x481 fmt=1 px=7d3c309000 min=3 max=191 cam?=0
IB seq=457 host=68642568574174 ts=0 id=9 640x481 fmt=1 px=7d3c2bd000 min=3 max=168 cam?=1
IB seq=458 host=68642568690371 ts=0 id=10 640x481 fmt=1 px=7d3c271000 min=5 max=255 cam?=2
IB seq=459 host=68642568803392 ts=0 id=11 640x481 fmt=1 px=7d3c225000 min=4 max=159 cam?=3
IB seq=460 host=68642568929799 ts=0 id=12 640x481 fmt=1 px=7d3c1d9000 min=4 max=231 cam?=0
IB seq=461 host=68642569199590 ts=0 id=13 640x481 fmt=1 px=7d3c18d000 min=4 max=224 cam?=1
IB seq=462 host=68642569314538 ts=0 id=14 640x481 fmt=1 px=7d3c141000 min=4 max=159 cam?=2
IB seq=463 host=68642569437403 ts=0 id=15 640x481 fmt=1 px=7d3bac2000 min=4 max=247 cam?=3
IB seq=464 host=68642569550111 ts=0 id=0 640x481 fmt=1 px=7d3ba76000 min=4 max=255 cam?=0
IB seq=465 host=68642569660111 ts=0 id=1 640x481 fmt=1 px=7d3ba2a000 min=5 max=255 cam?=1
IB seq=466 host=68642569773288 ts=0 id=2 640x481 fmt=1 px=7d3b9de000 min=6 max=255 cam?=2
IB seq=467 host=68642569884955 ts=0 id=3 640x481 fmt=1 px=7d3b992000 min=6 max=242 cam?=3
IB seq=468 host=68642569996986 ts=0 id=4 640x481 fmt=1 px=7d3b946000 min=5 max=207 cam?=0
IB seq=469 host=68642570170476 ts=0 id=5 640x481 fmt=1 px=7d3b8fa000 min=0 max=231 cam?=1
IB seq=470 host=68642570305476 ts=0 id=6 640x481 fmt=1 px=7d3b8ae000 min=4 max=195 cam?=2
IB seq=471 host=68642570416934 ts=0 id=7 640x481 fmt=1 px=7d3b862000 min=5 max=255 cam?=3
IB seq=472 host=68642570528288 ts=0 id=8 640x481 fmt=1 px=7d3b816000 min=5 max=225 cam?=0
IB seq=473 host=68642570644174 ts=0 id=9 640x481 fmt=1 px=7d3b7ca000 min=4 max=84 cam?=1
IB seq=474 host=68642570969799 ts=0 id=10 640x481 fmt=1 px=7d3b77e000 min=4 max=105 cam?=2
IB seq=475 host=68642571158705 ts=0 id=11 640x481 fmt=1 px=7d3b732000 min=4 max=92 cam?=3
IB seq=476 host=68642571311309 ts=0 id=12 640x481 fmt=1 px=7d3b6e6000 min=4 max=90 cam?=0
IB seq=477 host=68642571501986 ts=0 id=13 640x481 fmt=1 px=7d3b69a000 min=4 max=128 cam?=1
IB seq=478 host=68642571662299 ts=0 id=14 640x481 fmt=1 px=7d3b64e000 min=4 max=77 cam?=2
IB seq=479 host=68642571871153 ts=0 id=15 640x481 fmt=1 px=7d3b602000 min=4 max=110 cam?=3
IB seq=480 host=68642572040684 ts=0 id=0 640x481 fmt=1 px=7d3b5b6000 min=4 max=255 cam?=0
IB seq=481 host=68642572272611 ts=0 id=1 640x481 fmt=1 px=7d3b56a000 min=5 max=255 cam?=1
IB seq=482 host=68642572634851 ts=0 id=2 640x481 fmt=1 px=7d3b51e000 min=5 max=255 cam?=2
IB seq=483 host=68642572763965 ts=0 id=3 640x481 fmt=1 px=7d3b4d2000 min=6 max=255 cam?=3
IB seq=484 host=68642572876882 ts=0 id=4 640x481 fmt=1 px=7d3b486000 min=5 max=255 cam?=0
IB seq=485 host=68642573008965 ts=0 id=5 640x481 fmt=1 px=7d3b43a000 min=6 max=255 cam?=1
IB seq=486 host=68642573135111 ts=0 id=6 640x481 fmt=1 px=7d3b3ee000 min=5 max=255 cam?=2
IB seq=487 host=68642573431986 ts=0 id=7 640x481 fmt=1 px=7d3b3a2000 min=5 max=255 cam?=3
IB seq=488 host=68642573586465 ts=0 id=8 640x481 fmt=1 px=7d3b356000 min=6 max=255 cam?=0
IB seq=489 host=68642573741153 ts=0 id=9 640x481 fmt=1 px=7d3b30a000 min=6 max=255 cam?=1
IB seq=490 host=68642573886882 ts=0 id=10 640x481 fmt=1 px=7d3b2be000 min=5 max=255 cam?=2
IB seq=491 host=68642574013601 ts=0 id=11 640x481 fmt=1 px=7d3b272000 min=4 max=255 cam?=3
IB seq=492 host=68642574149278 ts=0 id=12 640x481 fmt=1 px=7d3b226000 min=5 max=255 cam?=0
IB seq=493 host=68642574274226 ts=0 id=13 640x481 fmt=1 px=7d3b1da000 min=6 max=255 cam?=1
IB seq=494 host=68642574691674 ts=0 id=14 640x481 fmt=1 px=7d3b18e000 min=5 max=255 cam?=2
IB seq=495 host=68642574826205 ts=0 id=15 640x481 fmt=1 px=7d3b142000 min=0 max=255 cam?=3
IB seq=496 host=68642574946153 ts=0 id=0 640x481 fmt=1 px=7d3b0f6000 min=11 max=255 cam?=0
IB seq=497 host=68642575070788 ts=0 id=1 640x481 fmt=1 px=7d3b0aa000 min=6 max=255 cam?=1
IB seq=498 host=68642575214851 ts=0 id=2 640x481 fmt=1 px=7d3b05e000 min=6 max=255 cam?=2
IB seq=499 host=68642575351205 ts=0 id=3 640x481 fmt=1 px=7d3b012000 min=8 max=255 cam?=3
IB seq=500 host=68642575471153 ts=0 id=4 640x481 fmt=1 px=7d30e91000 min=10 max=255 cam?=0
IB seq=501 host=68642575618549 ts=0 id=5 640x481 fmt=1 px=7d30e45000 min=5 max=255 cam?=1
IB seq=502 host=68642575744851 ts=0 id=6 640x481 fmt=1 px=7d30df9000 min=12 max=255 cam?=2
IB seq=503 host=68642575860163 ts=0 id=7 640x481 fmt=1 px=7d30dad000 min=11 max=255 cam?=3
IB seq=504 host=68642575977715 ts=0 id=8 640x481 fmt=1 px=7d30d61000 min=5 max=255 cam?=0
IB seq=505 host=68642576095163 ts=0 id=9 640x481 fmt=1 px=7d30d15000 min=7 max=255 cam?=1
IB seq=506 host=68642576210580 ts=0 id=10 640x481 fmt=1 px=7d30cc9000 min=10 max=255 cam?=2
IB seq=507 host=68642576354174 ts=0 id=11 640x481 fmt=1 px=7d30c7d000 min=8 max=255 cam?=3
IB seq=508 host=68642576535007 ts=0 id=12 640x481 fmt=1 px=7d30c31000 min=6 max=255 cam?=0
IB seq=509 host=68642576659434 ts=0 id=13 640x481 fmt=1 px=7d30be5000 min=11 max=255 cam?=1
IB seq=510 host=68642576775319 ts=0 id=14 640x481 fmt=1 px=7d30b99000 min=4 max=255 cam?=2
IB seq=511 host=68642576902142 ts=0 id=15 640x481 fmt=1 px=7d30b4d000 min=9 max=255 cam?=3
IB seq=512 host=68642581227038 ts=0 id=0 640x481 fmt=1 px=7d30b01000 min=4 max=255 cam?=0
IB seq=513 host=68642581477663 ts=0 id=1 640x481 fmt=1 px=7d30ab5000 min=3 max=241 cam?=1
IB seq=514 host=68642581722924 ts=0 id=2 640x481 fmt=1 px=7d30a69000 min=3 max=234 cam?=2
IB seq=515 host=68642581846726 ts=0 id=3 640x481 fmt=1 px=7d30a1d000 min=4 max=221 cam?=3
IB seq=516 host=68642582004226 ts=0 id=4 640x481 fmt=1 px=7d309d1000 min=5 max=179 cam?=0
IB seq=517 host=68642582130476 ts=0 id=5 640x481 fmt=1 px=7d30985000 min=4 max=221 cam?=1
IB seq=518 host=68642582244121 ts=0 id=6 640x481 fmt=1 px=7d30939000 min=5 max=255 cam?=2
IB seq=519 host=68642582384694 ts=0 id=7 640x481 fmt=1 px=7d308ed000 min=4 max=171 cam?=3
IB seq=520 host=68642582501257 ts=0 id=8 640x481 fmt=1 px=7d308a1000 min=3 max=191 cam?=0
IB seq=521 host=68642582618080 ts=0 id=9 640x481 fmt=1 px=7d30855000 min=3 max=168 cam?=1
IB seq=522 host=68642582783496 ts=0 id=10 640x481 fmt=1 px=7d30809000 min=5 max=255 cam?=2
IB seq=523 host=68642582944226 ts=0 id=11 640x481 fmt=1 px=7d307bd000 min=4 max=159 cam?=3
IB seq=524 host=68642583057819 ts=0 id=12 640x481 fmt=1 px=7d30771000 min=4 max=231 cam?=0
IB seq=525 host=68642583181830 ts=0 id=13 640x481 fmt=1 px=7d30725000 min=4 max=224 cam?=1
IB seq=526 host=68642583293236 ts=0 id=14 640x481 fmt=1 px=7d306d9000 min=4 max=159 cam?=2
IB seq=527 host=68642583413236 ts=0 id=15 640x481 fmt=1 px=7d3068d000 min=4 max=247 cam?=3
IB seq=528 host=68642583542611 ts=0 id=0 640x481 fmt=1 px=7d30641000 min=4 max=255 cam?=0
IB seq=529 host=68642583661569 ts=0 id=1 640x481 fmt=1 px=7d305f5000 min=5 max=255 cam?=1
IB seq=530 host=68642583774486 ts=0 id=2 640x481 fmt=1 px=7d305a9000 min=6 max=255 cam?=2
IB seq=531 host=68642583902351 ts=0 id=3 640x481 fmt=1 px=7d3055d000 min=6 max=242 cam?=3
IB seq=532 host=68642584024851 ts=0 id=4 640x481 fmt=1 px=7d30511000 min=5 max=207 cam?=0
IB seq=533 host=68642584155111 ts=0 id=5 640x481 fmt=1 px=7d304c5000 min=0 max=231 cam?=1
IB seq=534 host=68642584339017 ts=0 id=6 640x481 fmt=1 px=7d30479000 min=4 max=195 cam?=2
IB seq=535 host=68642584455424 ts=0 id=7 640x481 fmt=1 px=7d3042d000 min=5 max=255 cam?=3
IB seq=536 host=68642584598444 ts=0 id=8 640x481 fmt=1 px=7d303e1000 min=5 max=225 cam?=0
IB seq=537 host=68642584728913 ts=0 id=9 640x481 fmt=1 px=7d30395000 min=4 max=84 cam?=1
IB seq=538 host=68642584858444 ts=0 id=10 640x481 fmt=1 px=7d30349000 min=4 max=105 cam?=2
IB seq=539 host=68642584975632 ts=0 id=11 640x481 fmt=1 px=7d302fd000 min=4 max=92 cam?=3
IB seq=540 host=68642585094226 ts=0 id=12 640x481 fmt=1 px=7d302b1000 min=4 max=90 cam?=0
IB seq=541 host=68642585225944 ts=0 id=13 640x481 fmt=1 px=7d30265000 min=4 max=128 cam?=1
IB seq=542 host=68642585357090 ts=0 id=14 640x481 fmt=1 px=7d30219000 min=4 max=77 cam?=2
IB seq=543 host=68642585510580 ts=0 id=15 640x481 fmt=1 px=7d301cd000 min=4 max=110 cam?=3
IB seq=544 host=68642585651830 ts=0 id=0 640x481 fmt=1 px=7d30181000 min=4 max=255 cam?=0
IB seq=545 host=68642585791257 ts=0 id=1 640x481 fmt=1 px=7d30135000 min=5 max=255 cam?=1
IB seq=546 host=68642585953444 ts=0 id=2 640x481 fmt=1 px=7d300e9000 min=5 max=255 cam?=2
IB seq=547 host=68642586089538 ts=0 id=3 640x481 fmt=1 px=7d3009d000 min=6 max=255 cam?=3
IB seq=548 host=68642586201569 ts=0 id=4 640x481 fmt=1 px=7d30051000 min=5 max=255 cam?=0
IB seq=549 host=68642586312871 ts=0 id=5 640x481 fmt=1 px=7d30005000 min=6 max=255 cam?=1
IB seq=550 host=68642586428392 ts=0 id=6 640x481 fmt=1 px=7d2ffb9000 min=5 max=255 cam?=2
IB seq=551 host=68642586551309 ts=0 id=7 640x481 fmt=1 px=7d2ff6d000 min=5 max=255 cam?=3
IB seq=552 host=68642586718549 ts=0 id=8 640x481 fmt=1 px=7d2ff21000 min=6 max=255 cam?=0
IB seq=553 host=68642586833496 ts=0 id=9 640x481 fmt=1 px=7d2fed5000 min=6 max=255 cam?=1
IB seq=554 host=68642586945788 ts=0 id=10 640x481 fmt=1 px=7d2fe89000 min=5 max=255 cam?=2
IB seq=555 host=68642587056517 ts=0 id=11 640x481 fmt=1 px=7d2fe3d000 min=4 max=255 cam?=3
IB seq=556 host=68642587170528 ts=0 id=12 640x481 fmt=1 px=7d2fdf1000 min=5 max=255 cam?=0
IB seq=557 host=68642587286361 ts=0 id=13 640x481 fmt=1 px=7d2fda5000 min=6 max=255 cam?=1
IB seq=558 host=68642587412559 ts=0 id=14 640x481 fmt=1 px=7d2fd59000 min=5 max=255 cam?=2
IB seq=559 host=68642587532663 ts=0 id=15 640x481 fmt=1 px=7d2fd0d000 min=0 max=255 cam?=3
IB seq=560 host=68642587796049 ts=0 id=0 640x481 fmt=1 px=7d2fcc1000 min=11 max=255 cam?=0
IB seq=561 host=68642587981361 ts=0 id=1 640x481 fmt=1 px=7d2fc75000 min=6 max=255 cam?=1
IB seq=562 host=68642588156778 ts=0 id=2 640x481 fmt=1 px=7d2fc29000 min=6 max=255 cam?=2
IB seq=563 host=68642588712246 ts=0 id=3 640x481 fmt=1 px=7d2fbdd000 min=8 max=255 cam?=3
IB seq=564 host=68642589023549 ts=0 id=4 640x481 fmt=1 px=7d2fb91000 min=10 max=255 cam?=0
IB seq=565 host=68642589169017 ts=0 id=5 640x481 fmt=1 px=7d2fb45000 min=5 max=255 cam?=1
IB seq=566 host=68642589284486 ts=0 id=6 640x481 fmt=1 px=7d2faf9000 min=12 max=255 cam?=2
IB seq=567 host=68642589403653 ts=0 id=7 640x481 fmt=1 px=7d2faad000 min=11 max=255 cam?=3
IB seq=568 host=68642589562767 ts=0 id=8 640x481 fmt=1 px=7d2fa61000 min=5 max=255 cam?=0
IB seq=569 host=68642589689694 ts=0 id=9 640x481 fmt=1 px=7d2fa15000 min=7 max=255 cam?=1
IB seq=570 host=68642589857559 ts=0 id=10 640x481 fmt=1 px=7d2f9c9000 min=10 max=255 cam?=2
IB seq=571 host=68642589972871 ts=0 id=11 640x481 fmt=1 px=7d2f97d000 min=8 max=255 cam?=3
IB seq=572 host=68642590146569 ts=0 id=12 640x481 fmt=1 px=7d2f931000 min=6 max=255 cam?=0
IB seq=573 host=68642590261569 ts=0 id=13 640x481 fmt=1 px=7d2f8e5000 min=11 max=255 cam?=1
IB seq=574 host=68642590375580 ts=0 id=14 640x481 fmt=1 px=7d2f899000 min=4 max=255 cam?=2
IB seq=575 host=68642590487090 ts=0 id=15 640x481 fmt=1 px=7d2f84d000 min=9 max=255 cam?=3
