=== START Wed Sep  2 22:38:54 BST 2026 ===
--- services down at Wed Sep  2 22:39:00 BST 2026
--- LEAD-IN 20s: leave the headset SITTING STILL ON A TABLE, facing a textured scene
--- CAPTURE START Wed Sep  2 22:39:20 BST 2026 -- LEAVE IT ON THE TABLE ~6 s, then PICK IT UP BRISKLY and walk
cam_direct — B1 bring-up (stage=capture cam=0)
[+] dlopen /system/vendor/lib64/libqcameraoculushal.so -> 0x21217f7de44ea95b
[+] all 14 qcamera_* symbols resolved

=== STAGE 0b: syncboss camera power + FSIN strobe ===
[+] open /dev/syncboss_stream0 -> fd 3
[+] open /dev/syncboss0 -> fd 4
[+] raw syncboss CAMERA_PROBE (type 40) -> write 3
[+] dlopen /system/vendor/lib64/libsyncboss.so -> 0x37aa54e314e84027
[+] syncboss_init(&handle, NULL) rc=0 handle=0x7d2000a400
[+] syncboss_camera_probe rc=0 out=0x0f
[*] set_bpp(8) rc=0
[*] camera_init(4) rc=0

=== STAGE 1: enumerate ===
[+] qcamera_open(0) -> 0x7d2001f690
hal context (0x7d2001f690, 112 bytes):
  +0x00 00 00 00 00 00 00 00 00 00 00 00 00 00 00 00 00  |................|
  +0x10 00 00 00 00 00 00 00 00 00 00 00 00 00 00 00 00  |................|
  +0x20 00 00 00 00 00 00 00 00 00 00 00 00 00 00 00 00  |................|
  +0x30 10 a1 01 20 7d 00 00 00 00 00 00 00 00 00 00 00  |... }...........|
  +0x40 00 00 00 00 00 00 00 00 04 00 00 00 00 00 00 00  |................|
  +0x50 00 00 00 00 00 00 00 00 00 00 00 00 00 00 00 00  |................|
  +0x60 00 00 00 00 00 00 00 00 00 00 00 00 00 00 00 00  |................|
  w6  +0x30 = 0x0000007d2001a110  (537407889680)
  w9  +0x48 = 0x0000000000000004  (4)
[+] qcamera_num_sensors() = 4  (expect 4)

[+] qcamera_get_sensor(hal, 0) -> 0x7d20006c00
sensor object (0x7d20006c00, 128 bytes):
  +0x00 90 f6 01 20 7d 00 00 00 00 00 00 00 00 00 00 00  |... }...........|
  +0x10 00 00 00 00 00 00 00 00 00 09 00 20 7d 00 00 00  |........... }...|
  +0x20 30 09 00 20 7d 00 00 00 00 00 00 00 00 00 00 00  |0.. }...........|
  +0x30 00 00 00 00 00 00 00 00 00 00 00 00 00 00 00 00  |................|
  +0x40 00 00 00 00 00 00 00 00 00 00 00 00 00 00 00 00  |................|
  +0x50 00 00 00 00 00 00 00 00 00 00 00 00 00 00 00 00  |................|
  +0x60 00 00 00 00 00 00 00 00 00 00 00 00 00 00 00 00  |................|
  +0x70 00 6c 00 20 7d 00 00 00 00 00 00 00 00 00 00 00  |.l. }...........|
  w0  +0x00 = 0x0000007d2001f690  (537407911568)
  w3  +0x18 = 0x0000007d20000900  (537407785216)
  w4  +0x20 = 0x0000007d20000930  (537407785264)
  w14 +0x70 = 0x0000007d20006c00  (537407810560)
  qcamera_get_sensor_dim -> 0x7d20006c10  {w=0 h=0}
  sensor+0x18 (capability?) = 0x7d20000900
  capability (0x7d20000900, 96 bytes):
  +0x00 00 60 96 20 7d 00 00 00 00 10 00 00 00 00 00 00  |.`. }...........|
  +0x10 1c 00 00 00 00 00 00 00 10 a1 01 20 7d 00 00 00  |........... }...|
  +0x20 01 00 00 00 00 00 00 00 00 00 00 00 00 00 00 00  |................|
  +0x30 00 50 96 20 7d 00 00 00 00 10 00 00 00 00 00 00  |.P. }...........|
  +0x40 1d 00 00 00 00 00 00 00 10 a1 01 20 7d 00 00 00  |........... }...|
  +0x50 02 00 00 00 00 00 00 00 00 00 00 00 00 00 00 00  |................|
  w0  +0x00 = 0x0000007d20966000  (537417637888)
  w1  +0x08 = 0x0000000000001000  (4096)
  w2  +0x10 = 0x000000000000001c  (28)
  w3  +0x18 = 0x0000007d2001a110  (537407889680)
  w4  +0x20 = 0x0000000000000001  (1)
  w6  +0x30 = 0x0000007d20965000  (537417633792)
  w7  +0x38 = 0x0000000000001000  (4096)
  w8  +0x40 = 0x000000000000001d  (29)
  w9  +0x48 = 0x0000007d2001a110  (537407889680)
  w10 +0x50 = 0x0000000000000002  (2)
  qcamera_query_sensor_info rc=0
  sensor info (0x7fde593d40, 64 bytes):
  +0x00 80 02 00 00 e0 01 00 00 70 00 00 00 08 00 00 00  |........p.......|
  +0x10 00 00 00 00 08 00 00 00 01 00 00 00 01 00 00 00  |................|
  +0x20 00 00 00 00 00 00 00 00 00 00 00 00 00 00 00 00  |................|
  +0x30 00 00 00 00 00 00 00 00 00 00 00 00 00 00 00 00  |................|
  w0  +0x00 = 0x000001e000000280  (2061584302720)
  w1  +0x08 = 0x0000000800000070  (34359738480)
  w2  +0x10 = 0x0000000800000000  (34359738368)
  w3  +0x18 = 0x0000000100000001  (4294967297)
  qcamera_query_buffer_dimensions(bpp=8, meta_row=1) rc=-564578512 -> 640x481
  qcamera_query_buffer_dimensions(bpp=8, meta_row=0) rc=-564578512 -> 640x480
  qcamera_release_sensor rc=536903680

[+] qcamera_get_sensor(hal, 1) -> 0x7d20006c00
sensor object (0x7d20006c00, 128 bytes):
  +0x00 90 f6 01 20 7d 00 00 00 01 00 00 00 00 00 00 00  |... }...........|
  +0x10 00 00 00 00 00 00 00 00 00 09 00 20 7d 00 00 00  |........... }...|
  +0x20 30 09 00 20 7d 00 00 00 00 00 00 00 00 00 00 00  |0.. }...........|
  +0x30 00 00 00 00 00 00 00 00 00 00 00 00 00 00 00 00  |................|
  +0x40 00 00 00 00 00 00 00 00 00 00 00 00 00 00 00 00  |................|
  +0x50 00 00 00 00 00 00 00 00 00 00 00 00 00 00 00 00  |................|
  +0x60 00 00 00 00 00 00 00 00 00 00 00 00 00 00 00 00  |................|
  +0x70 00 6c 00 20 7d 00 00 00 00 00 00 00 00 00 00 00  |.l. }...........|
  w0  +0x00 = 0x0000007d2001f690  (537407911568)
  w1  +0x08 = 0x0000000000000001  (1)
  w3  +0x18 = 0x0000007d20000900  (537407785216)
  w4  +0x20 = 0x0000007d20000930  (537407785264)
  w14 +0x70 = 0x0000007d20006c00  (537407810560)
  qcamera_get_sensor_dim -> 0x7d20006c10  {w=0 h=0}
  sensor+0x18 (capability?) = 0x7d20000900
  capability (0x7d20000900, 96 bytes):
  +0x00 00 60 96 20 7d 00 00 00 00 10 00 00 00 00 00 00  |.`. }...........|
  +0x10 1c 00 00 00 00 00 00 00 10 a1 01 20 7d 00 00 00  |........... }...|
  +0x20 01 00 00 00 00 00 00 00 00 00 00 00 00 00 00 00  |................|
  +0x30 00 50 96 20 7d 00 00 00 00 10 00 00 00 00 00 00  |.P. }...........|
  +0x40 1d 00 00 00 00 00 00 00 10 a1 01 20 7d 00 00 00  |........... }...|
  +0x50 02 00 00 00 00 00 00 00 00 00 00 00 00 00 00 00  |................|
  w0  +0x00 = 0x0000007d20966000  (537417637888)
  w1  +0x08 = 0x0000000000001000  (4096)
  w2  +0x10 = 0x000000000000001c  (28)
  w3  +0x18 = 0x0000007d2001a110  (537407889680)
  w4  +0x20 = 0x0000000000000001  (1)
  w6  +0x30 = 0x0000007d20965000  (537417633792)
  w7  +0x38 = 0x0000000000001000  (4096)
  w8  +0x40 = 0x000000000000001d  (29)
  w9  +0x48 = 0x0000007d2001a110  (537407889680)
  w10 +0x50 = 0x0000000000000002  (2)
  qcamera_query_sensor_info rc=0
  sensor info (0x7fde593d40, 64 bytes):
  +0x00 80 02 00 00 e0 01 00 00 70 00 00 00 08 00 00 00  |........p.......|
  +0x10 00 00 00 00 08 00 00 00 01 00 00 00 01 00 00 00  |................|
  +0x20 00 00 00 00 01 00 00 00 00 00 00 00 00 00 00 00  |................|
  +0x30 00 00 00 00 00 00 00 00 00 00 00 00 00 00 00 00  |................|
  w0  +0x00 = 0x000001e000000280  (2061584302720)
  w1  +0x08 = 0x0000000800000070  (34359738480)
  w2  +0x10 = 0x0000000800000000  (34359738368)
  w3  +0x18 = 0x0000000100000001  (4294967297)
  w4  +0x20 = 0x0000000100000000  (4294967296)
  qcamera_query_buffer_dimensions(bpp=8, meta_row=1) rc=-564578512 -> 640x481
  qcamera_query_buffer_dimensions(bpp=8, meta_row=0) rc=-564578512 -> 640x480
  qcamera_release_sensor rc=536903680

[+] qcamera_get_sensor(hal, 2) -> 0x7d20006c00
sensor object (0x7d20006c00, 128 bytes):
  +0x00 90 f6 01 20 7d 00 00 00 02 00 00 00 00 00 00 00  |... }...........|
  +0x10 00 00 00 00 00 00 00 00 00 09 00 20 7d 00 00 00  |........... }...|
  +0x20 30 09 00 20 7d 00 00 00 00 00 00 00 00 00 00 00  |0.. }...........|
  +0x30 00 00 00 00 00 00 00 00 00 00 00 00 00 00 00 00  |................|
  +0x40 00 00 00 00 00 00 00 00 00 00 00 00 00 00 00 00  |................|
  +0x50 00 00 00 00 00 00 00 00 00 00 00 00 00 00 00 00  |................|
  +0x60 00 00 00 00 00 00 00 00 00 00 00 00 00 00 00 00  |................|
  +0x70 00 6c 00 20 7d 00 00 00 00 00 00 00 00 00 00 00  |.l. }...........|
  w0  +0x00 = 0x0000007d2001f690  (537407911568)
  w1  +0x08 = 0x0000000000000002  (2)
  w3  +0x18 = 0x0000007d20000900  (537407785216)
  w4  +0x20 = 0x0000007d20000930  (537407785264)
  w14 +0x70 = 0x0000007d20006c00  (537407810560)
  qcamera_get_sensor_dim -> 0x7d20006c10  {w=0 h=0}
  sensor+0x18 (capability?) = 0x7d20000900
  capability (0x7d20000900, 96 bytes):
  +0x00 00 60 96 20 7d 00 00 00 00 10 00 00 00 00 00 00  |.`. }...........|
  +0x10 1c 00 00 00 00 00 00 00 10 a1 01 20 7d 00 00 00  |........... }...|
  +0x20 01 00 00 00 00 00 00 00 00 00 00 00 00 00 00 00  |................|
  +0x30 00 50 96 20 7d 00 00 00 00 10 00 00 00 00 00 00  |.P. }...........|
  +0x40 1d 00 00 00 00 00 00 00 10 a1 01 20 7d 00 00 00  |........... }...|
  +0x50 02 00 00 00 00 00 00 00 00 00 00 00 00 00 00 00  |................|
  w0  +0x00 = 0x0000007d20966000  (537417637888)
  w1  +0x08 = 0x0000000000001000  (4096)
  w2  +0x10 = 0x000000000000001c  (28)
  w3  +0x18 = 0x0000007d2001a110  (537407889680)
  w4  +0x20 = 0x0000000000000001  (1)
  w6  +0x30 = 0x0000007d20965000  (537417633792)
  w7  +0x38 = 0x0000000000001000  (4096)
  w8  +0x40 = 0x000000000000001d  (29)
  w9  +0x48 = 0x0000007d2001a110  (537407889680)
  w10 +0x50 = 0x0000000000000002  (2)
  qcamera_query_sensor_info rc=0
  sensor info (0x7fde593d40, 64 bytes):
  +0x00 80 02 00 00 e0 01 00 00 70 00 00 00 08 00 00 00  |........p.......|
  +0x10 00 00 00 00 08 00 00 00 01 00 00 00 01 00 00 00  |................|
  +0x20 00 00 00 00 02 00 00 00 00 00 00 00 00 00 00 00  |................|
  +0x30 00 00 00 00 00 00 00 00 00 00 00 00 00 00 00 00  |................|
  w0  +0x00 = 0x000001e000000280  (2061584302720)
  w1  +0x08 = 0x0000000800000070  (34359738480)
  w2  +0x10 = 0x0000000800000000  (34359738368)
  w3  +0x18 = 0x0000000100000001  (4294967297)
  w4  +0x20 = 0x0000000200000000  (8589934592)
  qcamera_query_buffer_dimensions(bpp=8, meta_row=1) rc=-564578512 -> 640x481
  qcamera_query_buffer_dimensions(bpp=8, meta_row=0) rc=-564578512 -> 640x480
  qcamera_release_sensor rc=536903680

[+] qcamera_get_sensor(hal, 3) -> 0x7d20006c00
sensor object (0x7d20006c00, 128 bytes):
  +0x00 90 f6 01 20 7d 00 00 00 03 00 00 00 00 00 00 00  |... }...........|
  +0x10 00 00 00 00 00 00 00 00 00 09 00 20 7d 00 00 00  |........... }...|
  +0x20 30 09 00 20 7d 00 00 00 00 00 00 00 00 00 00 00  |0.. }...........|
  +0x30 00 00 00 00 00 00 00 00 00 00 00 00 00 00 00 00  |................|
  +0x40 00 00 00 00 00 00 00 00 00 00 00 00 00 00 00 00  |................|
  +0x50 00 00 00 00 00 00 00 00 00 00 00 00 00 00 00 00  |................|
  +0x60 00 00 00 00 00 00 00 00 00 00 00 00 00 00 00 00  |................|
  +0x70 00 6c 00 20 7d 00 00 00 00 00 00 00 00 00 00 00  |.l. }...........|
  w0  +0x00 = 0x0000007d2001f690  (537407911568)
  w1  +0x08 = 0x0000000000000003  (3)
  w3  +0x18 = 0x0000007d20000900  (537407785216)
  w4  +0x20 = 0x0000007d20000930  (537407785264)
  w14 +0x70 = 0x0000007d20006c00  (537407810560)
  qcamera_get_sensor_dim -> 0x7d20006c10  {w=0 h=0}
  sensor+0x18 (capability?) = 0x7d20000900
  capability (0x7d20000900, 96 bytes):
  +0x00 00 60 96 20 7d 00 00 00 00 10 00 00 00 00 00 00  |.`. }...........|
  +0x10 1c 00 00 00 00 00 00 00 10 a1 01 20 7d 00 00 00  |........... }...|
  +0x20 01 00 00 00 00 00 00 00 00 00 00 00 00 00 00 00  |................|
  +0x30 00 50 96 20 7d 00 00 00 00 10 00 00 00 00 00 00  |.P. }...........|
  +0x40 1d 00 00 00 00 00 00 00 10 a1 01 20 7d 00 00 00  |........... }...|
  +0x50 02 00 00 00 00 00 00 00 00 00 00 00 00 00 00 00  |................|
  w0  +0x00 = 0x0000007d20966000  (537417637888)
  w1  +0x08 = 0x0000000000001000  (4096)
  w2  +0x10 = 0x000000000000001c  (28)
  w3  +0x18 = 0x0000007d2001a110  (537407889680)
  w4  +0x20 = 0x0000000000000001  (1)
  w6  +0x30 = 0x0000007d20965000  (537417633792)
  w7  +0x38 = 0x0000000000001000  (4096)
  w8  +0x40 = 0x000000000000001d  (29)
  w9  +0x48 = 0x0000007d2001a110  (537407889680)
  w10 +0x50 = 0x0000000000000002  (2)
  qcamera_query_sensor_info rc=0
  sensor info (0x7fde593d40, 64 bytes):
  +0x00 80 02 00 00 e0 01 00 00 70 00 00 00 08 00 00 00  |........p.......|
  +0x10 00 00 00 00 08 00 00 00 01 00 00 00 01 00 00 00  |................|
  +0x20 00 00 00 00 03 00 00 00 00 00 00 00 00 00 00 00  |................|
  +0x30 00 00 00 00 00 00 00 00 00 00 00 00 00 00 00 00  |................|
  w0  +0x00 = 0x000001e000000280  (2061584302720)
  w1  +0x08 = 0x0000000800000070  (34359738480)
  w2  +0x10 = 0x0000000800000000  (34359738368)
  w3  +0x18 = 0x0000000100000001  (4294967297)
  w4  +0x20 = 0x0000000300000000  (12884901888)
  qcamera_query_buffer_dimensions(bpp=8, meta_row=1) rc=-564578512 -> 640x481
  qcamera_query_buffer_dimensions(bpp=8, meta_row=0) rc=-564578512 -> 640x480
  qcamera_release_sensor rc=536903680

=== STAGE 5: VIO capture (cams 0+2, 30 s) ===
[+] cam 0 start rc=0 started=1
[+] cam 2 start rc=0 started=1
[+] syncboss.raw fd=57
[*] syncboss_imu_enable rc=0
[+] set_frame_rate(33333) rc=0
[+] set_exposure_gain(exp=8000 gain=255 x4) rc=0
[*] set_frame_tag_mode(1) rc=0
[+] syncboss_camera_start_streaming(4) rc=0  <-- FSIN strobe
[+] capture done: 3611 frames written over 30 s
[+] imu thread: 1282789 bytes of syncboss stream
[*] qcamera_close rc=536903680
[*] camera_stop_streaming rc=0
[*] camera_release rc=0
[*] camera_deinit rc=0
[*] syncboss_deinit rc=536903680
[+] raw syncboss CAMERA_RELEASE (type 41) -> write 3
done.
exit=0
--- CAPTURE END Wed Sep  2 22:39:51 BST 2026
--- sizes
3614
1.0G	/data/local/tmp/camdirect
3612
-rw-r--r-- 1 root root 1282789 2026-09-02 22:39 /data/local/tmp/camdirect/syncboss.raw
=== RESTORE ===
tracking=running enforce=Enforcing
=== DONE Wed Sep  2 22:40:02 BST 2026 ===
