=== START Thu Sep  3 09:51:03 BST 2026 ===
pre: tracking=running enforce=Enforcing
--- stopping trackingservice + framework + sensors HAL
--- services down at Thu Sep  3 09:51:09 BST 2026

########## exposure=300 gain=40
cam_direct — B1 bring-up (stage=all cam=0)
[+] dlopen /system/vendor/lib64/libqcameraoculushal.so -> 0x9139d002000e40b1
[+] all 14 qcamera_* symbols resolved

=== STAGE 0b: syncboss camera power + FSIN strobe ===
[+] open /dev/syncboss_stream0 -> fd 3
[+] open /dev/syncboss0 -> fd 4
[+] raw syncboss CAMERA_PROBE (type 40) -> write 3
[+] dlopen /system/vendor/lib64/libsyncboss.so -> 0x7122ceadc2ab30d1
[+] syncboss_init(&handle, NULL) rc=0 handle=0x74bb20a840
[+] syncboss_camera_probe rc=0 out=0x0f
[*] set_bpp(8) rc=0
[*] camera_init(4) rc=0

=== STAGE 1: enumerate ===
[+] qcamera_open(0) -> 0x74bb21f690
hal context (0x74bb21f690, 112 bytes):
  +0x00 00 00 00 00 00 00 00 00 00 00 00 00 00 00 00 00  |................|
  +0x10 00 00 00 00 00 00 00 00 00 00 00 00 00 00 00 00  |................|
  +0x20 00 00 00 00 00 00 00 00 00 00 00 00 00 00 00 00  |................|
  +0x30 10 a1 21 bb 74 00 00 00 00 00 00 00 00 00 00 00  |..!.t...........|
  +0x40 00 00 00 00 00 00 00 00 04 00 00 00 00 00 00 00  |................|
  +0x50 00 00 00 00 00 00 00 00 00 00 00 00 00 00 00 00  |................|
  +0x60 00 00 00 00 00 00 00 00 00 00 00 00 00 00 00 00  |................|
  w6  +0x30 = 0x00000074bb21a110  (501355749648)
  w9  +0x48 = 0x0000000000000004  (4)
[+] qcamera_num_sensors() = 4  (expect 4)

[+] qcamera_get_sensor(hal, 0) -> 0x74bb206c00
sensor object (0x74bb206c00, 128 bytes):
  +0x00 90 f6 21 bb 74 00 00 00 00 00 00 00 00 00 00 00  |..!.t...........|
  +0x10 00 00 00 00 00 00 00 00 00 09 20 bb 74 00 00 00  |.......... .t...|
  +0x20 30 09 20 bb 74 00 00 00 00 00 00 00 00 00 00 00  |0. .t...........|
  +0x30 00 00 00 00 00 00 00 00 00 00 00 00 00 00 00 00  |................|
  +0x40 00 00 00 00 00 00 00 00 00 00 00 00 00 00 00 00  |................|
  +0x50 00 00 00 00 00 00 00 00 00 00 00 00 00 00 00 00  |................|
  +0x60 00 00 00 00 00 00 00 00 00 00 00 00 00 00 00 00  |................|
  +0x70 00 6c 20 bb 74 00 00 00 00 00 00 00 00 00 00 00  |.l .t...........|
  w0  +0x00 = 0x00000074bb21f690  (501355771536)
  w3  +0x18 = 0x00000074bb200900  (501355645184)
  w4  +0x20 = 0x00000074bb200930  (501355645232)
  w14 +0x70 = 0x00000074bb206c00  (501355670528)
  qcamera_get_sensor_dim -> 0x74bb206c10  {w=0 h=0}
  sensor+0x18 (capability?) = 0x74bb200900
  capability (0x74bb200900, 96 bytes):
  +0x00 00 e0 ca bb 74 00 00 00 00 10 00 00 00 00 00 00  |....t...........|
  +0x10 1c 00 00 00 00 00 00 00 10 a1 21 bb 74 00 00 00  |..........!.t...|
  +0x20 01 00 00 00 00 00 00 00 00 00 00 00 00 00 00 00  |................|
  +0x30 00 d0 ca bb 74 00 00 00 00 10 00 00 00 00 00 00  |....t...........|
  +0x40 1d 00 00 00 00 00 00 00 10 a1 21 bb 74 00 00 00  |..........!.t...|
  +0x50 02 00 00 00 00 00 00 00 00 00 00 00 00 00 00 00  |................|
  w0  +0x00 = 0x00000074bbcae000  (501366841344)
  w1  +0x08 = 0x0000000000001000  (4096)
  w2  +0x10 = 0x000000000000001c  (28)
  w3  +0x18 = 0x00000074bb21a110  (501355749648)
  w4  +0x20 = 0x0000000000000001  (1)
  w6  +0x30 = 0x00000074bbcad000  (501366837248)
  w7  +0x38 = 0x0000000000001000  (4096)
  w8  +0x40 = 0x000000000000001d  (29)
  w9  +0x48 = 0x00000074bb21a110  (501355749648)
  w10 +0x50 = 0x0000000000000002  (2)
  qcamera_query_sensor_info rc=0
  sensor info (0x7fc23148a0, 64 bytes):
  +0x00 80 02 00 00 e0 01 00 00 70 00 00 00 08 00 00 00  |........p.......|
  +0x10 00 00 00 00 08 00 00 00 01 00 00 00 01 00 00 00  |................|
  +0x20 00 00 00 00 00 00 00 00 00 00 00 00 00 00 00 00  |................|
  +0x30 00 00 00 00 00 00 00 00 00 00 00 00 00 00 00 00  |................|
  w0  +0x00 = 0x000001e000000280  (2061584302720)
  w1  +0x08 = 0x0000000800000070  (34359738480)
  w2  +0x10 = 0x0000000800000000  (34359738368)
  w3  +0x18 = 0x0000000100000001  (4294967297)
  qcamera_query_buffer_dimensions(bpp=8, meta_row=1) rc=-1036959088 -> 640x481
  qcamera_query_buffer_dimensions(bpp=8, meta_row=0) rc=-1036959088 -> 640x480
  qcamera_release_sensor rc=-1155497984

[+] qcamera_get_sensor(hal, 1) -> 0x74bb206c00
sensor object (0x74bb206c00, 128 bytes):
  +0x00 90 f6 21 bb 74 00 00 00 01 00 00 00 00 00 00 00  |..!.t...........|
  +0x10 00 00 00 00 00 00 00 00 00 09 20 bb 74 00 00 00  |.......... .t...|
  +0x20 30 09 20 bb 74 00 00 00 00 00 00 00 00 00 00 00  |0. .t...........|
  +0x30 00 00 00 00 00 00 00 00 00 00 00 00 00 00 00 00  |................|
  +0x40 00 00 00 00 00 00 00 00 00 00 00 00 00 00 00 00  |................|
  +0x50 00 00 00 00 00 00 00 00 00 00 00 00 00 00 00 00  |................|
  +0x60 00 00 00 00 00 00 00 00 00 00 00 00 00 00 00 00  |................|
  +0x70 00 6c 20 bb 74 00 00 00 00 00 00 00 00 00 00 00  |.l .t...........|
  w0  +0x00 = 0x00000074bb21f690  (501355771536)
  w1  +0x08 = 0x0000000000000001  (1)
  w3  +0x18 = 0x00000074bb200900  (501355645184)
  w4  +0x20 = 0x00000074bb200930  (501355645232)
  w14 +0x70 = 0x00000074bb206c00  (501355670528)
  qcamera_get_sensor_dim -> 0x74bb206c10  {w=0 h=0}
  sensor+0x18 (capability?) = 0x74bb200900
  capability (0x74bb200900, 96 bytes):
  +0x00 00 e0 ca bb 74 00 00 00 00 10 00 00 00 00 00 00  |....t...........|
  +0x10 1c 00 00 00 00 00 00 00 10 a1 21 bb 74 00 00 00  |..........!.t...|
  +0x20 01 00 00 00 00 00 00 00 00 00 00 00 00 00 00 00  |................|
  +0x30 00 d0 ca bb 74 00 00 00 00 10 00 00 00 00 00 00  |....t...........|
  +0x40 1d 00 00 00 00 00 00 00 10 a1 21 bb 74 00 00 00  |..........!.t...|
  +0x50 02 00 00 00 00 00 00 00 00 00 00 00 00 00 00 00  |................|
  w0  +0x00 = 0x00000074bbcae000  (501366841344)
  w1  +0x08 = 0x0000000000001000  (4096)
  w2  +0x10 = 0x000000000000001c  (28)
  w3  +0x18 = 0x00000074bb21a110  (501355749648)
  w4  +0x20 = 0x0000000000000001  (1)
  w6  +0x30 = 0x00000074bbcad000  (501366837248)
  w7  +0x38 = 0x0000000000001000  (4096)
  w8  +0x40 = 0x000000000000001d  (29)
  w9  +0x48 = 0x00000074bb21a110  (501355749648)
  w10 +0x50 = 0x0000000000000002  (2)
  qcamera_query_sensor_info rc=0
  sensor info (0x7fc23148a0, 64 bytes):
  +0x00 80 02 00 00 e0 01 00 00 70 00 00 00 08 00 00 00  |........p.......|
  +0x10 00 00 00 00 08 00 00 00 01 00 00 00 01 00 00 00  |................|
  +0x20 00 00 00 00 01 00 00 00 00 00 00 00 00 00 00 00  |................|
  +0x30 00 00 00 00 00 00 00 00 00 00 00 00 00 00 00 00  |................|
  w0  +0x00 = 0x000001e000000280  (2061584302720)
  w1  +0x08 = 0x0000000800000070  (34359738480)
  w2  +0x10 = 0x0000000800000000  (34359738368)
  w3  +0x18 = 0x0000000100000001  (4294967297)
  w4  +0x20 = 0x0000000100000000  (4294967296)
  qcamera_query_buffer_dimensions(bpp=8, meta_row=1) rc=-1036959088 -> 640x481
  qcamera_query_buffer_dimensions(bpp=8, meta_row=0) rc=-1036959088 -> 640x480
  qcamera_release_sensor rc=-1155497984

[+] qcamera_get_sensor(hal, 2) -> 0x74bb206c00
sensor object (0x74bb206c00, 128 bytes):
  +0x00 90 f6 21 bb 74 00 00 00 02 00 00 00 00 00 00 00  |..!.t...........|
  +0x10 00 00 00 00 00 00 00 00 00 09 20 bb 74 00 00 00  |.......... .t...|
  +0x20 30 09 20 bb 74 00 00 00 00 00 00 00 00 00 00 00  |0. .t...........|
  +0x30 00 00 00 00 00 00 00 00 00 00 00 00 00 00 00 00  |................|
  +0x40 00 00 00 00 00 00 00 00 00 00 00 00 00 00 00 00  |................|
  +0x50 00 00 00 00 00 00 00 00 00 00 00 00 00 00 00 00  |................|
  +0x60 00 00 00 00 00 00 00 00 00 00 00 00 00 00 00 00  |................|
  +0x70 00 6c 20 bb 74 00 00 00 00 00 00 00 00 00 00 00  |.l .t...........|
  w0  +0x00 = 0x00000074bb21f690  (501355771536)
  w1  +0x08 = 0x0000000000000002  (2)
  w3  +0x18 = 0x00000074bb200900  (501355645184)
  w4  +0x20 = 0x00000074bb200930  (501355645232)
  w14 +0x70 = 0x00000074bb206c00  (501355670528)
  qcamera_get_sensor_dim -> 0x74bb206c10  {w=0 h=0}
  sensor+0x18 (capability?) = 0x74bb200900
  capability (0x74bb200900, 96 bytes):
  +0x00 00 e0 ca bb 74 00 00 00 00 10 00 00 00 00 00 00  |....t...........|
  +0x10 1c 00 00 00 00 00 00 00 10 a1 21 bb 74 00 00 00  |..........!.t...|
  +0x20 01 00 00 00 00 00 00 00 00 00 00 00 00 00 00 00  |................|
  +0x30 00 d0 ca bb 74 00 00 00 00 10 00 00 00 00 00 00  |....t...........|
  +0x40 1d 00 00 00 00 00 00 00 10 a1 21 bb 74 00 00 00  |..........!.t...|
  +0x50 02 00 00 00 00 00 00 00 00 00 00 00 00 00 00 00  |................|
  w0  +0x00 = 0x00000074bbcae000  (501366841344)
  w1  +0x08 = 0x0000000000001000  (4096)
  w2  +0x10 = 0x000000000000001c  (28)
  w3  +0x18 = 0x00000074bb21a110  (501355749648)
  w4  +0x20 = 0x0000000000000001  (1)
  w6  +0x30 = 0x00000074bbcad000  (501366837248)
  w7  +0x38 = 0x0000000000001000  (4096)
  w8  +0x40 = 0x000000000000001d  (29)
  w9  +0x48 = 0x00000074bb21a110  (501355749648)
  w10 +0x50 = 0x0000000000000002  (2)
  qcamera_query_sensor_info rc=0
  sensor info (0x7fc23148a0, 64 bytes):
  +0x00 80 02 00 00 e0 01 00 00 70 00 00 00 08 00 00 00  |........p.......|
  +0x10 00 00 00 00 08 00 00 00 01 00 00 00 01 00 00 00  |................|
  +0x20 00 00 00 00 02 00 00 00 00 00 00 00 00 00 00 00  |................|
  +0x30 00 00 00 00 00 00 00 00 00 00 00 00 00 00 00 00  |................|
  w0  +0x00 = 0x000001e000000280  (2061584302720)
  w1  +0x08 = 0x0000000800000070  (34359738480)
  w2  +0x10 = 0x0000000800000000  (34359738368)
  w3  +0x18 = 0x0000000100000001  (4294967297)
  w4  +0x20 = 0x0000000200000000  (8589934592)
  qcamera_query_buffer_dimensions(bpp=8, meta_row=1) rc=-1036959088 -> 640x481
  qcamera_query_buffer_dimensions(bpp=8, meta_row=0) rc=-1036959088 -> 640x480
  qcamera_release_sensor rc=-1155497984

[+] qcamera_get_sensor(hal, 3) -> 0x74bb206c00
sensor object (0x74bb206c00, 128 bytes):
  +0x00 90 f6 21 bb 74 00 00 00 03 00 00 00 00 00 00 00  |..!.t...........|
  +0x10 00 00 00 00 00 00 00 00 00 09 20 bb 74 00 00 00  |.......... .t...|
  +0x20 30 09 20 bb 74 00 00 00 00 00 00 00 00 00 00 00  |0. .t...........|
  +0x30 00 00 00 00 00 00 00 00 00 00 00 00 00 00 00 00  |................|
  +0x40 00 00 00 00 00 00 00 00 00 00 00 00 00 00 00 00  |................|
  +0x50 00 00 00 00 00 00 00 00 00 00 00 00 00 00 00 00  |................|
  +0x60 00 00 00 00 00 00 00 00 00 00 00 00 00 00 00 00  |................|
  +0x70 00 6c 20 bb 74 00 00 00 00 00 00 00 00 00 00 00  |.l .t...........|
  w0  +0x00 = 0x00000074bb21f690  (501355771536)
  w1  +0x08 = 0x0000000000000003  (3)
  w3  +0x18 = 0x00000074bb200900  (501355645184)
  w4  +0x20 = 0x00000074bb200930  (501355645232)
  w14 +0x70 = 0x00000074bb206c00  (501355670528)
  qcamera_get_sensor_dim -> 0x74bb206c10  {w=0 h=0}
  sensor+0x18 (capability?) = 0x74bb200900
  capability (0x74bb200900, 96 bytes):
  +0x00 00 e0 ca bb 74 00 00 00 00 10 00 00 00 00 00 00  |....t...........|
  +0x10 1c 00 00 00 00 00 00 00 10 a1 21 bb 74 00 00 00  |..........!.t...|
  +0x20 01 00 00 00 00 00 00 00 00 00 00 00 00 00 00 00  |................|
  +0x30 00 d0 ca bb 74 00 00 00 00 10 00 00 00 00 00 00  |....t...........|
  +0x40 1d 00 00 00 00 00 00 00 10 a1 21 bb 74 00 00 00  |..........!.t...|
  +0x50 02 00 00 00 00 00 00 00 00 00 00 00 00 00 00 00  |................|
  w0  +0x00 = 0x00000074bbcae000  (501366841344)
  w1  +0x08 = 0x0000000000001000  (4096)
  w2  +0x10 = 0x000000000000001c  (28)
  w3  +0x18 = 0x00000074bb21a110  (501355749648)
  w4  +0x20 = 0x0000000000000001  (1)
  w6  +0x30 = 0x00000074bbcad000  (501366837248)
  w7  +0x38 = 0x0000000000001000  (4096)
  w8  +0x40 = 0x000000000000001d  (29)
  w9  +0x48 = 0x00000074bb21a110  (501355749648)
  w10 +0x50 = 0x0000000000000002  (2)
  qcamera_query_sensor_info rc=0
  sensor info (0x7fc23148a0, 64 bytes):
  +0x00 80 02 00 00 e0 01 00 00 70 00 00 00 08 00 00 00  |........p.......|
  +0x10 00 00 00 00 08 00 00 00 01 00 00 00 01 00 00 00  |................|
  +0x20 00 00 00 00 03 00 00 00 00 00 00 00 00 00 00 00  |................|
  +0x30 00 00 00 00 00 00 00 00 00 00 00 00 00 00 00 00  |................|
  w0  +0x00 = 0x000001e000000280  (2061584302720)
  w1  +0x08 = 0x0000000800000070  (34359738480)
  w2  +0x10 = 0x0000000800000000  (34359738368)
  w3  +0x18 = 0x0000000100000001  (4294967297)
  w4  +0x20 = 0x0000000300000000  (12884901888)
  qcamera_query_buffer_dimensions(bpp=8, meta_row=1) rc=-1036959088 -> 640x481
  qcamera_query_buffer_dimensions(bpp=8, meta_row=0) rc=-1036959088 -> 640x480
  qcamera_release_sensor rc=-1155497984

=== STAGE 4: start all 4 sensors ===
[+] cam 0: start_sensor rc=0 started=1 fd=30
[+] cam 1: start_sensor rc=0 started=1 fd=43
[+] cam 2: start_sensor rc=0 started=1 fd=54
[+] cam 3: start_sensor rc=0 started=1 fd=66
[*] 4/4 sensors streaming

=== STAGE 4b: syncboss startCameras ===
[+] set_frame_rate(33333) rc=0
[+] set_exposure_gain(exp=300 gain=40 x4) rc=0
[*] set_frame_tag_mode(1) rc=0
[+] syncboss_camera_start_streaming(4) rc=0  <-- FSIN strobe
[cam 0 round 0] ts=213407.141370000 size=307840 min=0 max=235 mean=8.9 -> /data/local/tmp/camdirect/cam0_000.gray
[cam 1 round 0] ts=213407.141370000 size=307840 min=0 max=255 mean=18.3 -> /data/local/tmp/camdirect/cam1_000.gray
[cam 2 round 0] ts=213407.141385000 size=307840 min=0 max=235 mean=7.1 -> /data/local/tmp/camdirect/cam2_000.gray
[cam 3 round 0] ts=213407.141385000 size=307840 min=0 max=255 mean=12.4 -> /data/local/tmp/camdirect/cam3_000.gray
[cam 0 round 1] ts=213407.156529000 size=307840 min=0 max=235 mean=4.8 -> /data/local/tmp/camdirect/cam0_001.gray
[cam 1 round 1] ts=213407.156529000 size=307840 min=0 max=235 mean=6.5 -> /data/local/tmp/camdirect/cam1_001.gray
[cam 2 round 1] ts=213407.156542000 size=307840 min=0 max=235 mean=4.5 -> /data/local/tmp/camdirect/cam2_001.gray
[cam 3 round 1] ts=213407.156542000 size=307840 min=0 max=235 mean=5.5 -> /data/local/tmp/camdirect/cam3_001.gray
[cam 0 round 2] ts=213407.174716000 size=307840 min=0 max=235 mean=4.6 -> /data/local/tmp/camdirect/cam0_002.gray
[cam 1 round 2] ts=213407.174716000 size=307840 min=0 max=235 mean=5.3 -> /data/local/tmp/camdirect/cam1_002.gray
[cam 2 round 2] ts=213407.174749000 size=307840 min=0 max=235 mean=4.4 -> /data/local/tmp/camdirect/cam2_002.gray
[cam 3 round 2] ts=213407.174749000 size=307840 min=0 max=235 mean=4.9 -> /data/local/tmp/camdirect/cam3_002.gray
[*] qcamera_close rc=-1155497984
[*] camera_stop_streaming rc=0
[*] camera_release rc=0
[*] camera_deinit rc=0
[*] syncboss_deinit rc=-1155497984
[+] raw syncboss CAMERA_RELEASE (type 41) -> write 3
done.
exit=0
cam0_000.gray
cam0_001.gray
cam0_002.gray
cam1_000.gray
cam1_001.gray
cam1_002.gray
cam2_000.gray
cam2_001.gray
cam2_002.gray
cam3_000.gray
cam3_001.gray
cam3_002.gray

########## exposure=1000 gain=80
cam_direct — B1 bring-up (stage=all cam=0)
[+] dlopen /system/vendor/lib64/libqcameraoculushal.so -> 0x296474eb0c1ba405
[+] all 14 qcamera_* symbols resolved

=== STAGE 0b: syncboss camera power + FSIN strobe ===
[+] open /dev/syncboss_stream0 -> fd 3
[+] open /dev/syncboss0 -> fd 4
[+] raw syncboss CAMERA_PROBE (type 40) -> write 3
[+] dlopen /system/vendor/lib64/libsyncboss.so -> 0xc919e4c4782a3991
[+] syncboss_init(&handle, NULL) rc=0 handle=0x7616e0a0c0
[+] syncboss_camera_probe rc=0 out=0x0f
[*] set_bpp(8) rc=0
[*] camera_init(4) rc=0

=== STAGE 1: enumerate ===
[+] qcamera_open(0) -> 0x7616e1f690
hal context (0x7616e1f690, 112 bytes):
  +0x00 00 00 00 00 00 00 00 00 00 00 00 00 00 00 00 00  |................|
  +0x10 00 00 00 00 00 00 00 00 00 00 00 00 00 00 00 00  |................|
  +0x20 00 00 00 00 00 00 00 00 00 00 00 00 00 00 00 00  |................|
  +0x30 10 a1 e1 16 76 00 00 00 00 00 00 00 00 00 00 00  |....v...........|
  +0x40 00 00 00 00 00 00 00 00 04 00 00 00 00 00 00 00  |................|
  +0x50 00 00 00 00 00 00 00 00 00 00 00 00 00 00 00 00  |................|
  +0x60 00 00 00 00 00 00 00 00 00 00 00 00 00 00 00 00  |................|
  w6  +0x30 = 0x0000007616e1a110  (507190026512)
  w9  +0x48 = 0x0000000000000004  (4)
[+] qcamera_num_sensors() = 4  (expect 4)

[+] qcamera_get_sensor(hal, 0) -> 0x7616e06c00
sensor object (0x7616e06c00, 128 bytes):
  +0x00 90 f6 e1 16 76 00 00 00 00 00 00 00 00 00 00 00  |....v...........|
  +0x10 00 00 00 00 00 00 00 00 00 09 e0 16 76 00 00 00  |............v...|
  +0x20 30 09 e0 16 76 00 00 00 00 00 00 00 00 00 00 00  |0...v...........|
  +0x30 00 00 00 00 00 00 00 00 00 00 00 00 00 00 00 00  |................|
  +0x40 00 00 00 00 00 00 00 00 00 00 00 00 00 00 00 00  |................|
  +0x50 00 00 00 00 00 00 00 00 00 00 00 00 00 00 00 00  |................|
  +0x60 00 00 00 00 00 00 00 00 00 00 00 00 00 00 00 00  |................|
  +0x70 00 6c e0 16 76 00 00 00 00 00 00 00 00 00 00 00  |.l..v...........|
  w0  +0x00 = 0x0000007616e1f690  (507190048400)
  w3  +0x18 = 0x0000007616e00900  (507189922048)
  w4  +0x20 = 0x0000007616e00930  (507189922096)
  w14 +0x70 = 0x0000007616e06c00  (507189947392)
  qcamera_get_sensor_dim -> 0x7616e06c10  {w=0 h=0}
  sensor+0x18 (capability?) = 0x7616e00900
  capability (0x7616e00900, 96 bytes):
  +0x00 00 50 88 17 76 00 00 00 00 10 00 00 00 00 00 00  |.P..v...........|
  +0x10 1c 00 00 00 00 00 00 00 10 a1 e1 16 76 00 00 00  |............v...|
  +0x20 01 00 00 00 00 00 00 00 00 00 00 00 00 00 00 00  |................|
  +0x30 00 40 88 17 76 00 00 00 00 10 00 00 00 00 00 00  |.@..v...........|
  +0x40 1d 00 00 00 00 00 00 00 10 a1 e1 16 76 00 00 00  |............v...|
  +0x50 02 00 00 00 00 00 00 00 00 00 00 00 00 00 00 00  |................|
  w0  +0x00 = 0x0000007617885000  (507200950272)
  w1  +0x08 = 0x0000000000001000  (4096)
  w2  +0x10 = 0x000000000000001c  (28)
  w3  +0x18 = 0x0000007616e1a110  (507190026512)
  w4  +0x20 = 0x0000000000000001  (1)
  w6  +0x30 = 0x0000007617884000  (507200946176)
  w7  +0x38 = 0x0000000000001000  (4096)
  w8  +0x40 = 0x000000000000001d  (29)
  w9  +0x48 = 0x0000007616e1a110  (507190026512)
  w10 +0x50 = 0x0000000000000002  (2)
  qcamera_query_sensor_info rc=0
  sensor info (0x7fda2f34b0, 64 bytes):
  +0x00 80 02 00 00 e0 01 00 00 70 00 00 00 08 00 00 00  |........p.......|
  +0x10 00 00 00 00 08 00 00 00 01 00 00 00 01 00 00 00  |................|
  +0x20 00 00 00 00 00 00 00 00 00 00 00 00 00 00 00 00  |................|
  +0x30 00 00 00 00 00 00 00 00 00 00 00 00 00 00 00 00  |................|
  w0  +0x00 = 0x000001e000000280  (2061584302720)
  w1  +0x08 = 0x0000000800000070  (34359738480)
  w2  +0x10 = 0x0000000800000000  (34359738368)
  w3  +0x18 = 0x0000000100000001  (4294967297)
  qcamera_query_buffer_dimensions(bpp=8, meta_row=1) rc=-634442080 -> 640x481
  qcamera_query_buffer_dimensions(bpp=8, meta_row=0) rc=-634442080 -> 640x480
  qcamera_release_sensor rc=383811584

[+] qcamera_get_sensor(hal, 1) -> 0x7616e06c00
sensor object (0x7616e06c00, 128 bytes):
  +0x00 90 f6 e1 16 76 00 00 00 01 00 00 00 00 00 00 00  |....v...........|
  +0x10 00 00 00 00 00 00 00 00 00 09 e0 16 76 00 00 00  |............v...|
  +0x20 30 09 e0 16 76 00 00 00 00 00 00 00 00 00 00 00  |0...v...........|
  +0x30 00 00 00 00 00 00 00 00 00 00 00 00 00 00 00 00  |................|
  +0x40 00 00 00 00 00 00 00 00 00 00 00 00 00 00 00 00  |................|
  +0x50 00 00 00 00 00 00 00 00 00 00 00 00 00 00 00 00  |................|
  +0x60 00 00 00 00 00 00 00 00 00 00 00 00 00 00 00 00  |................|
  +0x70 00 6c e0 16 76 00 00 00 00 00 00 00 00 00 00 00  |.l..v...........|
  w0  +0x00 = 0x0000007616e1f690  (507190048400)
  w1  +0x08 = 0x0000000000000001  (1)
  w3  +0x18 = 0x0000007616e00900  (507189922048)
  w4  +0x20 = 0x0000007616e00930  (507189922096)
  w14 +0x70 = 0x0000007616e06c00  (507189947392)
  qcamera_get_sensor_dim -> 0x7616e06c10  {w=0 h=0}
  sensor+0x18 (capability?) = 0x7616e00900
  capability (0x7616e00900, 96 bytes):
  +0x00 00 50 88 17 76 00 00 00 00 10 00 00 00 00 00 00  |.P..v...........|
  +0x10 1c 00 00 00 00 00 00 00 10 a1 e1 16 76 00 00 00  |............v...|
  +0x20 01 00 00 00 00 00 00 00 00 00 00 00 00 00 00 00  |................|
  +0x30 00 40 88 17 76 00 00 00 00 10 00 00 00 00 00 00  |.@..v...........|
  +0x40 1d 00 00 00 00 00 00 00 10 a1 e1 16 76 00 00 00  |............v...|
  +0x50 02 00 00 00 00 00 00 00 00 00 00 00 00 00 00 00  |................|
  w0  +0x00 = 0x0000007617885000  (507200950272)
  w1  +0x08 = 0x0000000000001000  (4096)
  w2  +0x10 = 0x000000000000001c  (28)
  w3  +0x18 = 0x0000007616e1a110  (507190026512)
  w4  +0x20 = 0x0000000000000001  (1)
  w6  +0x30 = 0x0000007617884000  (507200946176)
  w7  +0x38 = 0x0000000000001000  (4096)
  w8  +0x40 = 0x000000000000001d  (29)
  w9  +0x48 = 0x0000007616e1a110  (507190026512)
  w10 +0x50 = 0x0000000000000002  (2)
  qcamera_query_sensor_info rc=0
  sensor info (0x7fda2f34b0, 64 bytes):
  +0x00 80 02 00 00 e0 01 00 00 70 00 00 00 08 00 00 00  |........p.......|
  +0x10 00 00 00 00 08 00 00 00 01 00 00 00 01 00 00 00  |................|
  +0x20 00 00 00 00 01 00 00 00 00 00 00 00 00 00 00 00  |................|
  +0x30 00 00 00 00 00 00 00 00 00 00 00 00 00 00 00 00  |................|
  w0  +0x00 = 0x000001e000000280  (2061584302720)
  w1  +0x08 = 0x0000000800000070  (34359738480)
  w2  +0x10 = 0x0000000800000000  (34359738368)
  w3  +0x18 = 0x0000000100000001  (4294967297)
  w4  +0x20 = 0x0000000100000000  (4294967296)
  qcamera_query_buffer_dimensions(bpp=8, meta_row=1) rc=-634442080 -> 640x481
  qcamera_query_buffer_dimensions(bpp=8, meta_row=0) rc=-634442080 -> 640x480
  qcamera_release_sensor rc=383811584

[+] qcamera_get_sensor(hal, 2) -> 0x7616e06c00
sensor object (0x7616e06c00, 128 bytes):
  +0x00 90 f6 e1 16 76 00 00 00 02 00 00 00 00 00 00 00  |....v...........|
  +0x10 00 00 00 00 00 00 00 00 00 09 e0 16 76 00 00 00  |............v...|
  +0x20 30 09 e0 16 76 00 00 00 00 00 00 00 00 00 00 00  |0...v...........|
  +0x30 00 00 00 00 00 00 00 00 00 00 00 00 00 00 00 00  |................|
  +0x40 00 00 00 00 00 00 00 00 00 00 00 00 00 00 00 00  |................|
  +0x50 00 00 00 00 00 00 00 00 00 00 00 00 00 00 00 00  |................|
  +0x60 00 00 00 00 00 00 00 00 00 00 00 00 00 00 00 00  |................|
  +0x70 00 6c e0 16 76 00 00 00 00 00 00 00 00 00 00 00  |.l..v...........|
  w0  +0x00 = 0x0000007616e1f690  (507190048400)
  w1  +0x08 = 0x0000000000000002  (2)
  w3  +0x18 = 0x0000007616e00900  (507189922048)
  w4  +0x20 = 0x0000007616e00930  (507189922096)
  w14 +0x70 = 0x0000007616e06c00  (507189947392)
  qcamera_get_sensor_dim -> 0x7616e06c10  {w=0 h=0}
  sensor+0x18 (capability?) = 0x7616e00900
  capability (0x7616e00900, 96 bytes):
  +0x00 00 50 88 17 76 00 00 00 00 10 00 00 00 00 00 00  |.P..v...........|
  +0x10 1c 00 00 00 00 00 00 00 10 a1 e1 16 76 00 00 00  |............v...|
  +0x20 01 00 00 00 00 00 00 00 00 00 00 00 00 00 00 00  |................|
  +0x30 00 40 88 17 76 00 00 00 00 10 00 00 00 00 00 00  |.@..v...........|
  +0x40 1d 00 00 00 00 00 00 00 10 a1 e1 16 76 00 00 00  |............v...|
  +0x50 02 00 00 00 00 00 00 00 00 00 00 00 00 00 00 00  |................|
  w0  +0x00 = 0x0000007617885000  (507200950272)
  w1  +0x08 = 0x0000000000001000  (4096)
  w2  +0x10 = 0x000000000000001c  (28)
  w3  +0x18 = 0x0000007616e1a110  (507190026512)
  w4  +0x20 = 0x0000000000000001  (1)
  w6  +0x30 = 0x0000007617884000  (507200946176)
  w7  +0x38 = 0x0000000000001000  (4096)
  w8  +0x40 = 0x000000000000001d  (29)
  w9  +0x48 = 0x0000007616e1a110  (507190026512)
  w10 +0x50 = 0x0000000000000002  (2)
  qcamera_query_sensor_info rc=0
  sensor info (0x7fda2f34b0, 64 bytes):
  +0x00 80 02 00 00 e0 01 00 00 70 00 00 00 08 00 00 00  |........p.......|
  +0x10 00 00 00 00 08 00 00 00 01 00 00 00 01 00 00 00  |................|
  +0x20 00 00 00 00 02 00 00 00 00 00 00 00 00 00 00 00  |................|
  +0x30 00 00 00 00 00 00 00 00 00 00 00 00 00 00 00 00  |................|
  w0  +0x00 = 0x000001e000000280  (2061584302720)
  w1  +0x08 = 0x0000000800000070  (34359738480)
  w2  +0x10 = 0x0000000800000000  (34359738368)
  w3  +0x18 = 0x0000000100000001  (4294967297)
  w4  +0x20 = 0x0000000200000000  (8589934592)
  qcamera_query_buffer_dimensions(bpp=8, meta_row=1) rc=-634442080 -> 640x481
  qcamera_query_buffer_dimensions(bpp=8, meta_row=0) rc=-634442080 -> 640x480
  qcamera_release_sensor rc=383811584

[+] qcamera_get_sensor(hal, 3) -> 0x7616e06c00
sensor object (0x7616e06c00, 128 bytes):
  +0x00 90 f6 e1 16 76 00 00 00 03 00 00 00 00 00 00 00  |....v...........|
  +0x10 00 00 00 00 00 00 00 00 00 09 e0 16 76 00 00 00  |............v...|
  +0x20 30 09 e0 16 76 00 00 00 00 00 00 00 00 00 00 00  |0...v...........|
  +0x30 00 00 00 00 00 00 00 00 00 00 00 00 00 00 00 00  |................|
  +0x40 00 00 00 00 00 00 00 00 00 00 00 00 00 00 00 00  |................|
  +0x50 00 00 00 00 00 00 00 00 00 00 00 00 00 00 00 00  |................|
  +0x60 00 00 00 00 00 00 00 00 00 00 00 00 00 00 00 00  |................|
  +0x70 00 6c e0 16 76 00 00 00 00 00 00 00 00 00 00 00  |.l..v...........|
  w0  +0x00 = 0x0000007616e1f690  (507190048400)
  w1  +0x08 = 0x0000000000000003  (3)
  w3  +0x18 = 0x0000007616e00900  (507189922048)
  w4  +0x20 = 0x0000007616e00930  (507189922096)
  w14 +0x70 = 0x0000007616e06c00  (507189947392)
  qcamera_get_sensor_dim -> 0x7616e06c10  {w=0 h=0}
  sensor+0x18 (capability?) = 0x7616e00900
  capability (0x7616e00900, 96 bytes):
  +0x00 00 50 88 17 76 00 00 00 00 10 00 00 00 00 00 00  |.P..v...........|
  +0x10 1c 00 00 00 00 00 00 00 10 a1 e1 16 76 00 00 00  |............v...|
  +0x20 01 00 00 00 00 00 00 00 00 00 00 00 00 00 00 00  |................|
  +0x30 00 40 88 17 76 00 00 00 00 10 00 00 00 00 00 00  |.@..v...........|
  +0x40 1d 00 00 00 00 00 00 00 10 a1 e1 16 76 00 00 00  |............v...|
  +0x50 02 00 00 00 00 00 00 00 00 00 00 00 00 00 00 00  |................|
  w0  +0x00 = 0x0000007617885000  (507200950272)
  w1  +0x08 = 0x0000000000001000  (4096)
  w2  +0x10 = 0x000000000000001c  (28)
  w3  +0x18 = 0x0000007616e1a110  (507190026512)
  w4  +0x20 = 0x0000000000000001  (1)
  w6  +0x30 = 0x0000007617884000  (507200946176)
  w7  +0x38 = 0x0000000000001000  (4096)
  w8  +0x40 = 0x000000000000001d  (29)
  w9  +0x48 = 0x0000007616e1a110  (507190026512)
  w10 +0x50 = 0x0000000000000002  (2)
  qcamera_query_sensor_info rc=0
  sensor info (0x7fda2f34b0, 64 bytes):
  +0x00 80 02 00 00 e0 01 00 00 70 00 00 00 08 00 00 00  |........p.......|
  +0x10 00 00 00 00 08 00 00 00 01 00 00 00 01 00 00 00  |................|
  +0x20 00 00 00 00 03 00 00 00 00 00 00 00 00 00 00 00  |................|
  +0x30 00 00 00 00 00 00 00 00 00 00 00 00 00 00 00 00  |................|
  w0  +0x00 = 0x000001e000000280  (2061584302720)
  w1  +0x08 = 0x0000000800000070  (34359738480)
  w2  +0x10 = 0x0000000800000000  (34359738368)
  w3  +0x18 = 0x0000000100000001  (4294967297)
  w4  +0x20 = 0x0000000300000000  (12884901888)
  qcamera_query_buffer_dimensions(bpp=8, meta_row=1) rc=-634442080 -> 640x481
  qcamera_query_buffer_dimensions(bpp=8, meta_row=0) rc=-634442080 -> 640x480
  qcamera_release_sensor rc=383811584

=== STAGE 4: start all 4 sensors ===
[+] cam 0: start_sensor rc=0 started=1 fd=30
[+] cam 1: start_sensor rc=0 started=1 fd=43
[+] cam 2: start_sensor rc=0 started=1 fd=54
[+] cam 3: start_sensor rc=0 started=1 fd=66
[*] 4/4 sensors streaming

=== STAGE 4b: syncboss startCameras ===
[+] set_frame_rate(33333) rc=0
[+] set_exposure_gain(exp=1000 gain=80 x4) rc=0
[*] set_frame_tag_mode(1) rc=0
[+] syncboss_camera_start_streaming(4) rc=0  <-- FSIN strobe
[cam 0 round 0] ts=213409.382607000 size=307840 min=0 max=237 mean=14.1 -> /data/local/tmp/camdirect/cam0_000.gray
[cam 1 round 0] ts=213409.382607000 size=307840 min=0 max=255 mean=32.5 -> /data/local/tmp/camdirect/cam1_000.gray
[cam 2 round 0] ts=213409.382642000 size=307840 min=0 max=235 mean=10.4 -> /data/local/tmp/camdirect/cam2_000.gray
[cam 3 round 0] ts=213409.382642000 size=307840 min=0 max=255 mean=20.8 -> /data/local/tmp/camdirect/cam3_000.gray
[cam 0 round 1] ts=213409.398105000 size=307840 min=0 max=235 mean=9.1 -> /data/local/tmp/camdirect/cam0_001.gray
[cam 1 round 1] ts=213409.398105000 size=307840 min=0 max=255 mean=18.7 -> /data/local/tmp/camdirect/cam1_001.gray
[cam 2 round 1] ts=213409.398129000 size=307840 min=0 max=235 mean=7.2 -> /data/local/tmp/camdirect/cam2_001.gray
[cam 3 round 1] ts=213409.398129000 size=307840 min=0 max=255 mean=12.7 -> /data/local/tmp/camdirect/cam3_001.gray
[cam 0 round 2] ts=213409.415952000 size=307840 min=0 max=235 mean=4.6 -> /data/local/tmp/camdirect/cam0_002.gray
[cam 1 round 2] ts=213409.415952000 size=307840 min=0 max=235 mean=5.2 -> /data/local/tmp/camdirect/cam1_002.gray
[cam 2 round 2] ts=213409.416020000 size=307840 min=0 max=235 mean=4.5 -> /data/local/tmp/camdirect/cam2_002.gray
[cam 3 round 2] ts=213409.416020000 size=307840 min=0 max=235 mean=4.9 -> /data/local/tmp/camdirect/cam3_002.gray
[*] qcamera_close rc=383811584
[*] camera_stop_streaming rc=0
[*] camera_release rc=0
[*] camera_deinit rc=0
[*] syncboss_deinit rc=383811584
[+] raw syncboss CAMERA_RELEASE (type 41) -> write 3
done.
exit=0
cam0_000.gray
cam0_001.gray
cam0_002.gray
cam1_000.gray
cam1_001.gray
cam1_002.gray
cam2_000.gray
cam2_001.gray
cam2_002.gray
cam3_000.gray
cam3_001.gray
cam3_002.gray

########## exposure=3000 gain=160
cam_direct — B1 bring-up (stage=all cam=0)
[+] dlopen /system/vendor/lib64/libqcameraoculushal.so -> 0xfe21145b10cc22dd
[+] all 14 qcamera_* symbols resolved

=== STAGE 0b: syncboss camera power + FSIN strobe ===
[+] open /dev/syncboss_stream0 -> fd 3
[+] open /dev/syncboss0 -> fd 4
[+] raw syncboss CAMERA_PROBE (type 40) -> write 3
[+] dlopen /system/vendor/lib64/libsyncboss.so -> 0x49efb24f0d9a0149
[+] syncboss_init(&handle, NULL) rc=0 handle=0x7ae100a800
[+] syncboss_camera_probe rc=0 out=0x0f
[*] set_bpp(8) rc=0
[*] camera_init(4) rc=0

=== STAGE 1: enumerate ===
[+] qcamera_open(0) -> 0x7ae101f690
hal context (0x7ae101f690, 112 bytes):
  +0x00 00 00 00 00 00 00 00 00 00 00 00 00 00 00 00 00  |................|
  +0x10 00 00 00 00 00 00 00 00 00 00 00 00 00 00 00 00  |................|
  +0x20 00 00 00 00 00 00 00 00 00 00 00 00 00 00 00 00  |................|
  +0x30 10 a1 01 e1 7a 00 00 00 00 00 00 00 00 00 00 00  |....z...........|
  +0x40 00 00 00 00 00 00 00 00 04 00 00 00 00 00 00 00  |................|
  +0x50 00 00 00 00 00 00 00 00 00 00 00 00 00 00 00 00  |................|
  +0x60 00 00 00 00 00 00 00 00 00 00 00 00 00 00 00 00  |................|
  w6  +0x30 = 0x0000007ae101a110  (527760990480)
  w9  +0x48 = 0x0000000000000004  (4)
[+] qcamera_num_sensors() = 4  (expect 4)

[+] qcamera_get_sensor(hal, 0) -> 0x7ae1006c00
sensor object (0x7ae1006c00, 128 bytes):
  +0x00 90 f6 01 e1 7a 00 00 00 00 00 00 00 00 00 00 00  |....z...........|
  +0x10 00 00 00 00 00 00 00 00 00 09 00 e1 7a 00 00 00  |............z...|
  +0x20 30 09 00 e1 7a 00 00 00 00 00 00 00 00 00 00 00  |0...z...........|
  +0x30 00 00 00 00 00 00 00 00 00 00 00 00 00 00 00 00  |................|
  +0x40 00 00 00 00 00 00 00 00 00 00 00 00 00 00 00 00  |................|
  +0x50 00 00 00 00 00 00 00 00 00 00 00 00 00 00 00 00  |................|
  +0x60 00 00 00 00 00 00 00 00 00 00 00 00 00 00 00 00  |................|
  +0x70 00 6c 00 e1 7a 00 00 00 00 00 00 00 00 00 00 00  |.l..z...........|
  w0  +0x00 = 0x0000007ae101f690  (527761012368)
  w3  +0x18 = 0x0000007ae1000900  (527760886016)
  w4  +0x20 = 0x0000007ae1000930  (527760886064)
  w14 +0x70 = 0x0000007ae1006c00  (527760911360)
  qcamera_get_sensor_dim -> 0x7ae1006c10  {w=0 h=0}
  sensor+0x18 (capability?) = 0x7ae1000900
  capability (0x7ae1000900, 96 bytes):
  +0x00 00 80 98 e1 7a 00 00 00 00 10 00 00 00 00 00 00  |....z...........|
  +0x10 1c 00 00 00 00 00 00 00 10 a1 01 e1 7a 00 00 00  |............z...|
  +0x20 01 00 00 00 00 00 00 00 00 00 00 00 00 00 00 00  |................|
  +0x30 00 70 98 e1 7a 00 00 00 00 10 00 00 00 00 00 00  |.p..z...........|
  +0x40 1d 00 00 00 00 00 00 00 10 a1 01 e1 7a 00 00 00  |............z...|
  +0x50 02 00 00 00 00 00 00 00 00 00 00 00 00 00 00 00  |................|
  w0  +0x00 = 0x0000007ae1988000  (527770877952)
  w1  +0x08 = 0x0000000000001000  (4096)
  w2  +0x10 = 0x000000000000001c  (28)
  w3  +0x18 = 0x0000007ae101a110  (527760990480)
  w4  +0x20 = 0x0000000000000001  (1)
  w6  +0x30 = 0x0000007ae1987000  (527770873856)
  w7  +0x38 = 0x0000000000001000  (4096)
  w8  +0x40 = 0x000000000000001d  (29)
  w9  +0x48 = 0x0000007ae101a110  (527760990480)
  w10 +0x50 = 0x0000000000000002  (2)
  qcamera_query_sensor_info rc=0
  sensor info (0x7fc6daaea0, 64 bytes):
  +0x00 80 02 00 00 e0 01 00 00 70 00 00 00 08 00 00 00  |........p.......|
  +0x10 00 00 00 00 08 00 00 00 01 00 00 00 01 00 00 00  |................|
  +0x20 00 00 00 00 00 00 00 00 00 00 00 00 00 00 00 00  |................|
  +0x30 00 00 00 00 00 00 00 00 00 00 00 00 00 00 00 00  |................|
  w0  +0x00 = 0x000001e000000280  (2061584302720)
  w1  +0x08 = 0x0000000800000070  (34359738480)
  w2  +0x10 = 0x0000000800000000  (34359738368)
  w3  +0x18 = 0x0000000100000001  (4294967297)
  qcamera_query_buffer_dimensions(bpp=8, meta_row=1) rc=-958748528 -> 640x481
  qcamera_query_buffer_dimensions(bpp=8, meta_row=0) rc=-958748528 -> 640x480
  qcamera_release_sensor rc=-520060928

[+] qcamera_get_sensor(hal, 1) -> 0x7ae1006c00
sensor object (0x7ae1006c00, 128 bytes):
  +0x00 90 f6 01 e1 7a 00 00 00 01 00 00 00 00 00 00 00  |....z...........|
  +0x10 00 00 00 00 00 00 00 00 00 09 00 e1 7a 00 00 00  |............z...|
  +0x20 30 09 00 e1 7a 00 00 00 00 00 00 00 00 00 00 00  |0...z...........|
  +0x30 00 00 00 00 00 00 00 00 00 00 00 00 00 00 00 00  |................|
  +0x40 00 00 00 00 00 00 00 00 00 00 00 00 00 00 00 00  |................|
  +0x50 00 00 00 00 00 00 00 00 00 00 00 00 00 00 00 00  |................|
  +0x60 00 00 00 00 00 00 00 00 00 00 00 00 00 00 00 00  |................|
  +0x70 00 6c 00 e1 7a 00 00 00 00 00 00 00 00 00 00 00  |.l..z...........|
  w0  +0x00 = 0x0000007ae101f690  (527761012368)
  w1  +0x08 = 0x0000000000000001  (1)
  w3  +0x18 = 0x0000007ae1000900  (527760886016)
  w4  +0x20 = 0x0000007ae1000930  (527760886064)
  w14 +0x70 = 0x0000007ae1006c00  (527760911360)
  qcamera_get_sensor_dim -> 0x7ae1006c10  {w=0 h=0}
  sensor+0x18 (capability?) = 0x7ae1000900
  capability (0x7ae1000900, 96 bytes):
  +0x00 00 80 98 e1 7a 00 00 00 00 10 00 00 00 00 00 00  |....z...........|
  +0x10 1c 00 00 00 00 00 00 00 10 a1 01 e1 7a 00 00 00  |............z...|
  +0x20 01 00 00 00 00 00 00 00 00 00 00 00 00 00 00 00  |................|
  +0x30 00 70 98 e1 7a 00 00 00 00 10 00 00 00 00 00 00  |.p..z...........|
  +0x40 1d 00 00 00 00 00 00 00 10 a1 01 e1 7a 00 00 00  |............z...|
  +0x50 02 00 00 00 00 00 00 00 00 00 00 00 00 00 00 00  |................|
  w0  +0x00 = 0x0000007ae1988000  (527770877952)
  w1  +0x08 = 0x0000000000001000  (4096)
  w2  +0x10 = 0x000000000000001c  (28)
  w3  +0x18 = 0x0000007ae101a110  (527760990480)
  w4  +0x20 = 0x0000000000000001  (1)
  w6  +0x30 = 0x0000007ae1987000  (527770873856)
  w7  +0x38 = 0x0000000000001000  (4096)
  w8  +0x40 = 0x000000000000001d  (29)
  w9  +0x48 = 0x0000007ae101a110  (527760990480)
  w10 +0x50 = 0x0000000000000002  (2)
  qcamera_query_sensor_info rc=0
  sensor info (0x7fc6daaea0, 64 bytes):
  +0x00 80 02 00 00 e0 01 00 00 70 00 00 00 08 00 00 00  |........p.......|
  +0x10 00 00 00 00 08 00 00 00 01 00 00 00 01 00 00 00  |................|
  +0x20 00 00 00 00 01 00 00 00 00 00 00 00 00 00 00 00  |................|
  +0x30 00 00 00 00 00 00 00 00 00 00 00 00 00 00 00 00  |................|
  w0  +0x00 = 0x000001e000000280  (2061584302720)
  w1  +0x08 = 0x0000000800000070  (34359738480)
  w2  +0x10 = 0x0000000800000000  (34359738368)
  w3  +0x18 = 0x0000000100000001  (4294967297)
  w4  +0x20 = 0x0000000100000000  (4294967296)
  qcamera_query_buffer_dimensions(bpp=8, meta_row=1) rc=-958748528 -> 640x481
  qcamera_query_buffer_dimensions(bpp=8, meta_row=0) rc=-958748528 -> 640x480
  qcamera_release_sensor rc=-520060928

[+] qcamera_get_sensor(hal, 2) -> 0x7ae1006c00
sensor object (0x7ae1006c00, 128 bytes):
  +0x00 90 f6 01 e1 7a 00 00 00 02 00 00 00 00 00 00 00  |....z...........|
  +0x10 00 00 00 00 00 00 00 00 00 09 00 e1 7a 00 00 00  |............z...|
  +0x20 30 09 00 e1 7a 00 00 00 00 00 00 00 00 00 00 00  |0...z...........|
  +0x30 00 00 00 00 00 00 00 00 00 00 00 00 00 00 00 00  |................|
  +0x40 00 00 00 00 00 00 00 00 00 00 00 00 00 00 00 00  |................|
  +0x50 00 00 00 00 00 00 00 00 00 00 00 00 00 00 00 00  |................|
  +0x60 00 00 00 00 00 00 00 00 00 00 00 00 00 00 00 00  |................|
  +0x70 00 6c 00 e1 7a 00 00 00 00 00 00 00 00 00 00 00  |.l..z...........|
  w0  +0x00 = 0x0000007ae101f690  (527761012368)
  w1  +0x08 = 0x0000000000000002  (2)
  w3  +0x18 = 0x0000007ae1000900  (527760886016)
  w4  +0x20 = 0x0000007ae1000930  (527760886064)
  w14 +0x70 = 0x0000007ae1006c00  (527760911360)
  qcamera_get_sensor_dim -> 0x7ae1006c10  {w=0 h=0}
  sensor+0x18 (capability?) = 0x7ae1000900
  capability (0x7ae1000900, 96 bytes):
  +0x00 00 80 98 e1 7a 00 00 00 00 10 00 00 00 00 00 00  |....z...........|
  +0x10 1c 00 00 00 00 00 00 00 10 a1 01 e1 7a 00 00 00  |............z...|
  +0x20 01 00 00 00 00 00 00 00 00 00 00 00 00 00 00 00  |................|
  +0x30 00 70 98 e1 7a 00 00 00 00 10 00 00 00 00 00 00  |.p..z...........|
  +0x40 1d 00 00 00 00 00 00 00 10 a1 01 e1 7a 00 00 00  |............z...|
  +0x50 02 00 00 00 00 00 00 00 00 00 00 00 00 00 00 00  |................|
  w0  +0x00 = 0x0000007ae1988000  (527770877952)
  w1  +0x08 = 0x0000000000001000  (4096)
  w2  +0x10 = 0x000000000000001c  (28)
  w3  +0x18 = 0x0000007ae101a110  (527760990480)
  w4  +0x20 = 0x0000000000000001  (1)
  w6  +0x30 = 0x0000007ae1987000  (527770873856)
  w7  +0x38 = 0x0000000000001000  (4096)
  w8  +0x40 = 0x000000000000001d  (29)
  w9  +0x48 = 0x0000007ae101a110  (527760990480)
  w10 +0x50 = 0x0000000000000002  (2)
  qcamera_query_sensor_info rc=0
  sensor info (0x7fc6daaea0, 64 bytes):
  +0x00 80 02 00 00 e0 01 00 00 70 00 00 00 08 00 00 00  |........p.......|
  +0x10 00 00 00 00 08 00 00 00 01 00 00 00 01 00 00 00  |................|
  +0x20 00 00 00 00 02 00 00 00 00 00 00 00 00 00 00 00  |................|
  +0x30 00 00 00 00 00 00 00 00 00 00 00 00 00 00 00 00  |................|
  w0  +0x00 = 0x000001e000000280  (2061584302720)
  w1  +0x08 = 0x0000000800000070  (34359738480)
  w2  +0x10 = 0x0000000800000000  (34359738368)
  w3  +0x18 = 0x0000000100000001  (4294967297)
  w4  +0x20 = 0x0000000200000000  (8589934592)
  qcamera_query_buffer_dimensions(bpp=8, meta_row=1) rc=-958748528 -> 640x481
  qcamera_query_buffer_dimensions(bpp=8, meta_row=0) rc=-958748528 -> 640x480
  qcamera_release_sensor rc=-520060928

[+] qcamera_get_sensor(hal, 3) -> 0x7ae1006c00
sensor object (0x7ae1006c00, 128 bytes):
  +0x00 90 f6 01 e1 7a 00 00 00 03 00 00 00 00 00 00 00  |....z...........|
  +0x10 00 00 00 00 00 00 00 00 00 09 00 e1 7a 00 00 00  |............z...|
  +0x20 30 09 00 e1 7a 00 00 00 00 00 00 00 00 00 00 00  |0...z...........|
  +0x30 00 00 00 00 00 00 00 00 00 00 00 00 00 00 00 00  |................|
  +0x40 00 00 00 00 00 00 00 00 00 00 00 00 00 00 00 00  |................|
  +0x50 00 00 00 00 00 00 00 00 00 00 00 00 00 00 00 00  |................|
  +0x60 00 00 00 00 00 00 00 00 00 00 00 00 00 00 00 00  |................|
  +0x70 00 6c 00 e1 7a 00 00 00 00 00 00 00 00 00 00 00  |.l..z...........|
  w0  +0x00 = 0x0000007ae101f690  (527761012368)
  w1  +0x08 = 0x0000000000000003  (3)
  w3  +0x18 = 0x0000007ae1000900  (527760886016)
  w4  +0x20 = 0x0000007ae1000930  (527760886064)
  w14 +0x70 = 0x0000007ae1006c00  (527760911360)
  qcamera_get_sensor_dim -> 0x7ae1006c10  {w=0 h=0}
  sensor+0x18 (capability?) = 0x7ae1000900
  capability (0x7ae1000900, 96 bytes):
  +0x00 00 80 98 e1 7a 00 00 00 00 10 00 00 00 00 00 00  |....z...........|
  +0x10 1c 00 00 00 00 00 00 00 10 a1 01 e1 7a 00 00 00  |............z...|
  +0x20 01 00 00 00 00 00 00 00 00 00 00 00 00 00 00 00  |................|
  +0x30 00 70 98 e1 7a 00 00 00 00 10 00 00 00 00 00 00  |.p..z...........|
  +0x40 1d 00 00 00 00 00 00 00 10 a1 01 e1 7a 00 00 00  |............z...|
  +0x50 02 00 00 00 00 00 00 00 00 00 00 00 00 00 00 00  |................|
  w0  +0x00 = 0x0000007ae1988000  (527770877952)
  w1  +0x08 = 0x0000000000001000  (4096)
  w2  +0x10 = 0x000000000000001c  (28)
  w3  +0x18 = 0x0000007ae101a110  (527760990480)
  w4  +0x20 = 0x0000000000000001  (1)
  w6  +0x30 = 0x0000007ae1987000  (527770873856)
  w7  +0x38 = 0x0000000000001000  (4096)
  w8  +0x40 = 0x000000000000001d  (29)
  w9  +0x48 = 0x0000007ae101a110  (527760990480)
  w10 +0x50 = 0x0000000000000002  (2)
  qcamera_query_sensor_info rc=0
  sensor info (0x7fc6daaea0, 64 bytes):
  +0x00 80 02 00 00 e0 01 00 00 70 00 00 00 08 00 00 00  |........p.......|
  +0x10 00 00 00 00 08 00 00 00 01 00 00 00 01 00 00 00  |................|
  +0x20 00 00 00 00 03 00 00 00 00 00 00 00 00 00 00 00  |................|
  +0x30 00 00 00 00 00 00 00 00 00 00 00 00 00 00 00 00  |................|
  w0  +0x00 = 0x000001e000000280  (2061584302720)
  w1  +0x08 = 0x0000000800000070  (34359738480)
  w2  +0x10 = 0x0000000800000000  (34359738368)
  w3  +0x18 = 0x0000000100000001  (4294967297)
  w4  +0x20 = 0x0000000300000000  (12884901888)
  qcamera_query_buffer_dimensions(bpp=8, meta_row=1) rc=-958748528 -> 640x481
  qcamera_query_buffer_dimensions(bpp=8, meta_row=0) rc=-958748528 -> 640x480
  qcamera_release_sensor rc=-520060928

=== STAGE 4: start all 4 sensors ===
[+] cam 0: start_sensor rc=0 started=1 fd=30
[+] cam 1: start_sensor rc=0 started=1 fd=43
[+] cam 2: start_sensor rc=0 started=1 fd=54
[+] cam 3: start_sensor rc=0 started=1 fd=66
[*] 4/4 sensors streaming

=== STAGE 4b: syncboss startCameras ===
[+] set_frame_rate(33333) rc=0
[+] set_exposure_gain(exp=3000 gain=160 x4) rc=0
[*] set_frame_tag_mode(1) rc=0
[+] syncboss_camera_start_streaming(4) rc=0  <-- FSIN strobe
[cam 0 round 0] ts=213411.589467000 size=307840 min=0 max=255 mean=23.6 -> /data/local/tmp/camdirect/cam0_000.gray
[cam 1 round 0] ts=213411.589467000 size=307840 min=0 max=255 mean=59.2 -> /data/local/tmp/camdirect/cam1_000.gray
[cam 2 round 0] ts=213411.589501000 size=307840 min=0 max=255 mean=16.6 -> /data/local/tmp/camdirect/cam2_000.gray
[cam 3 round 0] ts=213411.589501000 size=307840 min=0 max=255 mean=36.5 -> /data/local/tmp/camdirect/cam3_000.gray
[cam 0 round 1] ts=213411.605976000 size=307840 min=0 max=255 mean=32.3 -> /data/local/tmp/camdirect/cam0_001.gray
[cam 1 round 1] ts=213411.605976000 size=307840 min=0 max=255 mean=84.4 -> /data/local/tmp/camdirect/cam1_001.gray
[cam 2 round 1] ts=213411.606011000 size=307840 min=0 max=255 mean=21.4 -> /data/local/tmp/camdirect/cam2_001.gray
[cam 3 round 1] ts=213411.606011000 size=307840 min=0 max=255 mean=52.3 -> /data/local/tmp/camdirect/cam3_001.gray
[cam 0 round 2] ts=213411.622810000 size=307840 min=0 max=235 mean=4.6 -> /data/local/tmp/camdirect/cam0_002.gray
[cam 1 round 2] ts=213411.622810000 size=307840 min=0 max=235 mean=5.2 -> /data/local/tmp/camdirect/cam1_002.gray
[cam 2 round 2] ts=213411.622860000 size=307840 min=0 max=235 mean=4.5 -> /data/local/tmp/camdirect/cam2_002.gray
[cam 3 round 2] ts=213411.622860000 size=307840 min=0 max=235 mean=4.9 -> /data/local/tmp/camdirect/cam3_002.gray
[*] qcamera_close rc=-520060928
[*] camera_stop_streaming rc=0
[*] camera_release rc=0
[*] camera_deinit rc=0
[*] syncboss_deinit rc=-520060928
[+] raw syncboss CAMERA_RELEASE (type 41) -> write 3
done.
exit=0
cam0_000.gray
cam0_001.gray
cam0_002.gray
cam1_000.gray
cam1_001.gray
cam1_002.gray
cam2_000.gray
cam2_001.gray
cam2_002.gray
cam3_000.gray
cam3_001.gray
cam3_002.gray

########## exposure=8000 gain=255
cam_direct — B1 bring-up (stage=all cam=0)
[+] dlopen /system/vendor/lib64/libqcameraoculushal.so -> 0x8b3acfd23c8e7dbb
[+] all 14 qcamera_* symbols resolved

=== STAGE 0b: syncboss camera power + FSIN strobe ===
[+] open /dev/syncboss_stream0 -> fd 3
[+] open /dev/syncboss0 -> fd 4
[+] raw syncboss CAMERA_PROBE (type 40) -> write 3
[+] dlopen /system/vendor/lib64/libsyncboss.so -> 0x5283c275067eeef7
[+] syncboss_init(&handle, NULL) rc=0 handle=0x7a5320ae80
[+] syncboss_camera_probe rc=0 out=0x0f
[*] set_bpp(8) rc=0
[*] camera_init(4) rc=0

=== STAGE 1: enumerate ===
[+] qcamera_open(0) -> 0x7a5321f690
hal context (0x7a5321f690, 112 bytes):
  +0x00 00 00 00 00 00 00 00 00 00 00 00 00 00 00 00 00  |................|
  +0x10 00 00 00 00 00 00 00 00 00 00 00 00 00 00 00 00  |................|
  +0x20 00 00 00 00 00 00 00 00 00 00 00 00 00 00 00 00  |................|
  +0x30 10 a1 21 53 7a 00 00 00 00 00 00 00 00 00 00 00  |..!Sz...........|
  +0x40 00 00 00 00 00 00 00 00 04 00 00 00 00 00 00 00  |................|
  +0x50 00 00 00 00 00 00 00 00 00 00 00 00 00 00 00 00  |................|
  +0x60 00 00 00 00 00 00 00 00 00 00 00 00 00 00 00 00  |................|
  w6  +0x30 = 0x0000007a5321a110  (525380722960)
  w9  +0x48 = 0x0000000000000004  (4)
[+] qcamera_num_sensors() = 4  (expect 4)

[+] qcamera_get_sensor(hal, 0) -> 0x7a53206c00
sensor object (0x7a53206c00, 128 bytes):
  +0x00 90 f6 21 53 7a 00 00 00 00 00 00 00 00 00 00 00  |..!Sz...........|
  +0x10 00 00 00 00 00 00 00 00 00 09 20 53 7a 00 00 00  |.......... Sz...|
  +0x20 30 09 20 53 7a 00 00 00 00 00 00 00 00 00 00 00  |0. Sz...........|
  +0x30 00 00 00 00 00 00 00 00 00 00 00 00 00 00 00 00  |................|
  +0x40 00 00 00 00 00 00 00 00 00 00 00 00 00 00 00 00  |................|
  +0x50 00 00 00 00 00 00 00 00 00 00 00 00 00 00 00 00  |................|
  +0x60 00 00 00 00 00 00 00 00 00 00 00 00 00 00 00 00  |................|
  +0x70 00 6c 20 53 7a 00 00 00 00 00 00 00 00 00 00 00  |.l Sz...........|
  w0  +0x00 = 0x0000007a5321f690  (525380744848)
  w3  +0x18 = 0x0000007a53200900  (525380618496)
  w4  +0x20 = 0x0000007a53200930  (525380618544)
  w14 +0x70 = 0x0000007a53206c00  (525380643840)
  qcamera_get_sensor_dim -> 0x7a53206c10  {w=0 h=0}
  sensor+0x18 (capability?) = 0x7a53200900
  capability (0x7a53200900, 96 bytes):
  +0x00 00 60 c2 53 7a 00 00 00 00 10 00 00 00 00 00 00  |.`.Sz...........|
  +0x10 1c 00 00 00 00 00 00 00 10 a1 21 53 7a 00 00 00  |..........!Sz...|
  +0x20 01 00 00 00 00 00 00 00 00 00 00 00 00 00 00 00  |................|
  +0x30 00 50 c2 53 7a 00 00 00 00 10 00 00 00 00 00 00  |.P.Sz...........|
  +0x40 1d 00 00 00 00 00 00 00 10 a1 21 53 7a 00 00 00  |..........!Sz...|
  +0x50 02 00 00 00 00 00 00 00 00 00 00 00 00 00 00 00  |................|
  w0  +0x00 = 0x0000007a53c26000  (525391257600)
  w1  +0x08 = 0x0000000000001000  (4096)
  w2  +0x10 = 0x000000000000001c  (28)
  w3  +0x18 = 0x0000007a5321a110  (525380722960)
  w4  +0x20 = 0x0000000000000001  (1)
  w6  +0x30 = 0x0000007a53c25000  (525391253504)
  w7  +0x38 = 0x0000000000001000  (4096)
  w8  +0x40 = 0x000000000000001d  (29)
  w9  +0x48 = 0x0000007a5321a110  (525380722960)
  w10 +0x50 = 0x0000000000000002  (2)
  qcamera_query_sensor_info rc=0
  sensor info (0x7ffaa56950, 64 bytes):
  +0x00 80 02 00 00 e0 01 00 00 70 00 00 00 08 00 00 00  |........p.......|
  +0x10 00 00 00 00 08 00 00 00 01 00 00 00 01 00 00 00  |................|
  +0x20 00 00 00 00 00 00 00 00 00 00 00 00 00 00 00 00  |................|
  +0x30 00 00 00 00 00 00 00 00 00 00 00 00 00 00 00 00  |................|
  w0  +0x00 = 0x000001e000000280  (2061584302720)
  w1  +0x08 = 0x0000000800000070  (34359738480)
  w2  +0x10 = 0x0000000800000000  (34359738368)
  w3  +0x18 = 0x0000000100000001  (4294967297)
  qcamera_query_buffer_dimensions(bpp=8, meta_row=1) rc=-89824448 -> 640x481
  qcamera_query_buffer_dimensions(bpp=8, meta_row=0) rc=-89824448 -> 640x480
  qcamera_release_sensor rc=1394638848

[+] qcamera_get_sensor(hal, 1) -> 0x7a53206c00
sensor object (0x7a53206c00, 128 bytes):
  +0x00 90 f6 21 53 7a 00 00 00 01 00 00 00 00 00 00 00  |..!Sz...........|
  +0x10 00 00 00 00 00 00 00 00 00 09 20 53 7a 00 00 00  |.......... Sz...|
  +0x20 30 09 20 53 7a 00 00 00 00 00 00 00 00 00 00 00  |0. Sz...........|
  +0x30 00 00 00 00 00 00 00 00 00 00 00 00 00 00 00 00  |................|
  +0x40 00 00 00 00 00 00 00 00 00 00 00 00 00 00 00 00  |................|
  +0x50 00 00 00 00 00 00 00 00 00 00 00 00 00 00 00 00  |................|
  +0x60 00 00 00 00 00 00 00 00 00 00 00 00 00 00 00 00  |................|
  +0x70 00 6c 20 53 7a 00 00 00 00 00 00 00 00 00 00 00  |.l Sz...........|
  w0  +0x00 = 0x0000007a5321f690  (525380744848)
  w1  +0x08 = 0x0000000000000001  (1)
  w3  +0x18 = 0x0000007a53200900  (525380618496)
  w4  +0x20 = 0x0000007a53200930  (525380618544)
  w14 +0x70 = 0x0000007a53206c00  (525380643840)
  qcamera_get_sensor_dim -> 0x7a53206c10  {w=0 h=0}
  sensor+0x18 (capability?) = 0x7a53200900
  capability (0x7a53200900, 96 bytes):
  +0x00 00 60 c2 53 7a 00 00 00 00 10 00 00 00 00 00 00  |.`.Sz...........|
  +0x10 1c 00 00 00 00 00 00 00 10 a1 21 53 7a 00 00 00  |..........!Sz...|
  +0x20 01 00 00 00 00 00 00 00 00 00 00 00 00 00 00 00  |................|
  +0x30 00 50 c2 53 7a 00 00 00 00 10 00 00 00 00 00 00  |.P.Sz...........|
  +0x40 1d 00 00 00 00 00 00 00 10 a1 21 53 7a 00 00 00  |..........!Sz...|
  +0x50 02 00 00 00 00 00 00 00 00 00 00 00 00 00 00 00  |................|
  w0  +0x00 = 0x0000007a53c26000  (525391257600)
  w1  +0x08 = 0x0000000000001000  (4096)
  w2  +0x10 = 0x000000000000001c  (28)
  w3  +0x18 = 0x0000007a5321a110  (525380722960)
  w4  +0x20 = 0x0000000000000001  (1)
  w6  +0x30 = 0x0000007a53c25000  (525391253504)
  w7  +0x38 = 0x0000000000001000  (4096)
  w8  +0x40 = 0x000000000000001d  (29)
  w9  +0x48 = 0x0000007a5321a110  (525380722960)
  w10 +0x50 = 0x0000000000000002  (2)
  qcamera_query_sensor_info rc=0
  sensor info (0x7ffaa56950, 64 bytes):
  +0x00 80 02 00 00 e0 01 00 00 70 00 00 00 08 00 00 00  |........p.......|
  +0x10 00 00 00 00 08 00 00 00 01 00 00 00 01 00 00 00  |................|
  +0x20 00 00 00 00 01 00 00 00 00 00 00 00 00 00 00 00  |................|
  +0x30 00 00 00 00 00 00 00 00 00 00 00 00 00 00 00 00  |................|
  w0  +0x00 = 0x000001e000000280  (2061584302720)
  w1  +0x08 = 0x0000000800000070  (34359738480)
  w2  +0x10 = 0x0000000800000000  (34359738368)
  w3  +0x18 = 0x0000000100000001  (4294967297)
  w4  +0x20 = 0x0000000100000000  (4294967296)
  qcamera_query_buffer_dimensions(bpp=8, meta_row=1) rc=-89824448 -> 640x481
  qcamera_query_buffer_dimensions(bpp=8, meta_row=0) rc=-89824448 -> 640x480
  qcamera_release_sensor rc=1394638848

[+] qcamera_get_sensor(hal, 2) -> 0x7a53206c00
sensor object (0x7a53206c00, 128 bytes):
  +0x00 90 f6 21 53 7a 00 00 00 02 00 00 00 00 00 00 00  |..!Sz...........|
  +0x10 00 00 00 00 00 00 00 00 00 09 20 53 7a 00 00 00  |.......... Sz...|
  +0x20 30 09 20 53 7a 00 00 00 00 00 00 00 00 00 00 00  |0. Sz...........|
  +0x30 00 00 00 00 00 00 00 00 00 00 00 00 00 00 00 00  |................|
  +0x40 00 00 00 00 00 00 00 00 00 00 00 00 00 00 00 00  |................|
  +0x50 00 00 00 00 00 00 00 00 00 00 00 00 00 00 00 00  |................|
  +0x60 00 00 00 00 00 00 00 00 00 00 00 00 00 00 00 00  |................|
  +0x70 00 6c 20 53 7a 00 00 00 00 00 00 00 00 00 00 00  |.l Sz...........|
  w0  +0x00 = 0x0000007a5321f690  (525380744848)
  w1  +0x08 = 0x0000000000000002  (2)
  w3  +0x18 = 0x0000007a53200900  (525380618496)
  w4  +0x20 = 0x0000007a53200930  (525380618544)
  w14 +0x70 = 0x0000007a53206c00  (525380643840)
  qcamera_get_sensor_dim -> 0x7a53206c10  {w=0 h=0}
  sensor+0x18 (capability?) = 0x7a53200900
  capability (0x7a53200900, 96 bytes):
  +0x00 00 60 c2 53 7a 00 00 00 00 10 00 00 00 00 00 00  |.`.Sz...........|
  +0x10 1c 00 00 00 00 00 00 00 10 a1 21 53 7a 00 00 00  |..........!Sz...|
  +0x20 01 00 00 00 00 00 00 00 00 00 00 00 00 00 00 00  |................|
  +0x30 00 50 c2 53 7a 00 00 00 00 10 00 00 00 00 00 00  |.P.Sz...........|
  +0x40 1d 00 00 00 00 00 00 00 10 a1 21 53 7a 00 00 00  |..........!Sz...|
  +0x50 02 00 00 00 00 00 00 00 00 00 00 00 00 00 00 00  |................|
  w0  +0x00 = 0x0000007a53c26000  (525391257600)
  w1  +0x08 = 0x0000000000001000  (4096)
  w2  +0x10 = 0x000000000000001c  (28)
  w3  +0x18 = 0x0000007a5321a110  (525380722960)
  w4  +0x20 = 0x0000000000000001  (1)
  w6  +0x30 = 0x0000007a53c25000  (525391253504)
  w7  +0x38 = 0x0000000000001000  (4096)
  w8  +0x40 = 0x000000000000001d  (29)
  w9  +0x48 = 0x0000007a5321a110  (525380722960)
  w10 +0x50 = 0x0000000000000002  (2)
  qcamera_query_sensor_info rc=0
  sensor info (0x7ffaa56950, 64 bytes):
  +0x00 80 02 00 00 e0 01 00 00 70 00 00 00 08 00 00 00  |........p.......|
  +0x10 00 00 00 00 08 00 00 00 01 00 00 00 01 00 00 00  |................|
  +0x20 00 00 00 00 02 00 00 00 00 00 00 00 00 00 00 00  |................|
  +0x30 00 00 00 00 00 00 00 00 00 00 00 00 00 00 00 00  |................|
  w0  +0x00 = 0x000001e000000280  (2061584302720)
  w1  +0x08 = 0x0000000800000070  (34359738480)
  w2  +0x10 = 0x0000000800000000  (34359738368)
  w3  +0x18 = 0x0000000100000001  (4294967297)
  w4  +0x20 = 0x0000000200000000  (8589934592)
  qcamera_query_buffer_dimensions(bpp=8, meta_row=1) rc=-89824448 -> 640x481
  qcamera_query_buffer_dimensions(bpp=8, meta_row=0) rc=-89824448 -> 640x480
  qcamera_release_sensor rc=1394638848

[+] qcamera_get_sensor(hal, 3) -> 0x7a53206c00
sensor object (0x7a53206c00, 128 bytes):
  +0x00 90 f6 21 53 7a 00 00 00 03 00 00 00 00 00 00 00  |..!Sz...........|
  +0x10 00 00 00 00 00 00 00 00 00 09 20 53 7a 00 00 00  |.......... Sz...|
  +0x20 30 09 20 53 7a 00 00 00 00 00 00 00 00 00 00 00  |0. Sz...........|
  +0x30 00 00 00 00 00 00 00 00 00 00 00 00 00 00 00 00  |................|
  +0x40 00 00 00 00 00 00 00 00 00 00 00 00 00 00 00 00  |................|
  +0x50 00 00 00 00 00 00 00 00 00 00 00 00 00 00 00 00  |................|
  +0x60 00 00 00 00 00 00 00 00 00 00 00 00 00 00 00 00  |................|
  +0x70 00 6c 20 53 7a 00 00 00 00 00 00 00 00 00 00 00  |.l Sz...........|
  w0  +0x00 = 0x0000007a5321f690  (525380744848)
  w1  +0x08 = 0x0000000000000003  (3)
  w3  +0x18 = 0x0000007a53200900  (525380618496)
  w4  +0x20 = 0x0000007a53200930  (525380618544)
  w14 +0x70 = 0x0000007a53206c00  (525380643840)
  qcamera_get_sensor_dim -> 0x7a53206c10  {w=0 h=0}
  sensor+0x18 (capability?) = 0x7a53200900
  capability (0x7a53200900, 96 bytes):
  +0x00 00 60 c2 53 7a 00 00 00 00 10 00 00 00 00 00 00  |.`.Sz...........|
  +0x10 1c 00 00 00 00 00 00 00 10 a1 21 53 7a 00 00 00  |..........!Sz...|
  +0x20 01 00 00 00 00 00 00 00 00 00 00 00 00 00 00 00  |................|
  +0x30 00 50 c2 53 7a 00 00 00 00 10 00 00 00 00 00 00  |.P.Sz...........|
  +0x40 1d 00 00 00 00 00 00 00 10 a1 21 53 7a 00 00 00  |..........!Sz...|
  +0x50 02 00 00 00 00 00 00 00 00 00 00 00 00 00 00 00  |................|
  w0  +0x00 = 0x0000007a53c26000  (525391257600)
  w1  +0x08 = 0x0000000000001000  (4096)
  w2  +0x10 = 0x000000000000001c  (28)
  w3  +0x18 = 0x0000007a5321a110  (525380722960)
  w4  +0x20 = 0x0000000000000001  (1)
  w6  +0x30 = 0x0000007a53c25000  (525391253504)
  w7  +0x38 = 0x0000000000001000  (4096)
  w8  +0x40 = 0x000000000000001d  (29)
  w9  +0x48 = 0x0000007a5321a110  (525380722960)
  w10 +0x50 = 0x0000000000000002  (2)
  qcamera_query_sensor_info rc=0
  sensor info (0x7ffaa56950, 64 bytes):
  +0x00 80 02 00 00 e0 01 00 00 70 00 00 00 08 00 00 00  |........p.......|
  +0x10 00 00 00 00 08 00 00 00 01 00 00 00 01 00 00 00  |................|
  +0x20 00 00 00 00 03 00 00 00 00 00 00 00 00 00 00 00  |................|
  +0x30 00 00 00 00 00 00 00 00 00 00 00 00 00 00 00 00  |................|
  w0  +0x00 = 0x000001e000000280  (2061584302720)
  w1  +0x08 = 0x0000000800000070  (34359738480)
  w2  +0x10 = 0x0000000800000000  (34359738368)
  w3  +0x18 = 0x0000000100000001  (4294967297)
  w4  +0x20 = 0x0000000300000000  (12884901888)
  qcamera_query_buffer_dimensions(bpp=8, meta_row=1) rc=-89824448 -> 640x481
  qcamera_query_buffer_dimensions(bpp=8, meta_row=0) rc=-89824448 -> 640x480
  qcamera_release_sensor rc=1394638848

=== STAGE 4: start all 4 sensors ===
[+] cam 0: start_sensor rc=0 started=1 fd=30
[+] cam 1: start_sensor rc=0 started=1 fd=43
[+] cam 2: start_sensor rc=0 started=1 fd=54
[+] cam 3: start_sensor rc=0 started=1 fd=66
[*] 4/4 sensors streaming

=== STAGE 4b: syncboss startCameras ===
[+] set_frame_rate(33333) rc=0
[+] set_exposure_gain(exp=8000 gain=255 x4) rc=0
[*] set_frame_tag_mode(1) rc=0
[+] syncboss_camera_start_streaming(4) rc=0  <-- FSIN strobe
[cam 0 round 0] ts=213413.822062000 size=307840 min=0 max=255 mean=35.2 -> /data/local/tmp/camdirect/cam0_000.gray
[cam 1 round 0] ts=213413.822062000 size=307840 min=0 max=255 mean=88.6 -> /data/local/tmp/camdirect/cam1_000.gray
[cam 2 round 0] ts=213413.822086000 size=307840 min=0 max=255 mean=24.0 -> /data/local/tmp/camdirect/cam2_000.gray
[cam 3 round 0] ts=213413.822086000 size=307840 min=0 max=255 mean=55.6 -> /data/local/tmp/camdirect/cam3_000.gray
[cam 0 round 1] ts=213413.841055000 size=307840 min=0 max=255 mean=96.0 -> /data/local/tmp/camdirect/cam0_001.gray
[cam 1 round 1] ts=213413.841055000 size=307840 min=0 max=255 mean=175.7 -> /data/local/tmp/camdirect/cam1_001.gray
[cam 2 round 1] ts=213413.841087000 size=307840 min=0 max=255 mean=67.7 -> /data/local/tmp/camdirect/cam2_001.gray
[cam 3 round 1] ts=213413.841087000 size=307840 min=0 max=255 mean=123.6 -> /data/local/tmp/camdirect/cam3_001.gray
[cam 0 round 2] ts=213413.855453000 size=307840 min=0 max=235 mean=4.5 -> /data/local/tmp/camdirect/cam0_002.gray
[cam 1 round 2] ts=213413.855453000 size=307840 min=0 max=235 mean=5.2 -> /data/local/tmp/camdirect/cam1_002.gray
[cam 2 round 2] ts=213413.855487000 size=307840 min=0 max=235 mean=4.5 -> /data/local/tmp/camdirect/cam2_002.gray
[cam 3 round 2] ts=213413.855487000 size=307840 min=0 max=235 mean=4.8 -> /data/local/tmp/camdirect/cam3_002.gray
[*] qcamera_close rc=1394638848
[*] camera_stop_streaming rc=0
[*] camera_release rc=0
[*] camera_deinit rc=0
[*] syncboss_deinit rc=1394638848
[+] raw syncboss CAMERA_RELEASE (type 41) -> write 3
done.
exit=0
cam0_000.gray
cam0_001.gray
cam0_002.gray
cam1_000.gray
cam1_001.gray
cam1_002.gray
cam2_000.gray
cam2_001.gray
cam2_002.gray
cam3_000.gray
cam3_001.gray
cam3_002.gray

--- results
14M	/data/local/tmp/camsnap
48
=== RESTORE ===
tracking=running hal=running enforce=Enforcing
=== DONE Thu Sep  3 09:51:29 BST 2026 ===
