=== START Thu Sep  3 11:26:36 BST 2026 ===
--- services down at Thu Sep  3 11:26:41 BST 2026
cam_direct — B1 bring-up (stage=all cam=0)
[+] dlopen /system/vendor/lib64/libqcameraoculushal.so -> 0x801935225cba2d47
[+] all 14 qcamera_* symbols resolved

=== STAGE 0b: syncboss camera power + FSIN strobe ===
[+] open /dev/syncboss_stream0 -> fd 3
[+] open /dev/syncboss0 -> fd 4
[+] raw syncboss CAMERA_PROBE (type 40) -> write 3
[+] dlopen /system/vendor/lib64/libsyncboss.so -> 0x1dd98269bb7726ab
[+] syncboss_init(&handle, NULL) rc=0 handle=0x750fe0a800
[+] syncboss_camera_probe rc=0 out=0x0f
[*] set_bpp(8) rc=0
[*] camera_init(4) rc=0

=== STAGE 1: enumerate ===
[+] qcamera_open(0) -> 0x750fe1f690
hal context (0x750fe1f690, 112 bytes):
  +0x00 00 00 00 00 00 00 00 00 00 00 00 00 00 00 00 00  |................|
  +0x10 00 00 00 00 00 00 00 00 00 00 00 00 00 00 00 00  |................|
  +0x20 00 00 00 00 00 00 00 00 00 00 00 00 00 00 00 00  |................|
  +0x30 10 a1 e1 0f 75 00 00 00 00 00 00 00 00 00 00 00  |....u...........|
  +0x40 00 00 00 00 00 00 00 00 04 00 00 00 00 00 00 00  |................|
  +0x50 00 00 00 00 00 00 00 00 00 00 00 00 00 00 00 00  |................|
  +0x60 00 00 00 00 00 00 00 00 00 00 00 00 00 00 00 00  |................|
  w6  +0x30 = 0x000000750fe1a110  (502777618704)
  w9  +0x48 = 0x0000000000000004  (4)
[+] qcamera_num_sensors() = 4  (expect 4)

[+] qcamera_get_sensor(hal, 0) -> 0x750fe06c00
sensor object (0x750fe06c00, 128 bytes):
  +0x00 90 f6 e1 0f 75 00 00 00 00 00 00 00 00 00 00 00  |....u...........|
  +0x10 00 00 00 00 00 00 00 00 00 09 e0 0f 75 00 00 00  |............u...|
  +0x20 30 09 e0 0f 75 00 00 00 00 00 00 00 00 00 00 00  |0...u...........|
  +0x30 00 00 00 00 00 00 00 00 00 00 00 00 00 00 00 00  |................|
  +0x40 00 00 00 00 00 00 00 00 00 00 00 00 00 00 00 00  |................|
  +0x50 00 00 00 00 00 00 00 00 00 00 00 00 00 00 00 00  |................|
  +0x60 00 00 00 00 00 00 00 00 00 00 00 00 00 00 00 00  |................|
  +0x70 00 6c e0 0f 75 00 00 00 00 00 00 00 00 00 00 00  |.l..u...........|
  w0  +0x00 = 0x000000750fe1f690  (502777640592)
  w3  +0x18 = 0x000000750fe00900  (502777514240)
  w4  +0x20 = 0x000000750fe00930  (502777514288)
  w14 +0x70 = 0x000000750fe06c00  (502777539584)
  qcamera_get_sensor_dim -> 0x750fe06c10  {w=0 h=0}
  sensor+0x18 (capability?) = 0x750fe00900
  capability (0x750fe00900, 96 bytes):
  +0x00 00 e0 75 10 75 00 00 00 00 10 00 00 00 00 00 00  |..u.u...........|
  +0x10 1d 00 00 00 00 00 00 00 10 a1 e1 0f 75 00 00 00  |............u...|
  +0x20 01 00 00 00 00 00 00 00 00 00 00 00 00 00 00 00  |................|
  +0x30 00 d0 75 10 75 00 00 00 00 10 00 00 00 00 00 00  |..u.u...........|
  +0x40 1e 00 00 00 00 00 00 00 10 a1 e1 0f 75 00 00 00  |............u...|
  +0x50 02 00 00 00 00 00 00 00 00 00 00 00 00 00 00 00  |................|
  w0  +0x00 = 0x000000751075e000  (502787334144)
  w1  +0x08 = 0x0000000000001000  (4096)
  w2  +0x10 = 0x000000000000001d  (29)
  w3  +0x18 = 0x000000750fe1a110  (502777618704)
  w4  +0x20 = 0x0000000000000001  (1)
  w6  +0x30 = 0x000000751075d000  (502787330048)
  w7  +0x38 = 0x0000000000001000  (4096)
  w8  +0x40 = 0x000000000000001e  (30)
  w9  +0x48 = 0x000000750fe1a110  (502777618704)
  w10 +0x50 = 0x0000000000000002  (2)
  qcamera_query_sensor_info rc=0
  sensor info (0x7ff8ec63a0, 64 bytes):
  +0x00 80 02 00 00 e0 01 00 00 70 00 00 00 08 00 00 00  |........p.......|
  +0x10 00 00 00 00 08 00 00 00 01 00 00 00 01 00 00 00  |................|
  +0x20 00 00 00 00 00 00 00 00 00 00 00 00 00 00 00 00  |................|
  +0x30 00 00 00 00 00 00 00 00 00 00 00 00 00 00 00 00  |................|
  w0  +0x00 = 0x000001e000000280  (2061584302720)
  w1  +0x08 = 0x0000000800000070  (34359738480)
  w2  +0x10 = 0x0000000800000000  (34359738368)
  w3  +0x18 = 0x0000000100000001  (4294967297)
  qcamera_query_buffer_dimensions(bpp=8, meta_row=1) rc=-118727280 -> 640x481
  qcamera_query_buffer_dimensions(bpp=8, meta_row=0) rc=-118727280 -> 640x480
  qcamera_release_sensor rc=266371072

[+] qcamera_get_sensor(hal, 1) -> 0x750fe06c00
sensor object (0x750fe06c00, 128 bytes):
  +0x00 90 f6 e1 0f 75 00 00 00 01 00 00 00 00 00 00 00  |....u...........|
  +0x10 00 00 00 00 00 00 00 00 00 09 e0 0f 75 00 00 00  |............u...|
  +0x20 30 09 e0 0f 75 00 00 00 00 00 00 00 00 00 00 00  |0...u...........|
  +0x30 00 00 00 00 00 00 00 00 00 00 00 00 00 00 00 00  |................|
  +0x40 00 00 00 00 00 00 00 00 00 00 00 00 00 00 00 00  |................|
  +0x50 00 00 00 00 00 00 00 00 00 00 00 00 00 00 00 00  |................|
  +0x60 00 00 00 00 00 00 00 00 00 00 00 00 00 00 00 00  |................|
  +0x70 00 6c e0 0f 75 00 00 00 00 00 00 00 00 00 00 00  |.l..u...........|
  w0  +0x00 = 0x000000750fe1f690  (502777640592)
  w1  +0x08 = 0x0000000000000001  (1)
  w3  +0x18 = 0x000000750fe00900  (502777514240)
  w4  +0x20 = 0x000000750fe00930  (502777514288)
  w14 +0x70 = 0x000000750fe06c00  (502777539584)
  qcamera_get_sensor_dim -> 0x750fe06c10  {w=0 h=0}
  sensor+0x18 (capability?) = 0x750fe00900
  capability (0x750fe00900, 96 bytes):
  +0x00 00 e0 75 10 75 00 00 00 00 10 00 00 00 00 00 00  |..u.u...........|
  +0x10 1d 00 00 00 00 00 00 00 10 a1 e1 0f 75 00 00 00  |............u...|
  +0x20 01 00 00 00 00 00 00 00 00 00 00 00 00 00 00 00  |................|
  +0x30 00 d0 75 10 75 00 00 00 00 10 00 00 00 00 00 00  |..u.u...........|
  +0x40 1e 00 00 00 00 00 00 00 10 a1 e1 0f 75 00 00 00  |............u...|
  +0x50 02 00 00 00 00 00 00 00 00 00 00 00 00 00 00 00  |................|
  w0  +0x00 = 0x000000751075e000  (502787334144)
  w1  +0x08 = 0x0000000000001000  (4096)
  w2  +0x10 = 0x000000000000001d  (29)
  w3  +0x18 = 0x000000750fe1a110  (502777618704)
  w4  +0x20 = 0x0000000000000001  (1)
  w6  +0x30 = 0x000000751075d000  (502787330048)
  w7  +0x38 = 0x0000000000001000  (4096)
  w8  +0x40 = 0x000000000000001e  (30)
  w9  +0x48 = 0x000000750fe1a110  (502777618704)
  w10 +0x50 = 0x0000000000000002  (2)
  qcamera_query_sensor_info rc=0
  sensor info (0x7ff8ec63a0, 64 bytes):
  +0x00 80 02 00 00 e0 01 00 00 70 00 00 00 08 00 00 00  |........p.......|
  +0x10 00 00 00 00 08 00 00 00 01 00 00 00 01 00 00 00  |................|
  +0x20 00 00 00 00 01 00 00 00 00 00 00 00 00 00 00 00  |................|
  +0x30 00 00 00 00 00 00 00 00 00 00 00 00 00 00 00 00  |................|
  w0  +0x00 = 0x000001e000000280  (2061584302720)
  w1  +0x08 = 0x0000000800000070  (34359738480)
  w2  +0x10 = 0x0000000800000000  (34359738368)
  w3  +0x18 = 0x0000000100000001  (4294967297)
  w4  +0x20 = 0x0000000100000000  (4294967296)
  qcamera_query_buffer_dimensions(bpp=8, meta_row=1) rc=-118727280 -> 640x481
  qcamera_query_buffer_dimensions(bpp=8, meta_row=0) rc=-118727280 -> 640x480
  qcamera_release_sensor rc=266371072

[+] qcamera_get_sensor(hal, 2) -> 0x750fe06c00
sensor object (0x750fe06c00, 128 bytes):
  +0x00 90 f6 e1 0f 75 00 00 00 02 00 00 00 00 00 00 00  |....u...........|
  +0x10 00 00 00 00 00 00 00 00 00 09 e0 0f 75 00 00 00  |............u...|
  +0x20 30 09 e0 0f 75 00 00 00 00 00 00 00 00 00 00 00  |0...u...........|
  +0x30 00 00 00 00 00 00 00 00 00 00 00 00 00 00 00 00  |................|
  +0x40 00 00 00 00 00 00 00 00 00 00 00 00 00 00 00 00  |................|
  +0x50 00 00 00 00 00 00 00 00 00 00 00 00 00 00 00 00  |................|
  +0x60 00 00 00 00 00 00 00 00 00 00 00 00 00 00 00 00  |................|
  +0x70 00 6c e0 0f 75 00 00 00 00 00 00 00 00 00 00 00  |.l..u...........|
  w0  +0x00 = 0x000000750fe1f690  (502777640592)
  w1  +0x08 = 0x0000000000000002  (2)
  w3  +0x18 = 0x000000750fe00900  (502777514240)
  w4  +0x20 = 0x000000750fe00930  (502777514288)
  w14 +0x70 = 0x000000750fe06c00  (502777539584)
  qcamera_get_sensor_dim -> 0x750fe06c10  {w=0 h=0}
  sensor+0x18 (capability?) = 0x750fe00900
  capability (0x750fe00900, 96 bytes):
  +0x00 00 e0 75 10 75 00 00 00 00 10 00 00 00 00 00 00  |..u.u...........|
  +0x10 1d 00 00 00 00 00 00 00 10 a1 e1 0f 75 00 00 00  |............u...|
  +0x20 01 00 00 00 00 00 00 00 00 00 00 00 00 00 00 00  |................|
  +0x30 00 d0 75 10 75 00 00 00 00 10 00 00 00 00 00 00  |..u.u...........|
  +0x40 1e 00 00 00 00 00 00 00 10 a1 e1 0f 75 00 00 00  |............u...|
  +0x50 02 00 00 00 00 00 00 00 00 00 00 00 00 00 00 00  |................|
  w0  +0x00 = 0x000000751075e000  (502787334144)
  w1  +0x08 = 0x0000000000001000  (4096)
  w2  +0x10 = 0x000000000000001d  (29)
  w3  +0x18 = 0x000000750fe1a110  (502777618704)
  w4  +0x20 = 0x0000000000000001  (1)
  w6  +0x30 = 0x000000751075d000  (502787330048)
  w7  +0x38 = 0x0000000000001000  (4096)
  w8  +0x40 = 0x000000000000001e  (30)
  w9  +0x48 = 0x000000750fe1a110  (502777618704)
  w10 +0x50 = 0x0000000000000002  (2)
  qcamera_query_sensor_info rc=0
  sensor info (0x7ff8ec63a0, 64 bytes):
  +0x00 80 02 00 00 e0 01 00 00 70 00 00 00 08 00 00 00  |........p.......|
  +0x10 00 00 00 00 08 00 00 00 01 00 00 00 01 00 00 00  |................|
  +0x20 00 00 00 00 02 00 00 00 00 00 00 00 00 00 00 00  |................|
  +0x30 00 00 00 00 00 00 00 00 00 00 00 00 00 00 00 00  |................|
  w0  +0x00 = 0x000001e000000280  (2061584302720)
  w1  +0x08 = 0x0000000800000070  (34359738480)
  w2  +0x10 = 0x0000000800000000  (34359738368)
  w3  +0x18 = 0x0000000100000001  (4294967297)
  w4  +0x20 = 0x0000000200000000  (8589934592)
  qcamera_query_buffer_dimensions(bpp=8, meta_row=1) rc=-118727280 -> 640x481
  qcamera_query_buffer_dimensions(bpp=8, meta_row=0) rc=-118727280 -> 640x480
  qcamera_release_sensor rc=266371072

[+] qcamera_get_sensor(hal, 3) -> 0x750fe06c00
sensor object (0x750fe06c00, 128 bytes):
  +0x00 90 f6 e1 0f 75 00 00 00 03 00 00 00 00 00 00 00  |....u...........|
  +0x10 00 00 00 00 00 00 00 00 00 09 e0 0f 75 00 00 00  |............u...|
  +0x20 30 09 e0 0f 75 00 00 00 00 00 00 00 00 00 00 00  |0...u...........|
  +0x30 00 00 00 00 00 00 00 00 00 00 00 00 00 00 00 00  |................|
  +0x40 00 00 00 00 00 00 00 00 00 00 00 00 00 00 00 00  |................|
  +0x50 00 00 00 00 00 00 00 00 00 00 00 00 00 00 00 00  |................|
  +0x60 00 00 00 00 00 00 00 00 00 00 00 00 00 00 00 00  |................|
  +0x70 00 6c e0 0f 75 00 00 00 00 00 00 00 00 00 00 00  |.l..u...........|
  w0  +0x00 = 0x000000750fe1f690  (502777640592)
  w1  +0x08 = 0x0000000000000003  (3)
  w3  +0x18 = 0x000000750fe00900  (502777514240)
  w4  +0x20 = 0x000000750fe00930  (502777514288)
  w14 +0x70 = 0x000000750fe06c00  (502777539584)
  qcamera_get_sensor_dim -> 0x750fe06c10  {w=0 h=0}
  sensor+0x18 (capability?) = 0x750fe00900
  capability (0x750fe00900, 96 bytes):
  +0x00 00 e0 75 10 75 00 00 00 00 10 00 00 00 00 00 00  |..u.u...........|
  +0x10 1d 00 00 00 00 00 00 00 10 a1 e1 0f 75 00 00 00  |............u...|
  +0x20 01 00 00 00 00 00 00 00 00 00 00 00 00 00 00 00  |................|
  +0x30 00 d0 75 10 75 00 00 00 00 10 00 00 00 00 00 00  |..u.u...........|
  +0x40 1e 00 00 00 00 00 00 00 10 a1 e1 0f 75 00 00 00  |............u...|
  +0x50 02 00 00 00 00 00 00 00 00 00 00 00 00 00 00 00  |................|
  w0  +0x00 = 0x000000751075e000  (502787334144)
  w1  +0x08 = 0x0000000000001000  (4096)
  w2  +0x10 = 0x000000000000001d  (29)
  w3  +0x18 = 0x000000750fe1a110  (502777618704)
  w4  +0x20 = 0x0000000000000001  (1)
  w6  +0x30 = 0x000000751075d000  (502787330048)
  w7  +0x38 = 0x0000000000001000  (4096)
  w8  +0x40 = 0x000000000000001e  (30)
  w9  +0x48 = 0x000000750fe1a110  (502777618704)
  w10 +0x50 = 0x0000000000000002  (2)
  qcamera_query_sensor_info rc=0
  sensor info (0x7ff8ec63a0, 64 bytes):
  +0x00 80 02 00 00 e0 01 00 00 70 00 00 00 08 00 00 00  |........p.......|
  +0x10 00 00 00 00 08 00 00 00 01 00 00 00 01 00 00 00  |................|
  +0x20 00 00 00 00 03 00 00 00 00 00 00 00 00 00 00 00  |................|
  +0x30 00 00 00 00 00 00 00 00 00 00 00 00 00 00 00 00  |................|
  w0  +0x00 = 0x000001e000000280  (2061584302720)
  w1  +0x08 = 0x0000000800000070  (34359738480)
  w2  +0x10 = 0x0000000800000000  (34359738368)
  w3  +0x18 = 0x0000000100000001  (4294967297)
  w4  +0x20 = 0x0000000300000000  (12884901888)
  qcamera_query_buffer_dimensions(bpp=8, meta_row=1) rc=-118727280 -> 640x481
  qcamera_query_buffer_dimensions(bpp=8, meta_row=0) rc=-118727280 -> 640x480
  qcamera_release_sensor rc=266371072

=== STAGE 4: start all 4 sensors ===
[+] cam 0: start_sensor rc=0 started=1 fd=31
[+] cam 1: start_sensor rc=0 started=1 fd=44
[+] cam 2: start_sensor rc=0 started=1 fd=55
[+] cam 3: start_sensor rc=0 started=1 fd=67
[*] 4/4 sensors streaming

=== STAGE 4b: syncboss startCameras ===
[+] set_frame_rate(33333) rc=0
[+] set_exposure_gain(exp=3000 gain=160 x4) rc=0
[*] set_frame_tag_mode(1) rc=0
[+] syncboss_camera_start_streaming(4) rc=0  <-- FSIN strobe
[cam 0 round 0] ts=219137.793670000 size=307840 min=0 max=255 mean=23.8 -> /data/local/tmp/camdirect/cam0_000.gray
[cam 1 round 0] ts=219137.793670000 size=307840 min=0 max=255 mean=59.5 -> /data/local/tmp/camdirect/cam1_000.gray
[cam 2 round 0] ts=219137.793668000 size=307840 min=0 max=255 mean=16.6 -> /data/local/tmp/camdirect/cam2_000.gray
[cam 3 round 0] ts=219137.793668000 size=307840 min=0 max=255 mean=36.8 -> /data/local/tmp/camdirect/cam3_000.gray
[cam 0 round 1] ts=219137.810174000 size=307840 min=0 max=255 mean=32.6 -> /data/local/tmp/camdirect/cam0_001.gray
[cam 1 round 1] ts=219137.810174000 size=307840 min=0 max=255 mean=84.9 -> /data/local/tmp/camdirect/cam1_001.gray
[cam 2 round 1] ts=219137.810175000 size=307840 min=0 max=255 mean=21.5 -> /data/local/tmp/camdirect/cam2_001.gray
[cam 3 round 1] ts=219137.810175000 size=307840 min=0 max=255 mean=52.8 -> /data/local/tmp/camdirect/cam3_001.gray
[cam 0 round 2] ts=219137.826999000 size=307840 min=0 max=235 mean=4.6 -> /data/local/tmp/camdirect/cam0_002.gray
[cam 1 round 2] ts=219137.826999000 size=307840 min=0 max=235 mean=5.3 -> /data/local/tmp/camdirect/cam1_002.gray
[cam 2 round 2] ts=219137.827000000 size=307840 min=0 max=235 mean=4.5 -> /data/local/tmp/camdirect/cam2_002.gray
[cam 3 round 2] ts=219137.827000000 size=307840 min=0 max=235 mean=4.9 -> /data/local/tmp/camdirect/cam3_002.gray
[*] qcamera_close rc=266371072
[*] camera_stop_streaming rc=0
[*] camera_release rc=0
[*] camera_deinit rc=0
[*] syncboss_deinit rc=266371072
[+] raw syncboss CAMERA_RELEASE (type 41) -> write 3
done.
exit=0
--- trace size
493 /data/local/tmp/ioctl_trace.log
--- distinct ioctls
    409 ?
     83 /sys/devices/virtual/misc/syncboss0/spi/control/num_cameras
      1 fd
=== RESTORE ===
tracking=running hal=running enforce=Enforcing
=== DONE Thu Sep  3 11:26:53 BST 2026 ===
